<html>
<body>
<pre>
<h1>µVision Build Log</h1>
<h2>Tool Versions:</h2>
IDE-Version: ¦ÌVision V5.28.0.0
Copyright (C) 2019 ARM Ltd and ARM Germany GmbH. All rights reserved.
License Information: null null, null, LIC=47GU5-G8A2W-DYLV3-AY1Y1-16VJJ-ICQ6I
 
Tool Versions:
Toolchain:       MDK-ARM Plus  Version: 5.28.0.0
Toolchain Path:  D:\Keil_v5\ARM\ARMCC\Bin
C Compiler:      Armcc.exe V5.06 update 6 (build 750)
Assembler:       Armasm.exe V5.06 update 6 (build 750)
Linker/Locator:  ArmLink.exe V5.06 update 6 (build 750)
Library Manager: ArmAr.exe V5.06 update 6 (build 750)
Hex Converter:   FromElf.exe V5.06 update 6 (build 750)
CPU DLL:         SARMCM3.DLL V5.28.0.0
Dialog DLL:      DCM.DLL V1.17.3.0
Target DLL:      CMSIS_AGDI.dll V1.31.18.0
Dialog DLL:      TCM.DLL V1.36.2.0
 
<h2>Project:</h2>
F:\Project\rtos_study\stm32_rtos\rtos.uvprojx
Project File Date:  05/02/2024

<h2>Output:</h2>
*** Using Compiler 'V5.06 update 6 (build 750)', folder: 'D:\Keil_v5\ARM\ARMCC\Bin'
Build target 'Target 1'
compiling main.c...
.\src\LIBS\Juan_eventButton\Juan_eventButton.h(133): warning:  #815-D: type qualifier on return type is meaningless
  const char * const JEB(event_str)(JEB(event_t) event);
src\sys_lib.h(17): warning:  #1-D: last line of file ends without a newline
  #endif
src\os_taskhelper.h(17): warning:  #1-D: last line of file ends without a newline
  #endif
src\main.c(74): warning:  #188-D: enumerated type mixed with another type
          JUAN_EVENTBUTTON_notify(&key0,key_read(0));
src\main.c(75): warning:  #188-D: enumerated type mixed with another type
          JUAN_EVENTBUTTON_notify(&key1,key_read(1));
src\main.c(76): warning:  #188-D: enumerated type mixed with another type
          JUAN_EVENTBUTTON_notify(&key2,key_read(2));
src\main.c(84): warning:  #1295-D: Deprecated declaration function_a - give arg types
  void function_a();
src\main.c: 7 warnings, 0 errors
linking...
Program Size: Code=10712 RO-data=556 RW-data=108 ZI-data=9964  
After Build - User command #1: F:\Project\rtos_study\stm32_rtos\keil-build-viewer.exe
=================================================== keil-build-viewer v1.5b ==================================================
 
[rtos.uvprojx]  [Target 1]  [STM32F103C8]
 
----------------------------------------------------------------------------------------------------------
                      FILE(s)                      |         RAM (byte)       |       FLASH (byte)       |
----------------------------------------------------------------------------------------------------------
.\src\cpu.s():                                     |           0              |          96              |
.\src\fault_trace.c():                             |         150              |         442              |
.\src\LIBS\Juan_eventButton\Juan_eventButton.c():  |           0              |        1025              |
.\src\key.c():                                     |           0              |         104              |
.\BSP\led.c():                                     |           0              |         164              |
.\src\list.c():                                    |           0              |         628              |
.\src\main.c():                                    |        7428              |         952              |
.\src\os.c():                                      |         612              |         250              |
.\src\os_cpu.c():                                  |           0              |          20              |
.\src\os_queue.c():                                |           0              |        1126              |
.\src\os_task.c():                                 |         189              |         785              |
.\src\queue.c():                                   |           0              |         678              |
.\src\stdio.c():                                   |           4              |          36              |
.\src\sys_tick.c():                                |          12              |         208              |
.\src\uart.c():                                    |           0              |         136              |
----------------------------------------------------------------------------------------------------------
LR_IROM1
        RAM 1             [0x20000000 | 0x00005000 (20480)]
                RW_IRAM1  [0x20000000]|¡ö¡õ¡õ¡õ¡õ¡õ¡õ¡õ¡õ¡õ¡õ¡õ¡õ¡õ¡õ¡õ¡õ¡õ¡õ¡õ¡õ¡õ¡õ¡õ__________________________| (   9.8 KB /  20.0 KB )  49.2%  
 
        FLASH 1           [0x08000000 | 0x00010000 (65536)]
                ER_IROM1  [0x08000000]|¡ö¡ö¡ö¡ö¡ö¡ö¡ö¡ö__________________________________________| (  11.0 KB /  64.0 KB )  17.2%  
 
Maximum Stack Usage =        208 bytes + Unknown(Functions without stacksize, Cycles, Untraceable Function Pointers)
 
=============================================================================================================================
".\Objects\rtos.axf" - 0 Error(s), 7 Warning(s).

<h2>Software Packages used:</h2>

Package Vendor: ARM
                http://www.keil.com/pack/ARM.CMSIS.5.9.0.pack
                ARM.CMSIS.5.9.0
                CMSIS (Common Microcontroller Software Interface Standard)
   * Component: CORE Version: 5.6.0

Package Vendor: Keil
                https://www.keil.com/pack/Keil.STM32F1xx_DFP.2.4.1.pack
                Keil.STM32F1xx_DFP.2.4.1
                STMicroelectronics STM32F1 Series Device Support, Drivers and Examples
   * Component: Startup Version: 1.0.0
   * Component: DMA Version: 3.6.0
   * Component: Framework Version: 3.6.0
   * Component: GPIO Version: 3.6.0
   * Component: RCC Version: 3.6.0
   * Component: USART Version: 3.6.0

<h2>Collection of Component include folders:</h2>
  .\RTE\Device\STM32F103C8
  .\RTE\_Target_1
  D:\Users\Juan\AppData\Local\Arm\Packs\ARM\CMSIS\5.9.0\CMSIS\Core\Include
  D:\Users\Juan\AppData\Local\Arm\Packs\Keil\STM32F1xx_DFP\2.4.1\Device\Include
  D:\Users\Juan\AppData\Local\Arm\Packs\Keil\STM32F1xx_DFP\2.4.1\Device\StdPeriph_Driver\inc

<h2>Collection of Component Files used:</h2>

   * Component: ARM::CMSIS:CORE:5.6.0

   * Component: Keil::Device:Startup:1.0.0
      Source file:   Device\Source\ARM\startup_stm32f10x_md.s
      Include file:  RTE_Driver\Config\RTE_Device.h
      Source file:   Device\Source\system_stm32f10x.c
      Source file:   Device\Source\ARM\STM32F1xx_OPT.s

   * Component: Keil::Device:StdPeriph Drivers:DMA:3.6.0
      Source file:   Device\StdPeriph_Driver\src\stm32f10x_dma.c
      Include file:  Device\StdPeriph_Driver\inc\stm32f10x_dma.h

   * Component: Keil::Device:StdPeriph Drivers:Framework:3.6.0
      Source file:   Device\StdPeriph_Driver\templates\stm32f10x_it.c
      Source file:   Device\StdPeriph_Driver\templates\stm32f10x_conf.h
      Include file:  Device\StdPeriph_Driver\inc\misc.h
      Include file:  Device\StdPeriph_Driver\templates\stm32f10x_it.h
      Source file:   Device\StdPeriph_Driver\src\misc.c

   * Component: Keil::Device:StdPeriph Drivers:GPIO:3.6.0
      Source file:   Device\StdPeriph_Driver\src\stm32f10x_gpio.c
      Include file:  Device\StdPeriph_Driver\inc\stm32f10x_gpio.h

   * Component: Keil::Device:StdPeriph Drivers:RCC:3.6.0
      Include file:  Device\StdPeriph_Driver\inc\stm32f10x_rcc.h
      Source file:   Device\StdPeriph_Driver\src\stm32f10x_rcc.c

   * Component: Keil::Device:StdPeriph Drivers:USART:3.6.0
      Include file:  Device\StdPeriph_Driver\inc\stm32f10x_usart.h
      Source file:   Device\StdPeriph_Driver\src\stm32f10x_usart.c
Build Time Elapsed:  00:00:00
</pre>
</body>
</html>
