Component: ARM Compiler 5.06 update 6 (build 750) Tool: armlink [4d35ed]

==============================================================================

Section Cross References

    uart.o(i.uart_dma_init) refers to rt_memclr_w.o(.text) for __aeabi_memclr4
    uart.o(i.uart_dma_init) refers to stm32f10x_dma.o(i.DMA_Init) for DMA_Init
    uart.o(i.uart_dma_init) refers to stm32f10x_dma.o(i.DMA_ITConfig) for DMA_ITConfig
    uart.o(i.uart_init) refers to stm32f10x_rcc.o(i.RCC_APB2PeriphClockCmd) for RCC_APB2PeriphClockCmd
    uart.o(i.uart_init) refers to stm32f10x_usart.o(i.USART_Init) for USART_Init
    uart.o(i.uart_init) refers to stm32f10x_usart.o(i.USART_Cmd) for USART_Cmd
    uart.o(i.uart_init) refers to stm32f10x_gpio.o(i.GPIO_Init) for GPIO_Init
    sys_tick.o(i.LLA_SYS_Time_Init) refers to system_stm32f10x.o(i.SystemCoreClockUpdate) for SystemCoreClockUpdate
    sys_tick.o(i.LLA_SYS_Time_Init) refers to sys_tick.o(i.__NVIC_SetPriority) for __NVIC_SetPriority
    sys_tick.o(i.LLA_SYS_Time_Init) refers to system_stm32f10x.o(.data) for SystemCoreClock
    sys_tick.o(i.SysTick_Handler) refers to os.o(i.os_state) for os_state
    sys_tick.o(i.SysTick_Handler) refers to os_task.o(i.os_selectNextPrioityHighestTask) for os_selectNextPrioityHighestTask
    sys_tick.o(i.SysTick_Handler) refers to os_task.o(i.os_checkDelayList) for os_checkDelayList
    sys_tick.o(i.SysTick_Handler) refers to os_queue.o(i.os_checkQueueList) for os_checkQueueList
    sys_tick.o(i.SysTick_Handler) refers to sys_tick.o(.data) for os_tick_count
    os_task.o(i.os_checkDelayList) refers to os.o(i.os_suspend) for os_suspend
    os_task.o(i.os_checkDelayList) refers to list.o(i.List_Remove) for List_Remove
    os_task.o(i.os_checkDelayList) refers to list.o(i.List_InserOrderDec) for List_InserOrderDec
    os_task.o(i.os_checkDelayList) refers to os_task.o(i.os_selectNextPrioityHighestTask) for os_selectNextPrioityHighestTask
    os_task.o(i.os_checkDelayList) refers to os.o(i.os_resume) for os_resume
    os_task.o(i.os_checkDelayList) refers to os_task.o(.bss) for osDelayList
    os_task.o(i.os_checkDelayList) refers to sys_tick.o(.data) for os_tick_count
    os_task.o(i.os_checkDelayList) refers to os_task.o(.data) for running_tcb
    os_task.o(i.os_selectNextPrioityHighestTask) refers to os.o(i.os_suspend) for os_suspend
    os_task.o(i.os_selectNextPrioityHighestTask) refers to os_task.o(i.os_switchTaskTCB) for os_switchTaskTCB
    os_task.o(i.os_selectNextPrioityHighestTask) refers to os.o(i.os_yiled) for os_yiled
    os_task.o(i.os_selectNextPrioityHighestTask) refers to os.o(i.os_resume) for os_resume
    os_task.o(i.os_selectNextPrioityHighestTask) refers to os_task.o(.bss) for osReadyList
    os_task.o(i.os_switchTaskTCB) refers to os_task.o(.data) for running_tcb
    os_task.o(i.os_task_create) refers to os.o(i.os_suspend) for os_suspend
    os_task.o(i.os_task_create) refers to strlen.o(.text) for strlen
    os_task.o(i.os_task_create) refers to strncpy.o(.text) for strncpy
    os_task.o(i.os_task_create) refers to calloc.o(.text) for calloc
    os_task.o(i.os_task_create) refers to list.o(i.List_InserOrderDec) for List_InserOrderDec
    os_task.o(i.os_task_create) refers to os.o(i.os_resume) for os_resume
    os_task.o(i.os_task_create) refers to os_task.o(i.os_task_errorExit) for os_task_errorExit
    os_task.o(i.os_task_create) refers to os_task.o(.bss) for osReadyList
    os_task.o(i.os_task_delay) refers to os.o(i.os_suspend) for os_suspend
    os_task.o(i.os_task_delay) refers to list.o(i.List_Remove) for List_Remove
    os_task.o(i.os_task_delay) refers to list.o(i.List_InserOrderInc) for List_InserOrderInc
    os_task.o(i.os_task_delay) refers to os_task.o(i.os_selectNextPrioityHighestTask) for os_selectNextPrioityHighestTask
    os_task.o(i.os_task_delay) refers to os.o(i.os_resume) for os_resume
    os_task.o(i.os_task_delay) refers to os_task.o(.data) for running_tcb
    os_task.o(i.os_task_delay) refers to sys_tick.o(.data) for os_tick_count
    os_task.o(i.os_task_delay) refers to os_task.o(.bss) for osDelayList
    os_task.o(i.os_task_delete) refers to os.o(i.os_suspend) for os_suspend
    os_task.o(i.os_task_delete) refers to list.o(i.List_Remove) for List_Remove
    os_task.o(i.os_task_delete) refers to h1_free.o(.text) for free
    os_task.o(i.os_task_delete) refers to os_task.o(i.os_selectNextPrioityHighestTask) for os_selectNextPrioityHighestTask
    os_task.o(i.os_task_delete) refers to os.o(i.os_resume) for os_resume
    os_task.o(i.os_task_delete) refers to os_task.o(.data) for running_tcb
    os_task.o(i.os_task_errorExit) refers to os.o(i.os_suspend) for os_suspend
    os_task.o(i.os_task_errorExit) refers to noretval__2printf.o(.text) for __2printf
    os_task.o(i.os_task_resume) refers to os.o(i.os_suspend) for os_suspend
    os_task.o(i.os_task_resume) refers to list.o(i.List_InserOrderInc) for List_InserOrderInc
[...]
    .ARM.Collect$$_printf_percent$$00000009  0x08000160   Section        6  _printf_d.o(.ARM.Collect$$_printf_percent$$00000009)
    .ARM.Collect$$_printf_percent$$0000000C  0x08000166   Section        6  _printf_x.o(.ARM.Collect$$_printf_percent$$0000000C)
    .ARM.Collect$$_printf_percent$$00000014  0x0800016c   Section        6  _printf_s.o(.ARM.Collect$$_printf_percent$$00000014)
    .ARM.Collect$$_printf_percent$$00000017  0x08000172   Section        4  _printf_percent_end.o(.ARM.Collect$$_printf_percent$$00000017)
    .ARM.Collect$$libinit$$00000000          0x08000176   Section        2  libinit.o(.ARM.Collect$$libinit$$00000000)
    .ARM.Collect$$libinit$$00000002          0x08000178   Section        0  libinit2.o(.ARM.Collect$$libinit$$00000002)
    .ARM.Collect$$libinit$$00000004          0x08000178   Section        0  libinit2.o(.ARM.Collect$$libinit$$00000004)
    .ARM.Collect$$libinit$$00000005          0x08000178   Section        8  libinit2.o(.ARM.Collect$$libinit$$00000005)
    .ARM.Collect$$libinit$$0000000A          0x08000180   Section        0  libinit2.o(.ARM.Collect$$libinit$$0000000A)
    .ARM.Collect$$libinit$$0000000C          0x08000180   Section        0  libinit2.o(.ARM.Collect$$libinit$$0000000C)
    .ARM.Collect$$libinit$$0000000E          0x08000180   Section        0  libinit2.o(.ARM.Collect$$libinit$$0000000E)
    .ARM.Collect$$libinit$$00000011          0x08000180   Section        0  libinit2.o(.ARM.Collect$$libinit$$00000011)
    .ARM.Collect$$libinit$$00000013          0x08000180   Section        0  libinit2.o(.ARM.Collect$$libinit$$00000013)
    .ARM.Collect$$libinit$$00000015          0x08000180   Section        0  libinit2.o(.ARM.Collect$$libinit$$00000015)
    .ARM.Collect$$libinit$$00000017          0x08000180   Section        0  libinit2.o(.ARM.Collect$$libinit$$00000017)
    .ARM.Collect$$libinit$$00000019          0x08000180   Section        0  libinit2.o(.ARM.Collect$$libinit$$00000019)
    .ARM.Collect$$libinit$$0000001B          0x08000180   Section        0  libinit2.o(.ARM.Collect$$libinit$$0000001B)
    .ARM.Collect$$libinit$$0000001D          0x08000180   Section        0  libinit2.o(.ARM.Collect$$libinit$$0000001D)
    .ARM.Collect$$libinit$$0000001F          0x08000180   Section        0  libinit2.o(.ARM.Collect$$libinit$$0000001F)
    .ARM.Collect$$libinit$$00000021          0x08000180   Section        0  libinit2.o(.ARM.Collect$$libinit$$00000021)
    .ARM.Collect$$libinit$$00000023          0x08000180   Section        0  libinit2.o(.ARM.Collect$$libinit$$00000023)
    .ARM.Collect$$libinit$$00000025          0x08000180   Section        0  libinit2.o(.ARM.Collect$$libinit$$00000025)
    .ARM.Collect$$libinit$$0000002C          0x08000180   Section        0  libinit2.o(.ARM.Collect$$libinit$$0000002C)
    .ARM.Collect$$libinit$$0000002E          0x08000180   Section        0  libinit2.o(.ARM.Collect$$libinit$$0000002E)
    .ARM.Collect$$libinit$$00000030          0x08000180   Section        0  libinit2.o(.ARM.Collect$$libinit$$00000030)
    .ARM.Collect$$libinit$$00000032          0x08000180   Section        0  libinit2.o(.ARM.Collect$$libinit$$00000032)
    .ARM.Collect$$libinit$$00000033          0x08000180   Section        2  libinit2.o(.ARM.Collect$$libinit$$00000033)
    .ARM.Collect$$libshutdown$$00000000      0x08000182   Section        2  libshutdown.o(.ARM.Collect$$libshutdown$$00000000)
    .ARM.Collect$$libshutdown$$00000002      0x08000184   Section        0  libshutdown2.o(.ARM.Collect$$libshutdown$$00000002)
    .ARM.Collect$$libshutdown$$00000004      0x08000184   Section        0  libshutdown2.o(.ARM.Collect$$libshutdown$$00000004)
    .ARM.Collect$$libshutdown$$00000007      0x08000184   Section        0  libshutdown2.o(.ARM.Collect$$libshutdown$$00000007)
    .ARM.Collect$$libshutdown$$0000000A      0x08000184   Section        0  libshutdown2.o(.ARM.Collect$$libshutdown$$0000000A)
    .ARM.Collect$$libshutdown$$0000000C      0x08000184   Section        0  libshutdown2.o(.ARM.Collect$$libshutdown$$0000000C)
    .ARM.Collect$$libshutdown$$0000000F      0x08000184   Section        0  libshutdown2.o(.ARM.Collect$$libshutdown$$0000000F)
    .ARM.Collect$$libshutdown$$00000010      0x08000184   Section        2  libshutdown2.o(.ARM.Collect$$libshutdown$$00000010)
    .ARM.Collect$$rtentry$$00000000          0x08000186   Section        0  __rtentry.o(.ARM.Collect$$rtentry$$00000000)
    .ARM.Collect$$rtentry$$00000002          0x08000186   Section        0  __rtentry2.o(.ARM.Collect$$rtentry$$00000002)
    .ARM.Collect$$rtentry$$00000004          0x08000186   Section        6  __rtentry4.o(.ARM.Collect$$rtentry$$00000004)
    .ARM.Collect$$rtentry$$00000009          0x0800018c   Section        0  __rtentry2.o(.ARM.Collect$$rtentry$$00000009)
    .ARM.Collect$$rtentry$$0000000A          0x0800018c   Section        4  __rtentry2.o(.ARM.Collect$$rtentry$$0000000A)
    .ARM.Collect$$rtentry$$0000000C          0x08000190   Section        0  __rtentry2.o(.ARM.Collect$$rtentry$$0000000C)
    .ARM.Collect$$rtentry$$0000000D          0x08000190   Section        8  __rtentry2.o(.ARM.Collect$$rtentry$$0000000D)
    .ARM.Collect$$rtexit$$00000000           0x08000198   Section        2  rtexit.o(.ARM.Collect$$rtexit$$00000000)
    .ARM.Collect$$rtexit$$00000002           0x0800019a   Section        0  rtexit2.o(.ARM.Collect$$rtexit$$00000002)
    .ARM.Collect$$rtexit$$00000003           0x0800019a   Section        4  rtexit2.o(.ARM.Collect$$rtexit$$00000003)
    .ARM.Collect$$rtexit$$00000004           0x0800019e   Section        6  rtexit2.o(.ARM.Collect$$rtexit$$00000004)
    .emb_text                                0x080001a4   Section        8  fault_trace.o(.emb_text)
    .emb_text                                0x080001ac   Section        0  maybetermalloc1.o(.emb_text)
    .text                                    0x080001ac   Section       96  cpu.o(.text)
    .text                                    0x0800020c   Section       64  startup_stm32f10x_md.o(.text)
    .text                                    0x0800024c   Section        0  calloc.o(.text)
    .text                                    0x08000274   Section        0  h1_alloc.o(.text)
    .text                                    0x080002d2   Section        0  h1_free.o(.text)
    .text                                    0x08000320   Section        0  noretval__2printf.o(.text)
    .text                                    0x08000338   Section        0  _printf_pad.o(.text)
    .text                                    0x08000386   Section        0  _printf_str.o(.text)
    .text                                    0x080003d8   Section        0  _printf_dec.o(.text)
    .text                                    0x08000450   Section        0  _printf_hex_int_ptr.o(.text)
    _printf_hex_common                       0x08000451   Thumb Code     0  _printf_hex_int_ptr.o(.text)
    .text                                    0x080004cc   Section        0  __printf_flags_wp.o(.text)
    .text                                    0x08000604   Section        0  assert.o(.text)
    .text                                    0x08000684   Section        0  strlen.o(.text)
    .text                                    0x080006c2   Section      132  rt_memmove_v6.o(.text)
    .text                                    0x08000746   Section       78  rt_memclr_w.o(.text)
    .text                                    0x08000794   Section       86  strncpy.o(.text)
    .text                                    0x080007ea   Section        0  heapauxi.o(.text)
    .text                                    0x080007f0   Section        8  rt_heap_descriptor_intlibspace.o(.text)
    .text                                    0x080007f8   Section        0  hguard.o(.text)
    .text                                    0x080007fc   Section        0  init_alloc.o(.text)
    .text                                    0x08000886   Section        0  h1_init.o(.text)
    .text                                    0x08000894   Section        0  _printf_intcommon.o(.text)
    .text                                    0x08000946   Section        0  _printf_char.o(.text)
    .text                                    0x08000974   Section        0  _printf_char_file.o(.text)
    .text                                    0x08000998   Section        0  abort.o(.text)
    .text                                    0x080009ae   Section        0  assert_puts.o(.text)
    .text                                    0x080009c2   Section      138  rt_memcpy_v6.o(.text)
    .text                                    0x08000a4c   Section      100  rt_memcpy_w.o(.text)
    .text                                    0x08000ab0   Section      122  rt_memmove_w.o(.text)
    .text                                    0x08000b2a   Section       68  rt_memclr.o(.text)
    .text                                    0x08000b6e   Section        0  sys_wrch.o(.text)
    .text                                    0x08000b7c   Section        8  libspace.o(.text)
    .text                                    0x08000b84   Section        0  h1_extend.o(.text)
    .text                                    0x08000bb8   Section        0  _printf_char_common.o(.text)
    _printf_input_char                       0x08000bb9   Thumb Code    10  _printf_char_common.o(.text)
    .text                                    0x08000be8   Section        0  ferror.o(.text)
    .text                                    0x08000bf0   Section        0  defsig_abrt_outer.o(.text)
    .text                                    0x08000bfe   Section        0  defsig_rtmem_outer.o(.text)
    .text                                    0x08000c0c   Section        2  use_no_semi.o(.text)
    .text                                    0x08000c0e   Section       74  sys_stackheap_outer.o(.text)
    .text                                    0x08000c0e   Section        0  indicate_semi.o(.text)
    .text                                    0x08000c58   Section        0  exit.o(.text)
    .text                                    0x08000c6a   Section        0  defsig_exit.o(.text)
    .text                                    0x08000c74   Section        0  defsig_abrt_inner.o(.text)
    .text                                    0x08000ca4   Section        0  defsig_rtmem_inner.o(.text)
    .text                                    0x08000cf4   Section        0  defsig_general.o(.text)
    i.GPIO_Init                              0x08000d26   Section        0  stm32f10x_gpio.o(i.GPIO_Init)
    i.GPIO_ReadInputDataBit                  0x08000e3c   Section        0  stm32f10x_gpio.o(i.GPIO_ReadInputDataBit)
    i.GPIO_ReadOutputDataBit                 0x08000e4e   Section        0  stm32f10x_gpio.o(i.GPIO_ReadOutputDataBit)
    i.GPIO_WriteBit                          0x08000e60   Section        0  stm32f10x_gpio.o(i.GPIO_WriteBit)
    i.JUAN_EVENTBUTTON_init                  0x08000e6c   Section        0  juan_eventbutton.o(i.JUAN_EVENTBUTTON_init)
    i.JUAN_EVENTBUTTON_notify                0x08000f00   Section        0  juan_eventbutton.o(i.JUAN_EVENTBUTTON_notify)
    i.JUAN_EVENTBUTTON_poll                  0x08000f50   Section        0  juan_eventbutton.o(i.JUAN_EVENTBUTTON_poll)
    i.LLA_SYS_Time_Init                      0x080010ec   Section        0  sys_tick.o(i.LLA_SYS_Time_Init)
    i.List_Initialise                        0x08001138   Section        0  list.o(i.List_Initialise)
    i.List_InserOrderDec                     0x0800116c   Section        0  list.o(i.List_InserOrderDec)
    i.List_InserOrderInc                     0x080011f8   Section        0  list.o(i.List_InserOrderInc)
    i.List_InsertEnd                         0x08001284   Section        0  list.o(i.List_InsertEnd)
    i.List_Remove                            0x080012ec   Section        0  list.o(i.List_Remove)
    i.OS_QUEUE_ISEMPTY                       0x08001370   Section        0  os_queue.o(i.OS_QUEUE_ISEMPTY)
    OS_QUEUE_ISEMPTY                         0x08001371   Thumb Code    48  os_queue.o(i.OS_QUEUE_ISEMPTY)
    i.OS_QUEUE_ISFULL                        0x080013a4   Section        0  os_queue.o(i.OS_QUEUE_ISFULL)
    OS_QUEUE_ISFULL                          0x080013a5   Thumb Code    32  os_queue.o(i.OS_QUEUE_ISFULL)
    i.RCC_APB2PeriphClockCmd                 0x080013c8   Section        0  stm32f10x_rcc.o(i.RCC_APB2PeriphClockCmd)
    i.RCC_GetClocksFreq                      0x080013e8   Section        0  stm32f10x_rcc.o(i.RCC_GetClocksFreq)
    i.SetSysClock                            0x080014bc   Section        0  system_stm32f10x.o(i.SetSysClock)
    SetSysClock                              0x080014bd   Thumb Code     8  system_stm32f10x.o(i.SetSysClock)
    i.SetSysClockTo72                        0x080014c4   Section        0  system_stm32f10x.o(i.SetSysClockTo72)
    SetSysClockTo72                          0x080014c5   Thumb Code   214  system_stm32f10x.o(i.SetSysClockTo72)
    i.SysTick_Handler                        0x080015a4   Section        0  sys_tick.o(i.SysTick_Handler)
    i.SystemCoreClockUpdate                  0x080015f4   Section        0  system_stm32f10x.o(i.SystemCoreClockUpdate)
    i.SystemInit                             0x08001698   Section        0  system_stm32f10x.o(i.SystemInit)
    i.USART_Cmd                              0x080016f8   Section        0  stm32f10x_usart.o(i.USART_Cmd)
    i.USART_Init                             0x08001710   Section        0  stm32f10x_usart.o(i.USART_Init)
    i.__NVIC_SetPriority                     0x080017e8   Section        0  sys_tick.o(i.__NVIC_SetPriority)
    __NVIC_SetPriority                       0x080017e9   Thumb Code    32  sys_tick.o(i.__NVIC_SetPriority)
    i._is_digit                              0x08001810   Section        0  __printf_wp.o(i._is_digit)
    i._sys_exit                              0x0800181e   Section        0  stdio.o(i._sys_exit)
    i.bsp_printf                             0x08001824   Section        0  main.o(i.bsp_printf)
    i.bsp_task1                              0x08001880   Section        0  main.o(i.bsp_task1)
    i.bsp_task1_create                       0x08001888   Section        0  main.o(i.bsp_task1_create)
    i.bsp_task2                              0x080018b8   Section        0  main.o(i.bsp_task2)
    i.bsp_task2_create                       0x080018c0   Section        0  main.o(i.bsp_task2_create)
    i.check_pressed                          0x080018f0   Section        0  juan_eventbutton.o(i.check_pressed)
    check_pressed                            0x080018f1   Thumb Code    28  juan_eventbutton.o(i.check_pressed)
    i.check_sp                               0x0800190c   Section        0  fault_trace.o(i.check_sp)
    i.create_user_task                       0x08001938   Section        0  os.o(i.create_user_task)
    create_user_task                         0x08001939   Thumb Code    22  os.o(i.create_user_task)
    i.disassembly_ins_is_bl_blx              0x08001958   Section        0  fault_trace.o(i.disassembly_ins_is_bl_blx)
    disassembly_ins_is_bl_blx                0x08001959   Thumb Code    48  fault_trace.o(i.disassembly_ins_is_bl_blx)
    i.fault_init                             0x08001988   Section        0  fault_trace.o(i.fault_init)
    i.fault_test_by_div0                     0x08001994   Section        0  main.o(i.fault_test_by_div0)
    i.fault_trace                            0x080019c4   Section        0  fault_trace.o(i.fault_trace)
    i.fputc                                  0x08001acc   Section        0  stdio.o(i.fputc)
    i.function_a                             0x08001ae8   Section        0  main.o(i.function_a)
    i.function_b                             0x08001af0   Section        0  main.o(i.function_b)
    i.function_c                             0x08001af8   Section        0  main.o(i.function_c)
    i.get_stack_info                         0x08001b00   Section        0  fault_trace.o(i.get_stack_info)
    i.idle_task                              0x08001b2c   Section        0  os.o(i.idle_task)
    i.jeb_comm_cb                            0x08001b34   Section        0  juan_eventbutton.o(i.jeb_comm_cb)
    jeb_comm_cb                              0x08001b35   Thumb Code   126  juan_eventbutton.o(i.jeb_comm_cb)
    i.keyCheck                               0x08001c28   Section        0  main.o(i.keyCheck)
    i.keyCheck_create                        0x08001c90   Section        0  main.o(i.keyCheck_create)
    i.key_callback                           0x08001cc0   Section        0  main.o(i.key_callback)
    key_callback                             0x08001cc1   Thumb Code    50  main.o(i.key_callback)
    i.key_init                               0x08001d00   Section        0  key.o(i.key_init)
    i.key_read                               0x08001d30   Section        0  key.o(i.key_read)
    i.led0Task                               0x08001d68   Section        0  main.o(i.led0Task)
    i.led0Task_create                        0x08001d8c   Section        0  main.o(i.led0Task_create)
    i.led1Task                               0x08001dbc   Section        0  main.o(i.led1Task)
    i.led1Task_create                        0x08001de0   Section        0  main.o(i.led1Task_create)
    i.led_init                               0x08001e10   Section        0  led.o(i.led_init)
    i.led_toggle                             0x08001e64   Section        0  led.o(i.led_toggle)
    i.list_InsertPosAfter                    0x08001eb4   Section        0  list.o(i.list_InsertPosAfter)
    list_InsertPosAfter                      0x08001eb5   Thumb Code    30  list.o(i.list_InsertPosAfter)
    i.list_InsertPosBefore                   0x08001ed2   Section        0  list.o(i.list_InsertPosBefore)
    list_InsertPosBefore                     0x08001ed3   Thumb Code    30  list.o(i.list_InsertPosBefore)
    i.main                                   0x08001ef0   Section        0  main.o(i.main)
    i.ms_passed                              0x08001f8c   Section        0  juan_eventbutton.o(i.ms_passed)
    ms_passed                                0x08001f8d   Thumb Code    16  juan_eventbutton.o(i.ms_passed)
    i.o_queue_read                           0x08001f9c   Section        0  os_queue.o(i.o_queue_read)
    o_queue_read                             0x08001f9d   Thumb Code    32  os_queue.o(i.o_queue_read)
    i.o_queue_write                          0x08001fc0   Section        0  os_queue.o(i.o_queue_write)
    o_queue_write                            0x08001fc1   Thumb Code    32  os_queue.o(i.o_queue_write)
    i.osQueueResumeTask                      0x08001fe4   Section        0  os_queue.o(i.osQueueResumeTask)
    i.osQueueResumeTaskTimeOut               0x080020c0   Section        0  os_queue.o(i.osQueueResumeTaskTimeOut)
    i.os_checkDelayList                      0x0800216c   Section        0  os_task.o(i.os_checkDelayList)
    i.os_checkQueueList                      0x08002214   Section        0  os_queue.o(i.os_checkQueueList)
    i.os_cpu_req_svc                         0x0800222c   Section        0  os_cpu.o(i.os_cpu_req_svc)
    i.os_init                                0x08002240   Section        0  os.o(i.os_init)
    i.os_queue_create                        0x0800226c   Section        0  os_queue.o(i.os_queue_create)
    i.os_queue_read                          0x080022b0   Section        0  os_queue.o(i.os_queue_read)
    i.os_queue_write                         0x080023a8   Section        0  os_queue.o(i.os_queue_write)
    i.os_resume                              0x08002494   Section        0  os.o(i.os_resume)
    i.os_selectNextPrioityHighestTask        0x080024bc   Section        0  os_task.o(i.os_selectNextPrioityHighestTask)
    i.os_start                               0x0800253c   Section        0  os.o(i.os_start)
    i.os_state                               0x08002580   Section        0  os.o(i.os_state)
    i.os_suspend                             0x0800258c   Section        0  os.o(i.os_suspend)
    i.os_switchTaskTCB                       0x080025a8   Section        0  os_task.o(i.os_switchTaskTCB)
    i.os_task_create                         0x080025c8   Section        0  os_task.o(i.os_task_create)
    i.os_task_delay                          0x08002710   Section        0  os_task.o(i.os_task_delay)
    i.os_task_errorExit                      0x08002764   Section        0  os_task.o(i.os_task_errorExit)
    i.os_yiled                               0x08002788   Section        0  os.o(i.os_yiled)
    i.pendSVC_enter                          0x08002790   Section        0  os.o(i.pendSVC_enter)
    i.pendSVC_exit                           0x08002792   Section        0  os.o(i.pendSVC_exit)
    i.queue_convert_index                    0x08002794   Section        0  queue.o(i.queue_convert_index)
    queue_convert_index                      0x08002795   Thumb Code    16  queue.o(i.queue_convert_index)
    i.queue_create                           0x080027a4   Section        0  queue.o(i.queue_create)
    i.queue_get_len                          0x0800280e   Section        0  queue.o(i.queue_get_len)
    i.queue_get_read_index                   0x08002882   Section        0  queue.o(i.queue_get_read_index)
    queue_get_read_index                     0x08002883   Thumb Code    14  queue.o(i.queue_get_read_index)
    i.queue_get_write_index                  0x08002890   Section        0  queue.o(i.queue_get_write_index)
    queue_get_write_index                    0x08002891   Thumb Code    14  queue.o(i.queue_get_write_index)
    i.queue_isFull                           0x0800289e   Section        0  queue.o(i.queue_isFull)
    i.queue_move_read_index                  0x080028ba   Section        0  queue.o(i.queue_move_read_index)
    queue_move_read_index                    0x080028bb   Thumb Code    54  queue.o(i.queue_move_read_index)
    i.queue_move_write_index                 0x080028f0   Section        0  queue.o(i.queue_move_write_index)
    queue_move_write_index                   0x080028f1   Thumb Code    70  queue.o(i.queue_move_write_index)
    i.queue_read                             0x08002936   Section        0  queue.o(i.queue_read)
    i.queue_write                            0x080029c0   Section        0  queue.o(i.queue_write)
    i.uart_init                              0x08002a3c   Section        0  uart.o(i.uart_init)
    .constdata                               0x08002ac4   Section       40  _printf_hex_int_ptr.o(.constdata)
    uc_hextab                                0x08002ac4   Data          20  _printf_hex_int_ptr.o(.constdata)
    lc_hextab                                0x08002ad8   Data          20  _printf_hex_int_ptr.o(.constdata)
    .constdata                               0x08002aec   Section       17  __printf_flags_wp.o(.constdata)
    maptable                                 0x08002aec   Data          17  __printf_flags_wp.o(.constdata)
    .conststring                             0x08002b00   Section       97  juan_eventbutton.o(.conststring)
    .conststrlit                             0x08002b64   Section       88  main.o(.conststrlit)
    osTaskCreate                             0x08002bdc   Section       40  main.o(osTaskCreate)
    .data                                    0x20000000   Section        4  stdio.o(.data)
    .data                                    0x20000004   Section       12  sys_tick.o(.data)
    System_ms                                0x20000004   Data           4  sys_tick.o(.data)
    timeSliceTicks                           0x20000008   Data           4  sys_tick.o(.data)
    .data                                    0x20000010   Section        9  os_task.o(.data)
    .data                                    0x2000001c   Section        8  os.o(.data)
    _os_state                                0x2000001c   Data           1  os.o(.data)
    os_suspend_cnt                           0x20000020   Data           4  os.o(.data)
    .data                                    0x20000024   Section        8  main.o(.data)
    .data                                    0x2000002c   Section       22  fault_trace.o(.data)
    .data                                    0x20000042   Section       20  stm32f10x_rcc.o(.data)
    APBAHBPrescTable                         0x20000042   Data          16  stm32f10x_rcc.o(.data)
    ADCPrescTable                            0x20000052   Data           4  stm32f10x_rcc.o(.data)
    .data                                    0x20000058   Section       20  system_stm32f10x.o(.data)
    .bss                                     0x2000006c   Section      180  os_task.o(.bss)
    .bss                                     0x20000120   Section      604  os.o(.bss)
    .bss                                     0x2000037c   Section     7420  main.o(.bss)
    .bss                                     0x20002078   Section      128  fault_trace.o(.bss)
    .bss                                     0x200020f8   Section       96  libspace.o(.bss)
    HEAP                                     0x20002158   Section      512  startup_stm32f10x_md.o(HEAP)
    Heap_Mem                                 0x20002158   Data         512  startup_stm32f10x_md.o(HEAP)
    STACK                                    0x20002358   Section     1024  startup_stm32f10x_md.o(STACK)
    Stack_Mem                                0x20002358   Data        1024  startup_stm32f10x_md.o(STACK)
    __initial_sp                             0x20002758   Data           0  startup_stm32f10x_md.o(STACK)

    Global Symbols

    Symbol Name                              Value     Ov Type        Size  Object(Section)

    BuildAttributes$$THM_ISAv4$P$D$K$B$S$PE$A:L22UL41UL21$X:L11$S22US41US21$IEEE1$IW$USESV6$~STKCKD$USESV7$~SHL$OTIME$ROPI$EBA8$UX$STANDARDLIB$REQ8$PRES8$EABIv2 0x00000000   Number         0  anon$$obj.o ABSOLUTE
    __ARM_use_no_argv                        0x00000000   Number         0  main.o ABSOLUTE
    _printf_flags                            0x00000000   Number         0  printf_stubs.o ABSOLUTE
    _printf_return_value                     0x00000000   Number         0  printf_stubs.o ABSOLUTE
    _printf_sizespec                         0x00000000   Number         0  printf_stubs.o ABSOLUTE
    _printf_widthprec                        0x00000000   Number         0  printf_stubs.o ABSOLUTE
    __ARM_exceptions_init                     - Undefined Weak Reference
    __alloca_initialize                       - Undefined Weak Reference
    __arm_preinit_                            - Undefined Weak Reference
    __cpp_initialize__aeabi_                  - Undefined Weak Reference
    __cxa_finalize                            - Undefined Weak Reference
    __rt_locale                               - Undefined Weak Reference
    __sigvec_lookup                           - Undefined Weak Reference
    __user_heap_extent                        - Undefined Weak Reference
    _atexit_init                              - Undefined Weak Reference
    _call_atexit_fns                          - Undefined Weak Reference
    _clock_init                               - Undefined Weak Reference
    _fp_trap_init                             - Undefined Weak Reference
    _fp_trap_shutdown                         - Undefined Weak Reference
    _get_lc_collate                           - Undefined Weak Reference
    _get_lc_ctype                             - Undefined Weak Reference
    _get_lc_monetary                          - Undefined Weak Reference
    _get_lc_numeric                           - Undefined Weak Reference
    _get_lc_time                              - Undefined Weak Reference
    _getenv_init                              - Undefined Weak Reference
    _handle_redirection                       - Undefined Weak Reference
    _initio                                   - Undefined Weak Reference
    _mutex_acquire                            - Undefined Weak Reference
    _mutex_free                               - Undefined Weak Reference
    _mutex_release                            - Undefined Weak Reference
    _printf_mbtowc                            - Undefined Weak Reference
    _printf_truncate_signed                   - Undefined Weak Reference
    _printf_truncate_unsigned                 - Undefined Weak Reference
    _rand_init                                - Undefined Weak Reference
    _signal_finish                            - Undefined Weak Reference
    _signal_init                              - Undefined Weak Reference
    _terminateio                              - Undefined Weak Reference
    __Vectors_Size                           0x000000ec   Number         0  startup_stm32f10x_md.o ABSOLUTE
    Image$$ER_IROM1$$Base                    0x08000000   Number         0  anon$$obj.o ABSOLUTE
    __Vectors                                0x08000000   Data           4  startup_stm32f10x_md.o(RESET)
    __Vectors_End                            0x080000ec   Data           0  startup_stm32f10x_md.o(RESET)
    __main                                   0x080000ed   Thumb Code     8  __main.o(!!!main)
    __scatterload                            0x080000f5   Thumb Code     0  __scatter.o(!!!scatter)
    __scatterload_rt2                        0x080000f5   Thumb Code    44  __scatter.o(!!!scatter)
    __scatterload_rt2_thumb_only             0x080000f5   Thumb Code     0  __scatter.o(!!!scatter)
    __scatterload_null                       0x08000103   Thumb Code     0  __scatter.o(!!!scatter)
    __scatterload_copy                       0x08000129   Thumb Code    26  __scatter_copy.o(!!handler_copy)
    __scatterload_zeroinit                   0x08000145   Thumb Code    28  __scatter_zi.o(!!handler_zi)
    _printf_d                                0x08000161   Thumb Code     0  _printf_d.o(.ARM.Collect$$_printf_percent$$00000009)
    _printf_percent                          0x08000161   Thumb Code     0  _printf_percent.o(.ARM.Collect$$_printf_percent$$00000000)
    _printf_x                                0x08000167   Thumb Code     0  _printf_x.o(.ARM.Collect$$_printf_percent$$0000000C)
    _printf_s                                0x0800016d   Thumb Code     0  _printf_s.o(.ARM.Collect$$_printf_percent$$00000014)
    _printf_percent_end                      0x08000173   Thumb Code     0  _printf_percent_end.o(.ARM.Collect$$_printf_percent$$00000017)
    __rt_lib_init                            0x08000177   Thumb Code     0  libinit.o(.ARM.Collect$$libinit$$00000000)
    __rt_lib_init_fp_1                       0x08000179   Thumb Code     0  libinit2.o(.ARM.Collect$$libinit$$00000002)
    __rt_lib_init_heap_2                     0x08000179   Thumb Code     0  libinit2.o(.ARM.Collect$$libinit$$00000005)
    __rt_lib_init_preinit_1                  0x08000179   Thumb Code     0  libinit2.o(.ARM.Collect$$libinit$$00000004)
    __rt_lib_init_alloca_1                   0x08000181   Thumb Code     0  libinit2.o(.ARM.Collect$$libinit$$0000002E)
    __rt_lib_init_argv_1                     0x08000181   Thumb Code     0  libinit2.o(.ARM.Collect$$libinit$$0000002C)
    __rt_lib_init_atexit_1                   0x08000181   Thumb Code     0  libinit2.o(.ARM.Collect$$libinit$$0000001B)
    __rt_lib_init_clock_1                    0x08000181   Thumb Code     0  libinit2.o(.ARM.Collect$$libinit$$00000021)
    __rt_lib_init_cpp_1                      0x08000181   Thumb Code     0  libinit2.o(.ARM.Collect$$libinit$$00000032)
    __rt_lib_init_exceptions_1               0x08000181   Thumb Code     0  libinit2.o(.ARM.Collect$$libinit$$00000030)
    __rt_lib_init_fp_trap_1                  0x08000181   Thumb Code     0  libinit2.o(.ARM.Collect$$libinit$$0000001F)
    __rt_lib_init_getenv_1                   0x08000181   Thumb Code     0  libinit2.o(.ARM.Collect$$libinit$$00000023)
    __rt_lib_init_heap_1                     0x08000181   Thumb Code     0  libinit2.o(.ARM.Collect$$libinit$$0000000A)
    __rt_lib_init_lc_collate_1               0x08000181   Thumb Code     0  libinit2.o(.ARM.Collect$$libinit$$00000011)
    __rt_lib_init_lc_ctype_1                 0x08000181   Thumb Code     0  libinit2.o(.ARM.Collect$$libinit$$00000013)
    __rt_lib_init_lc_monetary_1              0x08000181   Thumb Code     0  libinit2.o(.ARM.Collect$$libinit$$00000015)
    __rt_lib_init_lc_numeric_1               0x08000181   Thumb Code     0  libinit2.o(.ARM.Collect$$libinit$$00000017)
    __rt_lib_init_lc_time_1                  0x08000181   Thumb Code     0  libinit2.o(.ARM.Collect$$libinit$$00000019)
    __rt_lib_init_rand_1                     0x08000181   Thumb Code     0  libinit2.o(.ARM.Collect$$libinit$$0000000E)
    __rt_lib_init_return                     0x08000181   Thumb Code     0  libinit2.o(.ARM.Collect$$libinit$$00000033)
    __rt_lib_init_signal_1                   0x08000181   Thumb Code     0  libinit2.o(.ARM.Collect$$libinit$$0000001D)
    __rt_lib_init_stdio_1                    0x08000181   Thumb Code     0  libinit2.o(.ARM.Collect$$libinit$$00000025)
    __rt_lib_init_user_alloc_1               0x08000181   Thumb Code     0  libinit2.o(.ARM.Collect$$libinit$$0000000C)
    __rt_lib_shutdown                        0x08000183   Thumb Code     0  libshutdown.o(.ARM.Collect$$libshutdown$$00000000)
    __rt_lib_shutdown_cpp_1                  0x08000185   Thumb Code     0  libshutdown2.o(.ARM.Collect$$libshutdown$$00000002)
    __rt_lib_shutdown_fp_trap_1              0x08000185   Thumb Code     0  libshutdown2.o(.ARM.Collect$$libshutdown$$00000007)
    __rt_lib_shutdown_heap_1                 0x08000185   Thumb Code     0  libshutdown2.o(.ARM.Collect$$libshutdown$$0000000F)
    __rt_lib_shutdown_return                 0x08000185   Thumb Code     0  libshutdown2.o(.ARM.Collect$$libshutdown$$00000010)
    __rt_lib_shutdown_signal_1               0x08000185   Thumb Code     0  libshutdown2.o(.ARM.Collect$$libshutdown$$0000000A)
    __rt_lib_shutdown_stdio_1                0x08000185   Thumb Code     0  libshutdown2.o(.ARM.Collect$$libshutdown$$00000004)
    __rt_lib_shutdown_user_alloc_1           0x08000185   Thumb Code     0  libshutdown2.o(.ARM.Collect$$libshutdown$$0000000C)
    __rt_entry                               0x08000187   Thumb Code     0  __rtentry.o(.ARM.Collect$$rtentry$$00000000)
    __rt_entry_presh_1                       0x08000187   Thumb Code     0  __rtentry2.o(.ARM.Collect$$rtentry$$00000002)
    __rt_entry_sh                            0x08000187   Thumb Code     0  __rtentry4.o(.ARM.Collect$$rtentry$$00000004)
    __rt_entry_li                            0x0800018d   Thumb Code     0  __rtentry2.o(.ARM.Collect$$rtentry$$0000000A)
    __rt_entry_postsh_1                      0x0800018d   Thumb Code     0  __rtentry2.o(.ARM.Collect$$rtentry$$00000009)
    __rt_entry_main                          0x08000191   Thumb Code     0  __rtentry2.o(.ARM.Collect$$rtentry$$0000000D)
    __rt_entry_postli_1                      0x08000191   Thumb Code     0  __rtentry2.o(.ARM.Collect$$rtentry$$0000000C)
    __rt_exit                                0x08000199   Thumb Code     0  rtexit.o(.ARM.Collect$$rtexit$$00000000)
    __rt_exit_ls                             0x0800019b   Thumb Code     0  rtexit2.o(.ARM.Collect$$rtexit$$00000003)
    __rt_exit_prels_1                        0x0800019b   Thumb Code     0  rtexit2.o(.ARM.Collect$$rtexit$$00000002)
    __rt_exit_exit                           0x0800019f   Thumb Code     0  rtexit2.o(.ARM.Collect$$rtexit$$00000004)
    HardFault_Handler                        0x080001a5   Thumb Code     8  fault_trace.o(.emb_text)
    PendSV_Handler                           0x080001ad   Thumb Code     0  cpu.o(.text)
    _maybe_terminate_alloc                   0x080001ad   Thumb Code     0  maybetermalloc1.o(.emb_text)
    init_cpu                                 0x080001f9   Thumb Code     0  cpu.o(.text)
    Reset_Handler                            0x0800020d   Thumb Code     8  startup_stm32f10x_md.o(.text)
    NMI_Handler                              0x08000215   Thumb Code     2  startup_stm32f10x_md.o(.text)
    MemManage_Handler                        0x08000219   Thumb Code     2  startup_stm32f10x_md.o(.text)
    BusFault_Handler                         0x0800021b   Thumb Code     2  startup_stm32f10x_md.o(.text)
    UsageFault_Handler                       0x0800021d   Thumb Code     2  startup_stm32f10x_md.o(.text)
    SVC_Handler                              0x0800021f   Thumb Code     2  startup_stm32f10x_md.o(.text)
    DebugMon_Handler                         0x08000221   Thumb Code     2  startup_stm32f10x_md.o(.text)
    ADC1_2_IRQHandler                        0x08000227   Thumb Code     0  startup_stm32f10x_md.o(.text)
    CAN1_RX1_IRQHandler                      0x08000227   Thumb Code     0  startup_stm32f10x_md.o(.text)
    CAN1_SCE_IRQHandler                      0x08000227   Thumb Code     0  startup_stm32f10x_md.o(.text)
    DMA1_Channel1_IRQHandler                 0x08000227   Thumb Code     0  startup_stm32f10x_md.o(.text)
    DMA1_Channel2_IRQHandler                 0x08000227   Thumb Code     0  startup_stm32f10x_md.o(.text)
    DMA1_Channel3_IRQHandler                 0x08000227   Thumb Code     0  startup_stm32f10x_md.o(.text)
    DMA1_Channel4_IRQHandler                 0x08000227   Thumb Code     0  startup_stm32f10x_md.o(.text)
    DMA1_Channel5_IRQHandler                 0x08000227   Thumb Code     0  startup_stm32f10x_md.o(.text)
    DMA1_Channel6_IRQHandler                 0x08000227   Thumb Code     0  startup_stm32f10x_md.o(.text)
    DMA1_Channel7_IRQHandler                 0x08000227   Thumb Code     0  startup_stm32f10x_md.o(.text)
    EXTI0_IRQHandler                         0x08000227   Thumb Code     0  startup_stm32f10x_md.o(.text)
    EXTI15_10_IRQHandler                     0x08000227   Thumb Code     0  startup_stm32f10x_md.o(.text)
    EXTI1_IRQHandler                         0x08000227   Thumb Code     0  startup_stm32f10x_md.o(.text)
    EXTI2_IRQHandler                         0x08000227   Thumb Code     0  startup_stm32f10x_md.o(.text)
    EXTI3_IRQHandler                         0x08000227   Thumb Code     0  startup_stm32f10x_md.o(.text)
    EXTI4_IRQHandler                         0x08000227   Thumb Code     0  startup_stm32f10x_md.o(.text)
    EXTI9_5_IRQHandler                       0x08000227   Thumb Code     0  startup_stm32f10x_md.o(.text)
    FLASH_IRQHandler                         0x08000227   Thumb Code     0  startup_stm32f10x_md.o(.text)
    I2C1_ER_IRQHandler                       0x08000227   Thumb Code     0  startup_stm32f10x_md.o(.text)
    I2C1_EV_IRQHandler                       0x08000227   Thumb Code     0  startup_stm32f10x_md.o(.text)
    I2C2_ER_IRQHandler                       0x08000227   Thumb Code     0  startup_stm32f10x_md.o(.text)
    I2C2_EV_IRQHandler                       0x08000227   Thumb Code     0  startup_stm32f10x_md.o(.text)
    PVD_IRQHandler                           0x08000227   Thumb Code     0  startup_stm32f10x_md.o(.text)
    RCC_IRQHandler                           0x08000227   Thumb Code     0  startup_stm32f10x_md.o(.text)
    RTCAlarm_IRQHandler                      0x08000227   Thumb Code     0  startup_stm32f10x_md.o(.text)
    RTC_IRQHandler                           0x08000227   Thumb Code     0  startup_stm32f10x_md.o(.text)
    SPI1_IRQHandler                          0x08000227   Thumb Code     0  startup_stm32f10x_md.o(.text)
    SPI2_IRQHandler                          0x08000227   Thumb Code     0  startup_stm32f10x_md.o(.text)
    TAMPER_IRQHandler                        0x08000227   Thumb Code     0  startup_stm32f10x_md.o(.text)
    TIM1_BRK_IRQHandler                      0x08000227   Thumb Code     0  startup_stm32f10x_md.o(.text)
    TIM1_CC_IRQHandler                       0x08000227   Thumb Code     0  startup_stm32f10x_md.o(.text)
    TIM1_TRG_COM_IRQHandler                  0x08000227   Thumb Code     0  startup_stm32f10x_md.o(.text)
    TIM1_UP_IRQHandler                       0x08000227   Thumb Code     0  startup_stm32f10x_md.o(.text)
    TIM2_IRQHandler                          0x08000227   Thumb Code     0  startup_stm32f10x_md.o(.text)
    TIM3_IRQHandler                          0x08000227   Thumb Code     0  startup_stm32f10x_md.o(.text)
    TIM4_IRQHandler                          0x08000227   Thumb Code     0  startup_stm32f10x_md.o(.text)
    USART1_IRQHandler                        0x08000227   Thumb Code     0  startup_stm32f10x_md.o(.text)
    USART2_IRQHandler                        0x08000227   Thumb Code     0  startup_stm32f10x_md.o(.text)
    USART3_IRQHandler                        0x08000227   Thumb Code     0  startup_stm32f10x_md.o(.text)
    USBWakeUp_IRQHandler                     0x08000227   Thumb Code     0  startup_stm32f10x_md.o(.text)
    USB_HP_CAN1_TX_IRQHandler                0x08000227   Thumb Code     0  startup_stm32f10x_md.o(.text)
    USB_LP_CAN1_RX0_IRQHandler               0x08000227   Thumb Code     0  startup_stm32f10x_md.o(.text)
    WWDG_IRQHandler                          0x08000227   Thumb Code     0  startup_stm32f10x_md.o(.text)
    __user_initial_stackheap                 0x08000229   Thumb Code     0  startup_stm32f10x_md.o(.text)
    calloc                                   0x0800024d   Thumb Code    40  calloc.o(.text)
    malloc                                   0x08000275   Thumb Code    94  h1_alloc.o(.text)
    free                                     0x080002d3   Thumb Code    78  h1_free.o(.text)
    __2printf                                0x08000321   Thumb Code    20  noretval__2printf.o(.text)
    _printf_pre_padding                      0x08000339   Thumb Code    44  _printf_pad.o(.text)
    _printf_post_padding                     0x08000365   Thumb Code    34  _printf_pad.o(.text)
    _printf_str                              0x08000387   Thumb Code    82  _printf_str.o(.text)
    _printf_int_dec                          0x080003d9   Thumb Code   104  _printf_dec.o(.text)
    _printf_longlong_hex                     0x08000451   Thumb Code    78  _printf_hex_int_ptr.o(.text)
    _printf_int_hex                          0x0800049f   Thumb Code    26  _printf_hex_int_ptr.o(.text)
    _printf_hex_ptr                          0x080004b9   Thumb Code    16  _printf_hex_int_ptr.o(.text)
    __printf                                 0x080004cd   Thumb Code   308  __printf_flags_wp.o(.text)
    __aeabi_assert                           0x08000605   Thumb Code    86  assert.o(.text)
    __assert                                 0x08000605   Thumb Code     0  assert.o(.text)
    strlen                                   0x08000685   Thumb Code    62  strlen.o(.text)
    __aeabi_memmove                          0x080006c3   Thumb Code     0  rt_memmove_v6.o(.text)
    __rt_memmove                             0x080006c3   Thumb Code   132  rt_memmove_v6.o(.text)
    __memmove_lastfew                        0x08000723   Thumb Code     0  rt_memmove_v6.o(.text)
    __aeabi_memclr4                          0x08000747   Thumb Code     0  rt_memclr_w.o(.text)
    __aeabi_memclr8                          0x08000747   Thumb Code     0  rt_memclr_w.o(.text)
    __rt_memclr_w                            0x08000747   Thumb Code    78  rt_memclr_w.o(.text)
    _memset_w                                0x0800074b   Thumb Code     0  rt_memclr_w.o(.text)
    strncpy                                  0x08000795   Thumb Code    86  strncpy.o(.text)
    __use_two_region_memory                  0x080007eb   Thumb Code     2  heapauxi.o(.text)
    __rt_heap_escrow                         0x080007ed   Thumb Code     2  heapauxi.o(.text)
    __rt_heap_expand                         0x080007ef   Thumb Code     2  heapauxi.o(.text)
    __rt_heap_descriptor                     0x080007f1   Thumb Code     8  rt_heap_descriptor_intlibspace.o(.text)
    __use_no_heap                            0x080007f9   Thumb Code     2  hguard.o(.text)
    __heap$guard                             0x080007fb   Thumb Code     2  hguard.o(.text)
    _terminate_user_alloc                    0x080007fd   Thumb Code     2  init_alloc.o(.text)
    _init_user_alloc                         0x080007ff   Thumb Code     2  init_alloc.o(.text)
    __Heap_Full                              0x08000801   Thumb Code    34  init_alloc.o(.text)
    __Heap_Broken                            0x08000823   Thumb Code     6  init_alloc.o(.text)
    _init_alloc                              0x08000829   Thumb Code    94  init_alloc.o(.text)
    __Heap_Initialize                        0x08000887   Thumb Code    10  h1_init.o(.text)
    __Heap_DescSize                          0x08000891   Thumb Code     4  h1_init.o(.text)
    _printf_int_common                       0x08000895   Thumb Code   178  _printf_intcommon.o(.text)
    _printf_cs_common                        0x08000947   Thumb Code    20  _printf_char.o(.text)
    _printf_char                             0x0800095b   Thumb Code    16  _printf_char.o(.text)
    _printf_string                           0x0800096b   Thumb Code     8  _printf_char.o(.text)
    _printf_char_file                        0x08000975   Thumb Code    32  _printf_char_file.o(.text)
    abort                                    0x08000999   Thumb Code    22  abort.o(.text)
    __assert_puts                            0x080009af   Thumb Code    20  assert_puts.o(.text)
    __aeabi_memcpy                           0x080009c3   Thumb Code     0  rt_memcpy_v6.o(.text)
    __rt_memcpy                              0x080009c3   Thumb Code   138  rt_memcpy_v6.o(.text)
    _memcpy_lastbytes                        0x08000a29   Thumb Code     0  rt_memcpy_v6.o(.text)
    __aeabi_memcpy4                          0x08000a4d   Thumb Code     0  rt_memcpy_w.o(.text)
    __aeabi_memcpy8                          0x08000a4d   Thumb Code     0  rt_memcpy_w.o(.text)
    __rt_memcpy_w                            0x08000a4d   Thumb Code   100  rt_memcpy_w.o(.text)
    _memcpy_lastbytes_aligned                0x08000a95   Thumb Code     0  rt_memcpy_w.o(.text)
    __aeabi_memmove4                         0x08000ab1   Thumb Code     0  rt_memmove_w.o(.text)
    __aeabi_memmove8                         0x08000ab1   Thumb Code     0  rt_memmove_w.o(.text)
    __rt_memmove_w                           0x08000ab1   Thumb Code   122  rt_memmove_w.o(.text)
    __memmove_aligned                        0x08000ad7   Thumb Code     0  rt_memmove_w.o(.text)
    __memmove_lastfew_aligned                0x08000b0f   Thumb Code     0  rt_memmove_w.o(.text)
    __aeabi_memclr                           0x08000b2b   Thumb Code     0  rt_memclr.o(.text)
    __rt_memclr                              0x08000b2b   Thumb Code    68  rt_memclr.o(.text)
    _memset                                  0x08000b2f   Thumb Code     0  rt_memclr.o(.text)
    _ttywrch                                 0x08000b6f   Thumb Code    14  sys_wrch.o(.text)
    __user_libspace                          0x08000b7d   Thumb Code     8  libspace.o(.text)
    __user_perproc_libspace                  0x08000b7d   Thumb Code     0  libspace.o(.text)
    __user_perthread_libspace                0x08000b7d   Thumb Code     0  libspace.o(.text)
    __Heap_ProvideMemory                     0x08000b85   Thumb Code    52  h1_extend.o(.text)
    _printf_char_common                      0x08000bc3   Thumb Code    32  _printf_char_common.o(.text)
    ferror                                   0x08000be9   Thumb Code     8  ferror.o(.text)
    __rt_SIGABRT                             0x08000bf1   Thumb Code    14  defsig_abrt_outer.o(.text)
    __rt_SIGRTMEM                            0x08000bff   Thumb Code    14  defsig_rtmem_outer.o(.text)
    __I$use$semihosting                      0x08000c0d   Thumb Code     0  use_no_semi.o(.text)
    __use_no_semihosting_swi                 0x08000c0d   Thumb Code     2  use_no_semi.o(.text)
    __semihosting_library_function           0x08000c0f   Thumb Code     0  indicate_semi.o(.text)
    __user_setup_stackheap                   0x08000c0f   Thumb Code    74  sys_stackheap_outer.o(.text)
    exit                                     0x08000c59   Thumb Code    18  exit.o(.text)
    __sig_exit                               0x08000c6b   Thumb Code    10  defsig_exit.o(.text)
    __rt_SIGABRT_inner                       0x08000c75   Thumb Code    14  defsig_abrt_inner.o(.text)
    __rt_SIGRTMEM_inner                      0x08000ca5   Thumb Code    22  defsig_rtmem_inner.o(.text)
    __default_signal_display                 0x08000cf5   Thumb Code    50  defsig_general.o(.text)
    GPIO_Init                                0x08000d27   Thumb Code   278  stm32f10x_gpio.o(i.GPIO_Init)
    GPIO_ReadInputDataBit                    0x08000e3d   Thumb Code    18  stm32f10x_gpio.o(i.GPIO_ReadInputDataBit)
    GPIO_ReadOutputDataBit                   0x08000e4f   Thumb Code    18  stm32f10x_gpio.o(i.GPIO_ReadOutputDataBit)
    GPIO_WriteBit                            0x08000e61   Thumb Code    10  stm32f10x_gpio.o(i.GPIO_WriteBit)
    JUAN_EVENTBUTTON_init                    0x08000e6d   Thumb Code    68  juan_eventbutton.o(i.JUAN_EVENTBUTTON_init)
    JUAN_EVENTBUTTON_notify                  0x08000f01   Thumb Code    26  juan_eventbutton.o(i.JUAN_EVENTBUTTON_notify)
    JUAN_EVENTBUTTON_poll                    0x08000f51   Thumb Code   358  juan_eventbutton.o(i.JUAN_EVENTBUTTON_poll)
    LLA_SYS_Time_Init                        0x080010ed   Thumb Code    70  sys_tick.o(i.LLA_SYS_Time_Init)
    List_Initialise                          0x08001139   Thumb Code    32  list.o(i.List_Initialise)
    List_InserOrderDec                       0x0800116d   Thumb Code   112  list.o(i.List_InserOrderDec)
    List_InserOrderInc                       0x080011f9   Thumb Code   112  list.o(i.List_InserOrderInc)
    List_InsertEnd                           0x08001285   Thumb Code    74  list.o(i.List_InsertEnd)
    List_Remove                              0x080012ed   Thumb Code   100  list.o(i.List_Remove)
    RCC_APB2PeriphClockCmd                   0x080013c9   Thumb Code    26  stm32f10x_rcc.o(i.RCC_APB2PeriphClockCmd)
    RCC_GetClocksFreq                        0x080013e9   Thumb Code   192  stm32f10x_rcc.o(i.RCC_GetClocksFreq)
    SysTick_Handler                          0x080015a5   Thumb Code    66  sys_tick.o(i.SysTick_Handler)
    SystemCoreClockUpdate                    0x080015f5   Thumb Code   142  system_stm32f10x.o(i.SystemCoreClockUpdate)
    SystemInit                               0x08001699   Thumb Code    78  system_stm32f10x.o(i.SystemInit)
    USART_Cmd                                0x080016f9   Thumb Code    24  stm32f10x_usart.o(i.USART_Cmd)
    USART_Init                               0x08001711   Thumb Code   210  stm32f10x_usart.o(i.USART_Init)
    _is_digit                                0x08001811   Thumb Code    14  __printf_wp.o(i._is_digit)
    _sys_exit                                0x0800181f   Thumb Code     4  stdio.o(i._sys_exit)
    bsp_printf                               0x08001825   Thumb Code    54  main.o(i.bsp_printf)
    bsp_task1                                0x08001881   Thumb Code     8  main.o(i.bsp_task1)
    bsp_task1_create                         0x08001889   Thumb Code    24  main.o(i.bsp_task1_create)
    bsp_task2                                0x080018b9   Thumb Code     8  main.o(i.bsp_task2)
    bsp_task2_create                         0x080018c1   Thumb Code    24  main.o(i.bsp_task2_create)
    check_sp                                 0x0800190d   Thumb Code    30  fault_trace.o(i.check_sp)
    fault_init                               0x08001989   Thumb Code     6  fault_trace.o(i.fault_init)
    fault_test_by_div0                       0x08001995   Thumb Code    34  main.o(i.fault_test_by_div0)
    fault_trace                              0x080019c5   Thumb Code   164  fault_trace.o(i.fault_trace)
    fputc                                    0x08001acd   Thumb Code    22  stdio.o(i.fputc)
    function_a                               0x08001ae9   Thumb Code     8  main.o(i.function_a)
    function_b                               0x08001af1   Thumb Code     8  main.o(i.function_b)
    function_c                               0x08001af9   Thumb Code     8  main.o(i.function_c)
    get_stack_info                           0x08001b01   Thumb Code    32  fault_trace.o(i.get_stack_info)
    idle_task                                0x08001b2d   Thumb Code     6  os.o(i.idle_task)
    keyCheck                                 0x08001c29   Thumb Code    88  main.o(i.keyCheck)
    keyCheck_create                          0x08001c91   Thumb Code    24  main.o(i.keyCheck_create)
    key_init                                 0x08001d01   Thumb Code    42  key.o(i.key_init)
    key_read                                 0x08001d31   Thumb Code    52  key.o(i.key_read)
    led0Task                                 0x08001d69   Thumb Code    30  main.o(i.led0Task)
    led0Task_create                          0x08001d8d   Thumb Code    24  main.o(i.led0Task_create)
    led1Task                                 0x08001dbd   Thumb Code    30  main.o(i.led1Task)
    led1Task_create                          0x08001de1   Thumb Code    24  main.o(i.led1Task_create)
    led_init                                 0x08001e11   Thumb Code    76  led.o(i.led_init)
    led_toggle                               0x08001e65   Thumb Code    70  led.o(i.led_toggle)
    main                                     0x08001ef1   Thumb Code   124  main.o(i.main)
    osQueueResumeTask                        0x08001fe5   Thumb Code   208  os_queue.o(i.osQueueResumeTask)
    osQueueResumeTaskTimeOut                 0x080020c1   Thumb Code   158  os_queue.o(i.osQueueResumeTaskTimeOut)
    os_checkDelayList                        0x0800216d   Thumb Code   150  os_task.o(i.os_checkDelayList)
    os_checkQueueList                        0x08002215   Thumb Code    16  os_queue.o(i.os_checkQueueList)
    os_cpu_req_svc                           0x0800222d   Thumb Code    16  os_cpu.o(i.os_cpu_req_svc)
    os_init                                  0x08002241   Thumb Code    34  os.o(i.os_init)
    os_queue_create                          0x0800226d   Thumb Code    66  os_queue.o(i.os_queue_create)
    os_queue_read                            0x080022b1   Thumb Code   232  os_queue.o(i.os_queue_read)
    os_queue_write                           0x080023a9   Thumb Code   220  os_queue.o(i.os_queue_write)
    os_resume                                0x08002495   Thumb Code    32  os.o(i.os_resume)
    os_selectNextPrioityHighestTask          0x080024bd   Thumb Code   124  os_task.o(i.os_selectNextPrioityHighestTask)
    os_start                                 0x0800253d   Thumb Code    42  os.o(i.os_start)
    os_state                                 0x08002581   Thumb Code     6  os.o(i.os_state)
    os_suspend                               0x0800258d   Thumb Code    20  os.o(i.os_suspend)
    os_switchTaskTCB                         0x080025a9   Thumb Code    20  os_task.o(i.os_switchTaskTCB)
    os_task_create                           0x080025c9   Thumb Code   318  os_task.o(i.os_task_create)
    os_task_delay                            0x08002711   Thumb Code    70  os_task.o(i.os_task_delay)
    os_task_errorExit                        0x08002765   Thumb Code    14  os_task.o(i.os_task_errorExit)
    os_yiled                                 0x08002789   Thumb Code     8  os.o(i.os_yiled)
    pendSVC_enter                            0x08002791   Thumb Code     2  os.o(i.pendSVC_enter)
    pendSVC_exit                             0x08002793   Thumb Code     2  os.o(i.pendSVC_exit)
    queue_create                             0x080027a5   Thumb Code   106  queue.o(i.queue_create)
    queue_get_len                            0x0800280f   Thumb Code   116  queue.o(i.queue_get_len)
    queue_isFull                             0x0800289f   Thumb Code    28  queue.o(i.queue_isFull)
    queue_read                               0x08002937   Thumb Code   138  queue.o(i.queue_read)
    queue_write                              0x080029c1   Thumb Code   122  queue.o(i.queue_write)
    uart_init                                0x08002a3d   Thumb Code   128  uart.o(i.uart_init)
    Region$$Table$$Base                      0x08002bbc   Number         0  anon$$obj.o(Region$$Table)
    Region$$Table$$Limit                     0x08002bdc   Number         0  anon$$obj.o(Region$$Table)
    osTaskCreate$$Base                       0x08002bdc   Number         0  main.o(osTaskCreate)
    sys_lib_led0Task_create                  0x08002bdc   Data           8  main.o(osTaskCreate)
    sys_lib_led1Task_create                  0x08002be4   Data           8  main.o(osTaskCreate)
    sys_lib_bsp_task1_create                 0x08002bec   Data           8  main.o(osTaskCreate)
    sys_lib_bsp_task2_create                 0x08002bf4   Data           8  main.o(osTaskCreate)
    sys_lib_keyCheck_create                  0x08002bfc   Data           8  main.o(osTaskCreate)
    Image$$ER_IROM1$$Limit                   0x08002c04   Number         0  anon$$obj.o ABSOLUTE
    osTaskCreate$$Limit                      0x08002c04   Number         0  main.o(osTaskCreate)
    __stdout                                 0x20000000   Data           4  stdio.o(.data)
    os_tick_count                            0x2000000c   Data           4  sys_tick.o(.data)
    running_tcb                              0x20000010   Data           4  os_task.o(.data)
    switch_tcb                               0x20000014   Data           4  os_task.o(.data)
    os_need_yiled                            0x20000018   Data           1  os_task.o(.data)
    semaphr_led                              0x20000024   Data           4  main.o(.data)
    queue_mutex                              0x20000028   Data           4  main.o(.data)
    stack_start                              0x2000002c   Data           4  fault_trace.o(.data)
    stack_end                                0x20000030   Data           4  fault_trace.o(.data)
    rom_start                                0x20000034   Data           4  fault_trace.o(.data)
    rom_end                                  0x20000038   Data           4  fault_trace.o(.data)
    proj_name                                0x2000003c   Data           4  fault_trace.o(.data)
    sp_overFlow                              0x20000040   Data           1  fault_trace.o(.data)
    stack_depth                              0x20000041   Data           1  fault_trace.o(.data)
    SystemCoreClock                          0x20000058   Data           4  system_stm32f10x.o(.data)
    AHBPrescTable                            0x2000005c   Data          16  system_stm32f10x.o(.data)
    osReadyList                              0x2000006c   Data         120  os_task.o(.bss)
    osDelayList                              0x200000e4   Data          20  os_task.o(.bss)
    osDelayByWriteQueueList                  0x200000f8   Data          20  os_task.o(.bss)
    osDelayByReadQueueList                   0x2000010c   Data          20  os_task.o(.bss)
    idle_taskTCB                             0x20000120   Data          92  os.o(.bss)
    idle_stack                               0x2000017c   Data         512  os.o(.bss)
    key0                                     0x2000037c   Data          40  main.o(.bss)
    key1                                     0x200003a4   Data          40  main.o(.bss)
    key2                                     0x200003cc   Data          40  main.o(.bss)
    task1_tcb                                0x200003f4   Data          92  main.o(.bss)
    task2_tcb                                0x20000450   Data          92  main.o(.bss)
    task1_stack                              0x200004ac   Data         512  main.o(.bss)
    task2_stack                              0x200006ac   Data         512  main.o(.bss)
    led0Task_tcb                             0x200008ac   Data          92  main.o(.bss)
    led0Task_stack                           0x20000908   Data         512  main.o(.bss)
    led1Task_tcb                             0x20000b08   Data          92  main.o(.bss)
    led1Task_stack                           0x20000b64   Data         512  main.o(.bss)
    bsp_task1_tcb                            0x20000d64   Data          92  main.o(.bss)
    bsp_task1_stack                          0x20000dc0   Data        2048  main.o(.bss)
    bsp_task2_tcb                            0x200015c0   Data          92  main.o(.bss)
    bsp_task2_stack                          0x2000161c   Data        2048  main.o(.bss)
    keyCheck_tcb                             0x20001e1c   Data          92  main.o(.bss)
    keyCheck_stack                           0x20001e78   Data         512  main.o(.bss)
    stack_call                               0x20002078   Data         128  fault_trace.o(.bss)
    __libspace_start                         0x200020f8   Data          96  libspace.o(.bss)
    __temporary_stack_top$libspace           0x20002158   Data           0  libspace.o(.bss)
    STACK$$Base                              0x20002358   Number         0  startup_stm32f10x_md.o(STACK)
    STACK$$Limit                             0x20002758   Number         0  startup_stm32f10x_md.o(STACK)



==============================================================================

Memory Map of the image

  Image Entry point : 0x080000ed

  Load Region LR_IROM1 (Base: 0x08000000, Size: 0x00002c70, Max: 0x00010000, ABSOLUTE)

    Execution Region ER_IROM1 (Exec base: 0x08000000, Load base: 0x08000000, Size: 0x00002c04, Max: 0x00010000, ABSOLUTE)

    Exec Addr    Load Addr    Size         Type   Attr      Idx    E Section Name        Object

    0x08000000   0x08000000   0x000000ec   Data   RO         1605    RESET               startup_stm32f10x_md.o
    0x080000ec   0x080000ec   0x00000008   Code   RO         1792  * !!!main             c_w.l(__main.o)
    0x080000f4   0x080000f4   0x00000034   Code   RO         2022    !!!scatter          c_w.l(__scatter.o)
    0x08000128   0x08000128   0x0000001a   Code   RO         2024    !!handler_copy      c_w.l(__scatter_copy.o)
    0x08000142   0x08000142   0x00000002   PAD
    0x08000144   0x08000144   0x0000001c   Code   RO         2026    !!handler_zi        c_w.l(__scatter_zi.o)
    0x08000160   0x08000160   0x00000000   Code   RO         1779    .ARM.Collect$$_printf_percent$$00000000  c_w.l(_printf_percent.o)
    0x08000160   0x08000160   0x00000006   Code   RO         1778    .ARM.Collect$$_printf_percent$$00000009  c_w.l(_printf_d.o)
    0x08000166   0x08000166   0x00000006   Code   RO         1776    .ARM.Collect$$_printf_percent$$0000000C  c_w.l(_printf_x.o)
    0x0800016c   0x0800016c   0x00000006   Code   RO         1775    .ARM.Collect$$_printf_percent$$00000014  c_w.l(_printf_s.o)
    0x08000172   0x08000172   0x00000004   Code   RO         1828    .ARM.Collect$$_printf_percent$$00000017  c_w.l(_printf_percent_end.o)
    0x08000176   0x08000176   0x00000002   Code   RO         1967    .ARM.Collect$$libinit$$00000000  c_w.l(libinit.o)
    0x08000178   0x08000178   0x00000000   Code   RO         1844    .ARM.Collect$$libinit$$00000002  c_w.l(libinit2.o)
    0x08000178   0x08000178   0x00000000   Code   RO         1846    .ARM.Collect$$libinit$$00000004  c_w.l(libinit2.o)
    0x08000178   0x08000178   0x00000008   Code   RO         1847    .ARM.Collect$$libinit$$00000005  c_w.l(libinit2.o)
    0x08000180   0x08000180   0x00000000   Code   RO         1849    .ARM.Collect$$libinit$$0000000A  c_w.l(libinit2.o)
    0x08000180   0x08000180   0x00000000   Code   RO         1851    .ARM.Collect$$libinit$$0000000C  c_w.l(libinit2.o)
    0x08000180   0x08000180   0x00000000   Code   RO         1853    .ARM.Collect$$libinit$$0000000E  c_w.l(libinit2.o)
    0x08000180   0x08000180   0x00000000   Code   RO         1856    .ARM.Collect$$libinit$$00000011  c_w.l(libinit2.o)
    0x08000180   0x08000180   0x00000000   Code   RO         1858    .ARM.Collect$$libinit$$00000013  c_w.l(libinit2.o)
    0x08000180   0x08000180   0x00000000   Code   RO         1860    .ARM.Collect$$libinit$$00000015  c_w.l(libinit2.o)
    0x08000180   0x08000180   0x00000000   Code   RO         1862    .ARM.Collect$$libinit$$00000017  c_w.l(libinit2.o)
    0x08000180   0x08000180   0x00000000   Code   RO         1864    .ARM.Collect$$libinit$$00000019  c_w.l(libinit2.o)
    0x08000180   0x08000180   0x00000000   Code   RO         1866    .ARM.Collect$$libinit$$0000001B  c_w.l(libinit2.o)
    0x08000180   0x08000180   0x00000000   Code   RO         1868    .ARM.Collect$$libinit$$0000001D  c_w.l(libinit2.o)
    0x08000180   0x08000180   0x00000000   Code   RO         1870    .ARM.Collect$$libinit$$0000001F  c_w.l(libinit2.o)
    0x08000180   0x08000180   0x00000000   Code   RO         1872    .ARM.Collect$$libinit$$00000021  c_w.l(libinit2.o)
    0x08000180   0x08000180   0x00000000   Code   RO         1874    .ARM.Collect$$libinit$$00000023  c_w.l(libinit2.o)
    0x08000180   0x08000180   0x00000000   Code   RO         1876    .ARM.Collect$$libinit$$00000025  c_w.l(libinit2.o)
    0x08000180   0x08000180   0x00000000   Code   RO         1880    .ARM.Collect$$libinit$$0000002C  c_w.l(libinit2.o)
    0x08000180   0x08000180   0x00000000   Code   RO         1882    .ARM.Collect$$libinit$$0000002E  c_w.l(libinit2.o)
    0x08000180   0x08000180   0x00000000   Code   RO         1884    .ARM.Collect$$libinit$$00000030  c_w.l(libinit2.o)
    0x08000180   0x08000180   0x00000000   Code   RO         1886    .ARM.Collect$$libinit$$00000032  c_w.l(libinit2.o)
    0x08000180   0x08000180   0x00000002   Code   RO         1887    .ARM.Collect$$libinit$$00000033  c_w.l(libinit2.o)
    0x08000182   0x08000182   0x00000002   Code   RO         2019    .ARM.Collect$$libshutdown$$00000000  c_w.l(libshutdown.o)
    0x08000184   0x08000184   0x00000000   Code   RO         1979    .ARM.Collect$$libshutdown$$00000002  c_w.l(libshutdown2.o)
    0x08000184   0x08000184   0x00000000   Code   RO         1981    .ARM.Collect$$libshutdown$$00000004  c_w.l(libshutdown2.o)
    0x08000184   0x08000184   0x00000000   Code   RO         1984    .ARM.Collect$$libshutdown$$00000007  c_w.l(libshutdown2.o)
    0x08000184   0x08000184   0x00000000   Code   RO         1987    .ARM.Collect$$libshutdown$$0000000A  c_w.l(libshutdown2.o)
    0x08000184   0x08000184   0x00000000   Code   RO         1989    .ARM.Collect$$libshutdown$$0000000C  c_w.l(libshutdown2.o)
    0x08000184   0x08000184   0x00000000   Code   RO         1992    .ARM.Collect$$libshutdown$$0000000F  c_w.l(libshutdown2.o)
    0x08000184   0x08000184   0x00000002   Code   RO         1993    .ARM.Collect$$libshutdown$$00000010  c_w.l(libshutdown2.o)
    0x08000186   0x08000186   0x00000000   Code   RO         1796    .ARM.Collect$$rtentry$$00000000  c_w.l(__rtentry.o)
    0x08000186   0x08000186   0x00000000   Code   RO         1896    .ARM.Collect$$rtentry$$00000002  c_w.l(__rtentry2.o)
    0x08000186   0x08000186   0x00000006   Code   RO         1908    .ARM.Collect$$rtentry$$00000004  c_w.l(__rtentry4.o)
    0x0800018c   0x0800018c   0x00000000   Code   RO         1898    .ARM.Collect$$rtentry$$00000009  c_w.l(__rtentry2.o)
    0x0800018c   0x0800018c   0x00000004   Code   RO         1899    .ARM.Collect$$rtentry$$0000000A  c_w.l(__rtentry2.o)
    0x08000190   0x08000190   0x00000000   Code   RO         1901    .ARM.Collect$$rtentry$$0000000C  c_w.l(__rtentry2.o)
    0x08000190   0x08000190   0x00000008   Code   RO         1902    .ARM.Collect$$rtentry$$0000000D  c_w.l(__rtentry2.o)
    0x08000198   0x08000198   0x00000002   Code   RO         1968    .ARM.Collect$$rtexit$$00000000  c_w.l(rtexit.o)
    0x0800019a   0x0800019a   0x00000000   Code   RO         1995    .ARM.Collect$$rtexit$$00000002  c_w.l(rtexit2.o)
    0x0800019a   0x0800019a   0x00000004   Code   RO         1996    .ARM.Collect$$rtexit$$00000003  c_w.l(rtexit2.o)
    0x0800019e   0x0800019e   0x00000006   Code   RO         1997    .ARM.Collect$$rtexit$$00000004  c_w.l(rtexit2.o)
    0x080001a4   0x080001a4   0x00000008   Code   RO          771    .emb_text           fault_trace.o
    0x080001ac   0x080001ac   0x00000000   Code   RO         1912    .emb_text           c_w.l(maybetermalloc1.o)
    0x080001ac   0x080001ac   0x00000060   Code   RO          832    .text               cpu.o
    0x0800020c   0x0800020c   0x00000040   Code   RO         1606    .text               startup_stm32f10x_md.o
    0x0800024c   0x0800024c   0x00000028   Code   RO         1662    .text               c_w.l(calloc.o)
    0x08000274   0x08000274   0x0000005e   Code   RO         1664    .text               c_w.l(h1_alloc.o)
    0x080002d2   0x080002d2   0x0000004e   Code   RO         1666    .text               c_w.l(h1_free.o)
    0x08000320   0x08000320   0x00000018   Code   RO         1724    .text               c_w.l(noretval__2printf.o)
    0x08000338   0x08000338   0x0000004e   Code   RO         1728    .text               c_w.l(_printf_pad.o)
    0x08000386   0x08000386   0x00000052   Code   RO         1730    .text               c_w.l(_printf_str.o)
    0x080003d8   0x080003d8   0x00000078   Code   RO         1732    .text               c_w.l(_printf_dec.o)
    0x08000450   0x08000450   0x0000007c   Code   RO         1746    .text               c_w.l(_printf_hex_int_ptr.o)
    0x080004cc   0x080004cc   0x00000138   Code   RO         1767    .text               c_w.l(__printf_flags_wp.o)
    0x08000604   0x08000604   0x00000080   Code   RO         1780    .text               c_w.l(assert.o)
    0x08000684   0x08000684   0x0000003e   Code   RO         1782    .text               c_w.l(strlen.o)
    0x080006c2   0x080006c2   0x00000084   Code   RO         1784    .text               c_w.l(rt_memmove_v6.o)
    0x08000746   0x08000746   0x0000004e   Code   RO         1786    .text               c_w.l(rt_memclr_w.o)
    0x08000794   0x08000794   0x00000056   Code   RO         1788    .text               c_w.l(strncpy.o)
    0x080007ea   0x080007ea   0x00000006   Code   RO         1790    .text               c_w.l(heapauxi.o)
    0x080007f0   0x080007f0   0x00000008   Code   RO         1800    .text               c_w.l(rt_heap_descriptor_intlibspace.o)
    0x080007f8   0x080007f8   0x00000004   Code   RO         1802    .text               c_w.l(hguard.o)
    0x080007fc   0x080007fc   0x0000008a   Code   RO         1804    .text               c_w.l(init_alloc.o)
    0x08000886   0x08000886   0x0000000e   Code   RO         1808    .text               c_w.l(h1_init.o)
    0x08000894   0x08000894   0x000000b2   Code   RO         1822    .text               c_w.l(_printf_intcommon.o)
    0x08000946   0x08000946   0x0000002c   Code   RO         1824    .text               c_w.l(_printf_char.o)
    0x08000972   0x08000972   0x00000002   PAD
    0x08000974   0x08000974   0x00000024   Code   RO         1826    .text               c_w.l(_printf_char_file.o)
    0x08000998   0x08000998   0x00000016   Code   RO         1829    .text               c_w.l(abort.o)
    0x080009ae   0x080009ae   0x00000014   Code   RO         1831    .text               c_w.l(assert_puts.o)
    0x080009c2   0x080009c2   0x0000008a   Code   RO         1833    .text               c_w.l(rt_memcpy_v6.o)
    0x08000a4c   0x08000a4c   0x00000064   Code   RO         1835    .text               c_w.l(rt_memcpy_w.o)
    0x08000ab0   0x08000ab0   0x0000007a   Code   RO         1837    .text               c_w.l(rt_memmove_w.o)
    0x08000b2a   0x08000b2a   0x00000044   Code   RO         1839    .text               c_w.l(rt_memclr.o)
    0x08000b6e   0x08000b6e   0x0000000e   Code   RO         1888    .text               c_w.l(sys_wrch.o)
    0x08000b7c   0x08000b7c   0x00000008   Code   RO         1892    .text               c_w.l(libspace.o)
    0x08000b84   0x08000b84   0x00000034   Code   RO         1914    .text               c_w.l(h1_extend.o)
    0x08000bb8   0x08000bb8   0x00000030   Code   RO         1918    .text               c_w.l(_printf_char_common.o)
    0x08000be8   0x08000be8   0x00000008   Code   RO         1920    .text               c_w.l(ferror.o)
    0x08000bf0   0x08000bf0   0x0000000e   Code   RO         1924    .text               c_w.l(defsig_abrt_outer.o)
    0x08000bfe   0x08000bfe   0x0000000e   Code   RO         1928    .text               c_w.l(defsig_rtmem_outer.o)
    0x08000c0c   0x08000c0c   0x00000002   Code   RO         1939    .text               c_w.l(use_no_semi.o)
    0x08000c0e   0x08000c0e   0x00000000   Code   RO         1941    .text               c_w.l(indicate_semi.o)
    0x08000c0e   0x08000c0e   0x0000004a   Code   RO         1942    .text               c_w.l(sys_stackheap_outer.o)
    0x08000c58   0x08000c58   0x00000012   Code   RO         1950    .text               c_w.l(exit.o)
    0x08000c6a   0x08000c6a   0x0000000a   Code   RO         1952    .text               c_w.l(defsig_exit.o)
    0x08000c74   0x08000c74   0x00000030   Code   RO         1954    .text               c_w.l(defsig_abrt_inner.o)
    0x08000ca4   0x08000ca4   0x00000050   Code   RO         1956    .text               c_w.l(defsig_rtmem_inner.o)
    0x08000cf4   0x08000cf4   0x00000032   Code   RO         1976    .text               c_w.l(defsig_general.o)
    0x08000d26   0x08000d26   0x00000116   Code   RO         1082    i.GPIO_Init         stm32f10x_gpio.o
    0x08000e3c   0x08000e3c   0x00000012   Code   RO         1086    i.GPIO_ReadInputDataBit  stm32f10x_gpio.o
    0x08000e4e   0x08000e4e   0x00000012   Code   RO         1088    i.GPIO_ReadOutputDataBit  stm32f10x_gpio.o
    0x08000e60   0x08000e60   0x0000000a   Code   RO         1093    i.GPIO_WriteBit     stm32f10x_gpio.o
    0x08000e6a   0x08000e6a   0x00000002   PAD
    0x08000e6c   0x08000e6c   0x00000094   Code   RO          877    i.JUAN_EVENTBUTTON_init  juan_eventbutton.o
    0x08000f00   0x08000f00   0x00000050   Code   RO          878    i.JUAN_EVENTBUTTON_notify  juan_eventbutton.o
    0x08000f50   0x08000f50   0x0000019c   Code   RO          879    i.JUAN_EVENTBUTTON_poll  juan_eventbutton.o
    0x080010ec   0x080010ec   0x0000004c   Code   RO          160    i.LLA_SYS_Time_Init  sys_tick.o
    0x08001138   0x08001138   0x00000034   Code   RO          425    i.List_Initialise   list.o
    0x0800116c   0x0800116c   0x0000008c   Code   RO          426    i.List_InserOrderDec  list.o
    0x080011f8   0x080011f8   0x0000008c   Code   RO          427    i.List_InserOrderInc  list.o
    0x08001284   0x08001284   0x00000068   Code   RO          428    i.List_InsertEnd    list.o
    0x080012ec   0x080012ec   0x00000084   Code   RO          429    i.List_Remove       list.o
    0x08001370   0x08001370   0x00000034   Code   RO          535    i.OS_QUEUE_ISEMPTY  os_queue.o
    0x080013a4   0x080013a4   0x00000024   Code   RO          536    i.OS_QUEUE_ISFULL   os_queue.o
    0x080013c8   0x080013c8   0x00000020   Code   RO         1206    i.RCC_APB2PeriphClockCmd  stm32f10x_rcc.o
    0x080013e8   0x080013e8   0x000000d4   Code   RO         1214    i.RCC_GetClocksFreq  stm32f10x_rcc.o
    0x080014bc   0x080014bc   0x00000008   Code   RO         1613    i.SetSysClock       system_stm32f10x.o
    0x080014c4   0x080014c4   0x000000e0   Code   RO         1614    i.SetSysClockTo72   system_stm32f10x.o
    0x080015a4   0x080015a4   0x00000050   Code   RO          161    i.SysTick_Handler   sys_tick.o
    0x080015f4   0x080015f4   0x000000a4   Code   RO         1615    i.SystemCoreClockUpdate  system_stm32f10x.o
    0x08001698   0x08001698   0x00000060   Code   RO         1616    i.SystemInit        system_stm32f10x.o
    0x080016f8   0x080016f8   0x00000018   Code   RO         1418    i.USART_Cmd         stm32f10x_usart.o
    0x08001710   0x08001710   0x000000d8   Code   RO         1425    i.USART_Init        stm32f10x_usart.o
    0x080017e8   0x080017e8   0x00000028   Code   RO          162    i.__NVIC_SetPriority  sys_tick.o
    0x08001810   0x08001810   0x0000000e   Code   RO         1765    i._is_digit         c_w.l(__printf_wp.o)
    0x0800181e   0x0800181e   0x00000004   Code   RO           99    i._sys_exit         stdio.o
    0x08001822   0x08001822   0x00000002   PAD
    0x08001824   0x08001824   0x0000005c   Code   RO          635    i.bsp_printf        main.o
    0x08001880   0x08001880   0x00000008   Code   RO          636    i.bsp_task1         main.o
    0x08001888   0x08001888   0x00000030   Code   RO          637    i.bsp_task1_create  main.o
    0x080018b8   0x080018b8   0x00000008   Code   RO          638    i.bsp_task2         main.o
    0x080018c0   0x080018c0   0x00000030   Code   RO          639    i.bsp_task2_create  main.o
    0x080018f0   0x080018f0   0x0000001c   Code   RO          880    i.check_pressed     juan_eventbutton.o
    0x0800190c   0x0800190c   0x0000002c   Code   RO          772    i.check_sp          fault_trace.o
    0x08001938   0x08001938   0x00000020   Code   RO          325    i.create_user_task  os.o
    0x08001958   0x08001958   0x00000030   Code   RO          773    i.disassembly_ins_is_bl_blx  fault_trace.o
    0x08001988   0x08001988   0x0000000c   Code   RO          774    i.fault_init        fault_trace.o
    0x08001994   0x08001994   0x00000030   Code   RO          640    i.fault_test_by_div0  main.o
    0x080019c4   0x080019c4   0x00000108   Code   RO          775    i.fault_trace       fault_trace.o
    0x08001acc   0x08001acc   0x0000001c   Code   RO          100    i.fputc             stdio.o
    0x08001ae8   0x08001ae8   0x00000008   Code   RO          641    i.function_a        main.o
    0x08001af0   0x08001af0   0x00000008   Code   RO          642    i.function_b        main.o
    0x08001af8   0x08001af8   0x00000008   Code   RO          643    i.function_c        main.o
    0x08001b00   0x08001b00   0x0000002c   Code   RO          776    i.get_stack_info    fault_trace.o
    0x08001b2c   0x08001b2c   0x00000006   Code   RO          326    i.idle_task         os.o
    0x08001b32   0x08001b32   0x00000002   PAD
    0x08001b34   0x08001b34   0x000000f4   Code   RO          881    i.jeb_comm_cb       juan_eventbutton.o
    0x08001c28   0x08001c28   0x00000068   Code   RO          644    i.keyCheck          main.o
    0x08001c90   0x08001c90   0x00000030   Code   RO          645    i.keyCheck_create   main.o
    0x08001cc0   0x08001cc0   0x00000040   Code   RO          646    i.key_callback      main.o
    0x08001d00   0x08001d00   0x00000030   Code   RO          608    i.key_init          key.o
    0x08001d30   0x08001d30   0x00000038   Code   RO          609    i.key_read          key.o
    0x08001d68   0x08001d68   0x00000024   Code   RO          647    i.led0Task          main.o
    0x08001d8c   0x08001d8c   0x00000030   Code   RO          648    i.led0Task_create   main.o
    0x08001dbc   0x08001dbc   0x00000024   Code   RO          649    i.led1Task          main.o
    0x08001de0   0x08001de0   0x00000030   Code   RO          650    i.led1Task_create   main.o
    0x08001e10   0x08001e10   0x00000054   Code   RO          838    i.led_init          led.o
    0x08001e64   0x08001e64   0x00000050   Code   RO          840    i.led_toggle        led.o
    0x08001eb4   0x08001eb4   0x0000001e   Code   RO          430    i.list_InsertPosAfter  list.o
    0x08001ed2   0x08001ed2   0x0000001e   Code   RO          431    i.list_InsertPosBefore  list.o
    0x08001ef0   0x08001ef0   0x0000009c   Code   RO          651    i.main              main.o
    0x08001f8c   0x08001f8c   0x00000010   Code   RO          882    i.ms_passed         juan_eventbutton.o
    0x08001f9c   0x08001f9c   0x00000024   Code   RO          537    i.o_queue_read      os_queue.o
    0x08001fc0   0x08001fc0   0x00000024   Code   RO          538    i.o_queue_write     os_queue.o
    0x08001fe4   0x08001fe4   0x000000dc   Code   RO          539    i.osQueueResumeTask  os_queue.o
    0x080020c0   0x080020c0   0x000000ac   Code   RO          540    i.osQueueResumeTaskTimeOut  os_queue.o
    0x0800216c   0x0800216c   0x000000a8   Code   RO          214    i.os_checkDelayList  os_task.o
    0x08002214   0x08002214   0x00000018   Code   RO          541    i.os_checkQueueList  os_queue.o
    0x0800222c   0x0800222c   0x00000014   Code   RO          301    i.os_cpu_req_svc    os_cpu.o
    0x08002240   0x08002240   0x0000002c   Code   RO          328    i.os_init           os.o
    0x0800226c   0x0800226c   0x00000042   Code   RO          542    i.os_queue_create   os_queue.o
    0x080022ae   0x080022ae   0x00000002   PAD
    0x080022b0   0x080022b0   0x000000f8   Code   RO          543    i.os_queue_read     os_queue.o
    0x080023a8   0x080023a8   0x000000ec   Code   RO          544    i.os_queue_write    os_queue.o
    0x08002494   0x08002494   0x00000028   Code   RO          329    i.os_resume         os.o
    0x080024bc   0x080024bc   0x00000080   Code   RO          215    i.os_selectNextPrioityHighestTask  os_task.o
    0x0800253c   0x0800253c   0x00000044   Code   RO          330    i.os_start          os.o
    0x08002580   0x08002580   0x0000000c   Code   RO          331    i.os_state          os.o
    0x0800258c   0x0800258c   0x0000001c   Code   RO          332    i.os_suspend        os.o
    0x080025a8   0x080025a8   0x00000020   Code   RO          216    i.os_switchTaskTCB  os_task.o
    0x080025c8   0x080025c8   0x00000148   Code   RO          217    i.os_task_create    os_task.o
    0x08002710   0x08002710   0x00000054   Code   RO          218    i.os_task_delay     os_task.o
    0x08002764   0x08002764   0x00000024   Code   RO          220    i.os_task_errorExit  os_task.o
    0x08002788   0x08002788   0x00000008   Code   RO          333    i.os_yiled          os.o
    0x08002790   0x08002790   0x00000002   Code   RO          334    i.pendSVC_enter     os.o
    0x08002792   0x08002792   0x00000002   Code   RO          335    i.pendSVC_exit      os.o
    0x08002794   0x08002794   0x00000010   Code   RO          471    i.queue_convert_index  queue.o
    0x080027a4   0x080027a4   0x0000006a   Code   RO          472    i.queue_create      queue.o
    0x0800280e   0x0800280e   0x00000074   Code   RO          473    i.queue_get_len     queue.o
    0x08002882   0x08002882   0x0000000e   Code   RO          474    i.queue_get_read_index  queue.o
    0x08002890   0x08002890   0x0000000e   Code   RO          475    i.queue_get_write_index  queue.o
    0x0800289e   0x0800289e   0x0000001c   Code   RO          476    i.queue_isFull      queue.o
    0x080028ba   0x080028ba   0x00000036   Code   RO          477    i.queue_move_read_index  queue.o
    0x080028f0   0x080028f0   0x00000046   Code   RO          478    i.queue_move_write_index  queue.o
    0x08002936   0x08002936   0x0000008a   Code   RO          479    i.queue_read        queue.o
    0x080029c0   0x080029c0   0x0000007a   Code   RO          480    i.queue_write       queue.o
    0x08002a3a   0x08002a3a   0x00000002   PAD
    0x08002a3c   0x08002a3c   0x00000088   Code   RO            7    i.uart_init         uart.o
    0x08002ac4   0x08002ac4   0x00000028   Data   RO         1747    .constdata          c_w.l(_printf_hex_int_ptr.o)
    0x08002aec   0x08002aec   0x00000011   Data   RO         1768    .constdata          c_w.l(__printf_flags_wp.o)
    0x08002afd   0x08002afd   0x00000003   PAD
    0x08002b00   0x08002b00   0x00000061   Data   RO          883    .conststring        juan_eventbutton.o
    0x08002b61   0x08002b61   0x00000003   PAD
    0x08002b64   0x08002b64   0x00000058   Data   RO          653    .conststrlit        main.o
    0x08002bbc   0x08002bbc   0x00000020   Data   RO         2020    Region$$Table       anon$$obj.o
    0x08002bdc   0x08002bdc   0x00000028   Data   RO          655    osTaskCreate        main.o


    Execution Region RW_IRAM1 (Exec base: 0x20000000, Load base: 0x08002c04, Size: 0x00002758, Max: 0x00005000, ABSOLUTE)

    Exec Addr    Load Addr    Size         Type   Attr      Idx    E Section Name        Object

    0x20000000   0x08002c04   0x00000004   Data   RW          105    .data               stdio.o
    0x20000004   0x08002c08   0x0000000c   Data   RW          163    .data               sys_tick.o
    0x20000010   0x08002c14   0x00000009   Data   RW          224    .data               os_task.o
    0x20000019   0x08002c1d   0x00000003   PAD
    0x2000001c   0x08002c20   0x00000008   Data   RW          337    .data               os.o
    0x20000024   0x08002c28   0x00000008   Data   RW          654    .data               main.o
    0x2000002c   0x08002c30   0x00000016   Data   RW          778    .data               fault_trace.o
    0x20000042   0x08002c46   0x00000014   Data   RW         1234    .data               stm32f10x_rcc.o
    0x20000056   0x08002c5a   0x00000002   PAD
    0x20000058   0x08002c5c   0x00000014   Data   RW         1617    .data               system_stm32f10x.o
    0x2000006c        -       0x000000b4   Zero   RW          223    .bss                os_task.o
    0x20000120        -       0x0000025c   Zero   RW          336    .bss                os.o
    0x2000037c        -       0x00001cfc   Zero   RW          652    .bss                main.o
    0x20002078        -       0x00000080   Zero   RW          777    .bss                fault_trace.o
    0x200020f8        -       0x00000060   Zero   RW         1893    .bss                c_w.l(libspace.o)
    0x20002158        -       0x00000200   Zero   RW         1604    HEAP                startup_stm32f10x_md.o
    0x20002358        -       0x00000400   Zero   RW         1603    STACK               startup_stm32f10x_md.o


==============================================================================

Image component sizes


      Code (inc. data)   RO Data    RW Data    ZI Data      Debug   Object Name

        96          8          0          0          0        236   cpu.o
       420        132          0         22        128       6134   fault_trace.o
       928        306         97          0          0       6690   juan_eventbutton.o
       104         10          0          0          0        934   key.o
       164         18          0          0          0        960   led.o
       628        138          0          0          0       4047   list.o
       816        246        128          8       7420      11726   main.o
       242         68          0          8        604       5450   os.o
        20          4          0          0          0        381   os_cpu.o
      1126         82          0          0          0       7759   os_queue.o
       776         80          0          9        180       6516   os_task.o
       678          0          0          0          0       7297   queue.o
        64         26        236          0       1536        800   startup_stm32f10x_md.o
        32          6          0          4          0       2734   stdio.o
       324          0          0          0          0       4337   stm32f10x_gpio.o
       244         26          0         20          0       4273   stm32f10x_rcc.o
       240          6          0          0          0       3245   stm32f10x_usart.o
       196         28          0         12          0      30409   sys_tick.o
       492         50          0         20          0       2933   system_stm32f10x.o
       136          8          0          0          0     232140   uart.o

    ----------------------------------------------------------------------
      7736       1242        496        108       9868     339001   Object Totals
         0          0         32          0          0          0   (incl. Generated)
        10          0          3          5          0          0   (incl. Padding)

    ----------------------------------------------------------------------

      Code (inc. data)   RO Data    RW Data    ZI Data      Debug   Library Member Name

         8          0          0          0          0         68   __main.o
       312          4         17          0          0         92   __printf_flags_wp.o
        14          0          0          0          0         68   __printf_wp.o
         0          0          0          0          0          0   __rtentry.o
        12          0          0          0          0          0   __rtentry2.o
         6          0          0          0          0          0   __rtentry4.o
        52          8          0          0          0          0   __scatter.o
        26          0          0          0          0          0   __scatter_copy.o
        28          0          0          0          0          0   __scatter_zi.o
        44          0          0          0          0        108   _printf_char.o
        48          6          0          0          0         96   _printf_char_common.o
        36          4          0          0          0         80   _printf_char_file.o
         6          0          0          0          0          0   _printf_d.o
       120         16          0          0          0         92   _printf_dec.o
       124          4         40          0          0        144   _printf_hex_int_ptr.o
       178          0          0          0          0         88   _printf_intcommon.o
        78          0          0          0          0        108   _printf_pad.o
         0          0          0          0          0          0   _printf_percent.o
         4          0          0          0          0          0   _printf_percent_end.o
         6          0          0          0          0          0   _printf_s.o
        82          0          0          0          0         80   _printf_str.o
         6          0          0          0          0          0   _printf_x.o
        22          0          0          0          0         80   abort.o
       128         42          0          0          0         76   assert.o
        20          0          0          0          0         76   assert_puts.o
        40          0          0          0          0         80   calloc.o
        48         34          0          0          0         76   defsig_abrt_inner.o
        14          0          0          0          0         80   defsig_abrt_outer.o
        10          0          0          0          0         68   defsig_exit.o
        50          0          0          0          0         88   defsig_general.o
        80         58          0          0          0         76   defsig_rtmem_inner.o
        14          0          0          0          0         80   defsig_rtmem_outer.o
        18          0          0          0          0         80   exit.o
         8          0          0          0          0         68   ferror.o
        94          0          0          0          0         80   h1_alloc.o
        52          0          0          0          0         68   h1_extend.o
        78          0          0          0          0         80   h1_free.o
        14          0          0          0          0         84   h1_init.o
         6          0          0          0          0        152   heapauxi.o
         4          0          0          0          0        136   hguard.o
         0          0          0          0          0          0   indicate_semi.o
       138          0          0          0          0        168   init_alloc.o
         2          0          0          0          0          0   libinit.o
        10          0          0          0          0          0   libinit2.o
         2          0          0          0          0          0   libshutdown.o
         2          0          0          0          0          0   libshutdown2.o
         8          4          0          0         96         68   libspace.o
         0          0          0          0          0          0   maybetermalloc1.o
        24          4          0          0          0         84   noretval__2printf.o
         8          4          0          0          0         68   rt_heap_descriptor_intlibspace.o
        68          0          0          0          0         68   rt_memclr.o
        78          0          0          0          0         80   rt_memclr_w.o
       138          0          0          0          0         68   rt_memcpy_v6.o
       100          0          0          0          0         80   rt_memcpy_w.o
       132          0          0          0          0         68   rt_memmove_v6.o
       122          0          0          0          0         80   rt_memmove_w.o
         2          0          0          0          0          0   rtexit.o
        10          0          0          0          0          0   rtexit2.o
        62          0          0          0          0         76   strlen.o
        86          0          0          0          0         76   strncpy.o
        74          0          0          0          0         80   sys_stackheap_outer.o
        14          0          0          0          0         76   sys_wrch.o
         2          0          0          0          0         68   use_no_semi.o

    ----------------------------------------------------------------------
      2976        188         60          0         96       3760   Library Totals
         4          0          3          0          0          0   (incl. Padding)

    ----------------------------------------------------------------------

      Code (inc. data)   RO Data    RW Data    ZI Data      Debug   Library Name

      2972        188         57          0         96       3760   c_w.l

    ----------------------------------------------------------------------
      2976        188         60          0         96       3760   Library Totals

    ----------------------------------------------------------------------

==============================================================================


      Code (inc. data)   RO Data    RW Data    ZI Data      Debug   

     10712       1430        556        108       9964     335945   Grand Totals
     10712       1430        556        108       9964     335945   ELF Image Totals
     10712       1430        556        108          0          0   ROM Totals

==============================================================================

    Total RO  Size (Code + RO Data)                11268 (  11.00kB)
    Total RW  Size (RW Data + ZI Data)             10072 (   9.84kB)
    Total ROM Size (Code + RO Data + RW Data)      11376 (  11.11kB)

==============================================================================

