Component: ARM Compiler 5.06 update 6 (build 750) Tool: armlink [4d35ed]

==============================================================================

Section Cross References

    main.o(i.change_task) refers to os.o(i.os_state) for os_state
    main.o(i.change_task) refers to os.o(i.os_yiled) for os_yiled
    main.o(i.change_task) refers to os_task.o(.data) for running_tcb
    main.o(i.change_task) refers to main.o(.bss) for task1_tcb
    main.o(i.led0Task) refers to os_queue.o(i.os_queue_read) for os_queue_read
    main.o(i.led0Task) refers to led.o(i.led_toggle) for led_toggle
    main.o(i.led0Task) refers to os_task.o(i.os_task_delay) for os_task_delay
    main.o(i.led0Task) refers to main.o(.bss) for queue1
    main.o(i.led0Task_create) refers to os_task.o(i.os_task_create) for os_task_create
    main.o(i.led0Task_create) refers to main.o(i.led0Task) for led0Task
    main.o(i.led0Task_create) refers to main.o(.bss) for led0Task_stack
    main.o(i.led1Task) refers to os_queue.o(i.os_queue_write) for os_queue_write
    main.o(i.led1Task) refers to noretval__2printf.o(.text) for __2printf
    main.o(i.led1Task) refers to os_task.o(i.os_task_delay) for os_task_delay
    main.o(i.led1Task) refers to main.o(.bss) for queue1
    main.o(i.led1Task_create) refers to os_task.o(i.os_task_create) for os_task_create
    main.o(i.led1Task_create) refers to main.o(i.led1Task) for led1Task
    main.o(i.led1Task_create) refers to main.o(.bss) for led1Task_stack
    main.o(i.main) refers to uart.o(i.uart_init) for uart_init
    main.o(i.main) refers to sys_tick.o(i.LLA_SYS_Time_Init) for LLA_SYS_Time_Init
    main.o(i.main) refers to led.o(i.led_init) for led_init
    main.o(i.main) refers to os.o(i.os_init) for os_init
    main.o(i.main) refers to os_queue.o(i.os_queue_create) for os_queue_create
    main.o(i.main) refers to os_task.o(i.os_task_create) for os_task_create
    main.o(i.main) refers to os.o(i.os_start) for os_start
    main.o(i.main) refers to main.o(.bss) for queue1
    main.o(i.main) refers to main.o(i.task1) for task1
    main.o(i.main) refers to main.o(i.task2) for task2
    main.o(i.main) refers to os_task.o(.data) for switch_tcb
    main.o(i.task1) refers to noretval__2printf.o(.text) for __2printf
    main.o(i.task1) refers to os_task.o(i.os_task_delay) for os_task_delay
    main.o(i.task2) refers to _printf_percent.o(.ARM.Collect$$_printf_percent$$00000000) for _printf_percent
    main.o(i.task2) refers to _printf_d.o(.ARM.Collect$$_printf_percent$$00000009) for _printf_d
    main.o(i.task2) refers to _printf_dec.o(.text) for _printf_int_dec
    main.o(i.task2) refers to noretval__2printf.o(.text) for __2printf
    main.o(i.task2) refers to os_task.o(i.os_task_delay) for os_task_delay
    main.o(i.task2) refers to sys_tick.o(.data) for os_tick_count
    main.o(i.task6_create) refers to os_task.o(i.os_task_create) for os_task_create
    main.o(i.task6_create) refers to main.o(i.task6) for task6
    main.o(i.task6_create) refers to main.o(.bss) for task6_stack
    main.o(osTaskCreate) refers to main.o(i.led0Task_create) for led0Task_create
    main.o(osTaskCreate) refers to main.o(.conststrlit) for .conststrlit
    main.o(osTaskCreate) refers to main.o(i.led1Task_create) for led1Task_create
    main.o(osTaskCreate) refers to main.o(i.task6_create) for task6_create
    cpu.o(.text) refers to os.o(i.pendSVC_enter) for pendSVC_enter
    cpu.o(.text) refers to os.o(i.pendSVC_exit) for pendSVC_exit
    cpu.o(.text) refers to os_task.o(.data) for running_tcb
    uart.o(i.uart_init) refers to stm32f10x_rcc.o(i.RCC_APB2PeriphClockCmd) for RCC_APB2PeriphClockCmd
    uart.o(i.uart_init) refers to stm32f10x_usart.o(i.USART_Init) for USART_Init
    uart.o(i.uart_init) refers to stm32f10x_usart.o(i.USART_Cmd) for USART_Cmd
    uart.o(i.uart_init) refers to stm32f10x_gpio.o(i.GPIO_Init) for GPIO_Init
    sys_tick.o(i.LLA_SYS_Time_Init) refers to system_stm32f10x.o(i.SystemCoreClockUpdate) for SystemCoreClockUpdate
    sys_tick.o(i.LLA_SYS_Time_Init) refers to sys_tick.o(i.__NVIC_SetPriority) for __NVIC_SetPriority
    sys_tick.o(i.LLA_SYS_Time_Init) refers to system_stm32f10x.o(.data) for SystemCoreClock
    sys_tick.o(i.SysTick_Handler) refers to os.o(i.os_state) for os_state
    sys_tick.o(i.SysTick_Handler) refers to os_task.o(i.os_selectNextPrioityHighestTask) for os_selectNextPrioityHighestTask
    sys_tick.o(i.SysTick_Handler) refers to os_task.o(i.os_checkDelayList) for os_checkDelayList
    sys_tick.o(i.SysTick_Handler) refers to sys_tick.o(.data) for os_tick_count
    os_task.o(i.os_checkDelayList) refers to os.o(i.os_suspend) for os_suspend
    os_task.o(i.os_checkDelayList) refers to list.o(i.List_Remove) for List_Remove
    os_task.o(i.os_checkDelayList) refers to list.o(i.List_InserOrderDec) for List_InserOrderDec
    os_task.o(i.os_checkDelayList) refers to os_task.o(i.os_selectNextPrioityHighestTask) for os_selectNextPrioityHighestTask
[...]
    Removing stm32f10x_rcc.o(i.RCC_ITConfig), (32 bytes).
    Removing stm32f10x_rcc.o(i.RCC_LSEConfig), (52 bytes).
    Removing stm32f10x_rcc.o(i.RCC_LSICmd), (12 bytes).
    Removing stm32f10x_rcc.o(i.RCC_MCOConfig), (12 bytes).
    Removing stm32f10x_rcc.o(i.RCC_PCLK1Config), (24 bytes).
    Removing stm32f10x_rcc.o(i.RCC_PCLK2Config), (24 bytes).
    Removing stm32f10x_rcc.o(i.RCC_PLLCmd), (12 bytes).
    Removing stm32f10x_rcc.o(i.RCC_PLLConfig), (28 bytes).
    Removing stm32f10x_rcc.o(i.RCC_RTCCLKCmd), (12 bytes).
    Removing stm32f10x_rcc.o(i.RCC_RTCCLKConfig), (16 bytes).
    Removing stm32f10x_rcc.o(i.RCC_SYSCLKConfig), (24 bytes).
    Removing stm32f10x_rcc.o(i.RCC_USBCLKConfig), (12 bytes).
    Removing stm32f10x_rcc.o(i.RCC_WaitForHSEStartUp), (56 bytes).
    Removing stm32f10x_usart.o(.rev16_text), (4 bytes).
    Removing stm32f10x_usart.o(.revsh_text), (4 bytes).
    Removing stm32f10x_usart.o(.rrx_text), (6 bytes).
    Removing stm32f10x_usart.o(i.USART_ClearFlag), (18 bytes).
    Removing stm32f10x_usart.o(i.USART_ClearITPendingBit), (30 bytes).
    Removing stm32f10x_usart.o(i.USART_ClockInit), (34 bytes).
    Removing stm32f10x_usart.o(i.USART_ClockStructInit), (12 bytes).
    Removing stm32f10x_usart.o(i.USART_DMACmd), (18 bytes).
    Removing stm32f10x_usart.o(i.USART_DeInit), (156 bytes).
    Removing stm32f10x_usart.o(i.USART_GetFlagStatus), (26 bytes).
    Removing stm32f10x_usart.o(i.USART_GetITStatus), (84 bytes).
    Removing stm32f10x_usart.o(i.USART_HalfDuplexCmd), (24 bytes).
    Removing stm32f10x_usart.o(i.USART_ITConfig), (74 bytes).
    Removing stm32f10x_usart.o(i.USART_IrDACmd), (24 bytes).
    Removing stm32f10x_usart.o(i.USART_IrDAConfig), (18 bytes).
    Removing stm32f10x_usart.o(i.USART_LINBreakDetectLengthConfig), (18 bytes).
    Removing stm32f10x_usart.o(i.USART_LINCmd), (24 bytes).
    Removing stm32f10x_usart.o(i.USART_OneBitMethodCmd), (24 bytes).
    Removing stm32f10x_usart.o(i.USART_OverSampling8Cmd), (22 bytes).
    Removing stm32f10x_usart.o(i.USART_ReceiveData), (10 bytes).
    Removing stm32f10x_usart.o(i.USART_ReceiverWakeUpCmd), (24 bytes).
    Removing stm32f10x_usart.o(i.USART_SendBreak), (10 bytes).
    Removing stm32f10x_usart.o(i.USART_SendData), (8 bytes).
    Removing stm32f10x_usart.o(i.USART_SetAddress), (18 bytes).
    Removing stm32f10x_usart.o(i.USART_SetGuardTime), (16 bytes).
    Removing stm32f10x_usart.o(i.USART_SetPrescaler), (16 bytes).
    Removing stm32f10x_usart.o(i.USART_SmartCardCmd), (24 bytes).
    Removing stm32f10x_usart.o(i.USART_SmartCardNACKCmd), (24 bytes).
    Removing stm32f10x_usart.o(i.USART_StructInit), (24 bytes).
    Removing stm32f10x_usart.o(i.USART_WakeUpConfig), (18 bytes).
    Removing system_stm32f10x.o(.rev16_text), (4 bytes).
    Removing system_stm32f10x.o(.revsh_text), (4 bytes).
    Removing system_stm32f10x.o(.rrx_text), (6 bytes).

120 unused section(s) (total 2946 bytes) removed from the image.

==============================================================================

Image Symbol Table

    Local Symbols

    Symbol Name                              Value     Ov Type        Size  Object(Section)

    ../clib/angel/boardlib.s                 0x00000000   Number         0  boardinit3.o ABSOLUTE
    ../clib/angel/boardlib.s                 0x00000000   Number         0  boardinit1.o ABSOLUTE
    ../clib/angel/boardlib.s                 0x00000000   Number         0  boardinit2.o ABSOLUTE
    ../clib/angel/boardlib.s                 0x00000000   Number         0  boardshut.o ABSOLUTE
    ../clib/angel/handlers.s                 0x00000000   Number         0  __scatter_copy.o ABSOLUTE
    ../clib/angel/handlers.s                 0x00000000   Number         0  __scatter_zi.o ABSOLUTE
    ../clib/angel/kernel.s                   0x00000000   Number         0  rtexit.o ABSOLUTE
    ../clib/angel/kernel.s                   0x00000000   Number         0  rtexit2.o ABSOLUTE
    ../clib/angel/kernel.s                   0x00000000   Number         0  __rtentry.o ABSOLUTE
    ../clib/angel/kernel.s                   0x00000000   Number         0  __rtentry4.o ABSOLUTE
    ../clib/angel/kernel.s                   0x00000000   Number         0  __rtentry2.o ABSOLUTE
    ../clib/angel/rt.s                       0x00000000   Number         0  rt_heap_descriptor_intlibspace.o ABSOLUTE
    ../clib/angel/rt.s                       0x00000000   Number         0  rt_heap_descriptor.o ABSOLUTE
    ../clib/angel/rt.s                       0x00000000   Number         0  rt_raise.o ABSOLUTE
    ../clib/angel/scatter.s                  0x00000000   Number         0  __scatter.o ABSOLUTE
    ../clib/angel/startup.s                  0x00000000   Number         0  __main.o ABSOLUTE
    ../clib/angel/sys.s                      0x00000000   Number         0  use_no_semi.o ABSOLUTE
    ../clib/angel/sys.s                      0x00000000   Number         0  libspace.o ABSOLUTE
    ../clib/angel/sys.s                      0x00000000   Number         0  indicate_semi.o ABSOLUTE
    ../clib/angel/sys.s                      0x00000000   Number         0  mutex_dummy.o ABSOLUTE
    ../clib/angel/sys.s                      0x00000000   Number         0  sys_stackheap_outer.o ABSOLUTE
    ../clib/angel/sysapp.c                   0x00000000   Number         0  sys_wrch.o ABSOLUTE
    ../clib/angel/sysapp.c                   0x00000000   Number         0  sys_command.o ABSOLUTE
    ../clib/armsys.c                         0x00000000   Number         0  _get_argv.o ABSOLUTE
    ../clib/armsys.c                         0x00000000   Number         0  argv_veneer.o ABSOLUTE
    ../clib/armsys.c                         0x00000000   Number         0  argv_veneer.o ABSOLUTE
    ../clib/armsys.c                         0x00000000   Number         0  _get_argv_nomalloc.o ABSOLUTE
    ../clib/armsys.c                         0x00000000   Number         0  no_argv.o ABSOLUTE
    ../clib/assert.c                         0x00000000   Number         0  assert_puts.o ABSOLUTE
    ../clib/assert.c                         0x00000000   Number         0  assert.o ABSOLUTE
    ../clib/heap1.c                          0x00000000   Number         0  h1_extend_mt.o ABSOLUTE
    ../clib/heap1.c                          0x00000000   Number         0  h1_alloc.o ABSOLUTE
    ../clib/heap1.c                          0x00000000   Number         0  h1_extend.o ABSOLUTE
    ../clib/heap1.c                          0x00000000   Number         0  h1_init.o ABSOLUTE
    ../clib/heap1.c                          0x00000000   Number         0  h1_init_mt.o ABSOLUTE
    ../clib/heap1.c                          0x00000000   Number         0  h1_free_mt.o ABSOLUTE
    ../clib/heap1.c                          0x00000000   Number         0  h1_final_mt.o ABSOLUTE
    ../clib/heap1.c                          0x00000000   Number         0  h1_final.o ABSOLUTE
    ../clib/heap1.c                          0x00000000   Number         0  h1_alloc_mt.o ABSOLUTE
    ../clib/heap1.c                          0x00000000   Number         0  h1_free.o ABSOLUTE
    ../clib/heap2.c                          0x00000000   Number         0  heap2mt.o ABSOLUTE
    ../clib/heap2.c                          0x00000000   Number         0  heap2.o ABSOLUTE
    ../clib/heap2.c                          0x00000000   Number         0  fdtree.o ABSOLUTE
    ../clib/heapalloc.c                      0x00000000   Number         0  maybetermalloc2.o ABSOLUTE
    ../clib/heapalloc.c                      0x00000000   Number         0  maybetermalloc2.o ABSOLUTE
    ../clib/heapalloc.c                      0x00000000   Number         0  malloc.o ABSOLUTE
    ../clib/heapalloc.c                      0x00000000   Number         0  free.o ABSOLUTE
    ../clib/heapalloc.c                      0x00000000   Number         0  calloc.o ABSOLUTE
    ../clib/heapalloc.c                      0x00000000   Number         0  maybetermalloc1.o ABSOLUTE
    ../clib/heapalloc.c                      0x00000000   Number         0  init_alloc.o ABSOLUTE
    ../clib/heapalloc.c                      0x00000000   Number         0  heapstubs.o ABSOLUTE
    ../clib/heapalloc.c                      0x00000000   Number         0  hguard.o ABSOLUTE
    ../clib/heapalloc.c                      0x00000000   Number         0  hrguard.o ABSOLUTE
    ../clib/heapalloc.c                      0x00000000   Number         0  term_alloc.o ABSOLUTE
    ../clib/heapalloc.c                      0x00000000   Number         0  maybetermalloc1.o ABSOLUTE
    ../clib/heapaux.c                        0x00000000   Number         0  heapauxa.o ABSOLUTE
    ../clib/heapaux.c                        0x00000000   Number         0  heapauxi.o ABSOLUTE
    ../clib/libinit.s                        0x00000000   Number         0  libshutdown2.o ABSOLUTE
    ../clib/libinit.s                        0x00000000   Number         0  libinit2.o ABSOLUTE
    ../clib/libinit.s                        0x00000000   Number         0  libshutdown.o ABSOLUTE
    ../clib/libinit.s                        0x00000000   Number         0  libinit.o ABSOLUTE
    ../clib/memcpset.s                       0x00000000   Number         0  rt_memmove_v6.o ABSOLUTE
    ../clib/memcpset.s                       0x00000000   Number         0  rt_memcpy_v6.o ABSOLUTE
    ../clib/memcpset.s                       0x00000000   Number         0  rt_memcpy_w.o ABSOLUTE
    ../clib/memcpset.s                       0x00000000   Number         0  rt_memmove_w.o ABSOLUTE
    ../clib/memcpset.s                       0x00000000   Number         0  rt_memclr.o ABSOLUTE
    ../clib/memcpset.s                       0x00000000   Number         0  rt_memclr_w.o ABSOLUTE
    ../clib/printf.c                         0x00000000   Number         0  _printf_char_file.o ABSOLUTE
    ../clib/printf.c                         0x00000000   Number         0  __printf_wp.o ABSOLUTE
    ../clib/printf.c                         0x00000000   Number         0  __printf_flags_wp.o ABSOLUTE
    ../clib/printf.c                         0x00000000   Number         0  __printf_flags_ss_wp.o ABSOLUTE
    ../clib/printf.c                         0x00000000   Number         0  __printf.o ABSOLUTE
    ../clib/printf.c                         0x00000000   Number         0  _printf_dec.o ABSOLUTE
    ../clib/printf.c                         0x00000000   Number         0  _printf_intcommon.o ABSOLUTE
    ../clib/printf.c                         0x00000000   Number         0  __printf_flags.o ABSOLUTE
    ../clib/printf.c                         0x00000000   Number         0  noretval__2printf.o ABSOLUTE
    ../clib/printf.c                         0x00000000   Number         0  __printf_ss.o ABSOLUTE
    ../clib/printf.c                         0x00000000   Number         0  __printf_nopercent.o ABSOLUTE
    ../clib/printf.c                         0x00000000   Number         0  __2printf.o ABSOLUTE
    ../clib/printf.c                         0x00000000   Number         0  _printf_char_common.o ABSOLUTE
    ../clib/printf.c                         0x00000000   Number         0  __printf_ss_wp.o ABSOLUTE
    ../clib/printf.c                         0x00000000   Number         0  __printf_flags_ss.o ABSOLUTE
    ../clib/printf_percent.s                 0x00000000   Number         0  _printf_percent_end.o ABSOLUTE
    ../clib/printf_percent.s                 0x00000000   Number         0  _printf_d.o ABSOLUTE
    ../clib/printf_percent.s                 0x00000000   Number         0  _printf_percent.o ABSOLUTE
    ../clib/signal.c                         0x00000000   Number         0  defsig_segv_inner.o ABSOLUTE
    ../clib/signal.c                         0x00000000   Number         0  defsig_cppl_inner.o ABSOLUTE
    ../clib/signal.c                         0x00000000   Number         0  defsig_pvfn_inner.o ABSOLUTE
    ../clib/signal.c                         0x00000000   Number         0  defsig_stak_inner.o ABSOLUTE
    ../clib/signal.c                         0x00000000   Number         0  defsig_rtred_inner.o ABSOLUTE
    ../clib/signal.c                         0x00000000   Number         0  defsig_fpe_inner.o ABSOLUTE
    ../clib/signal.c                         0x00000000   Number         0  defsig_other.o ABSOLUTE
    ../clib/signal.c                         0x00000000   Number         0  __raise.o ABSOLUTE
    ../clib/signal.c                         0x00000000   Number         0  defsig_rtmem_inner.o ABSOLUTE
    ../clib/signal.c                         0x00000000   Number         0  defsig_abrt_inner.o ABSOLUTE
    ../clib/signal.c                         0x00000000   Number         0  defsig_abrt_outer.o ABSOLUTE
    ../clib/signal.c                         0x00000000   Number         0  defsig_rtmem_outer.o ABSOLUTE
    ../clib/signal.c                         0x00000000   Number         0  defsig_abrt_formal.o ABSOLUTE
    ../clib/signal.c                         0x00000000   Number         0  defsig_rtmem_formal.o ABSOLUTE
    ../clib/signal.c                         0x00000000   Number         0  defsig_exit.o ABSOLUTE
    ../clib/signal.c                         0x00000000   Number         0  defsig_general.o ABSOLUTE
    ../clib/signal.s                         0x00000000   Number         0  defsig.o ABSOLUTE
    ../clib/stdio.c                          0x00000000   Number         0  ferror.o ABSOLUTE
    ../clib/stdio.c                          0x00000000   Number         0  ferror_locked.o ABSOLUTE
    ../clib/stdlib.c                         0x00000000   Number         0  abort.o ABSOLUTE
    ../clib/stdlib.c                         0x00000000   Number         0  exit.o ABSOLUTE
    ../fplib/fpinit.s                        0x00000000   Number         0  fpinit.o ABSOLUTE
    BSP\\led.c                               0x00000000   Number         0  led.o ABSOLUTE
    BSP\led.c                                0x00000000   Number         0  led.o ABSOLUTE
    D:\Users\Juan\AppData\Local\Arm\Packs\Keil\STM32F1xx_DFP\2.4.1\Device\StdPeriph_Driver\src\misc.c 0x00000000   Number         0  misc.o ABSOLUTE
    D:\Users\Juan\AppData\Local\Arm\Packs\Keil\STM32F1xx_DFP\2.4.1\Device\StdPeriph_Driver\src\stm32f10x_gpio.c 0x00000000   Number         0  stm32f10x_gpio.o ABSOLUTE
    D:\Users\Juan\AppData\Local\Arm\Packs\Keil\STM32F1xx_DFP\2.4.1\Device\StdPeriph_Driver\src\stm32f10x_rcc.c 0x00000000   Number         0  stm32f10x_rcc.o ABSOLUTE
    D:\Users\Juan\AppData\Local\Arm\Packs\Keil\STM32F1xx_DFP\2.4.1\Device\StdPeriph_Driver\src\stm32f10x_usart.c 0x00000000   Number         0  stm32f10x_usart.o ABSOLUTE
    D:\\Users\\Juan\\AppData\\Local\\Arm\\Packs\\Keil\\STM32F1xx_DFP\\2.4.1\\Device\\StdPeriph_Driver\\src\\misc.c 0x00000000   Number         0  misc.o ABSOLUTE
    D:\\Users\\Juan\\AppData\\Local\\Arm\\Packs\\Keil\\STM32F1xx_DFP\\2.4.1\\Device\\StdPeriph_Driver\\src\\stm32f10x_gpio.c 0x00000000   Number         0  stm32f10x_gpio.o ABSOLUTE
    D:\\Users\\Juan\\AppData\\Local\\Arm\\Packs\\Keil\\STM32F1xx_DFP\\2.4.1\\Device\\StdPeriph_Driver\\src\\stm32f10x_rcc.c 0x00000000   Number         0  stm32f10x_rcc.o ABSOLUTE
    D:\\Users\\Juan\\AppData\\Local\\Arm\\Packs\\Keil\\STM32F1xx_DFP\\2.4.1\\Device\\StdPeriph_Driver\\src\\stm32f10x_usart.c 0x00000000   Number         0  stm32f10x_usart.o ABSOLUTE
    RTE\Device\STM32F103C8\startup_stm32f10x_md.s 0x00000000   Number         0  startup_stm32f10x_md.o ABSOLUTE
    RTE\Device\STM32F103C8\system_stm32f10x.c 0x00000000   Number         0  system_stm32f10x.o ABSOLUTE
    RTE\\Device\\STM32F103C8\\system_stm32f10x.c 0x00000000   Number         0  system_stm32f10x.o ABSOLUTE
    dc.s                                     0x00000000   Number         0  dc.o ABSOLUTE
    src\\os.c                                0x00000000   Number         0  os.o ABSOLUTE
    src\\os_cpu.c                            0x00000000   Number         0  os_cpu.o ABSOLUTE
    src\\stdio.c                             0x00000000   Number         0  stdio.o ABSOLUTE
    src\\sys_tick.c                          0x00000000   Number         0  sys_tick.o ABSOLUTE
    src\\uart.c                              0x00000000   Number         0  uart.o ABSOLUTE
    src\cpu.s                                0x00000000   Number         0  cpu.o ABSOLUTE
    src\list.c                               0x00000000   Number         0  list.o ABSOLUTE
    src\main.c                               0x00000000   Number         0  main.o ABSOLUTE
    src\os.c                                 0x00000000   Number         0  os.o ABSOLUTE
    src\os_cpu.c                             0x00000000   Number         0  os_cpu.o ABSOLUTE
    src\os_mem.c                             0x00000000   Number         0  os_mem.o ABSOLUTE
    src\os_queue.c                           0x00000000   Number         0  os_queue.o ABSOLUTE
    src\os_task.c                            0x00000000   Number         0  os_task.o ABSOLUTE
    src\queue.c                              0x00000000   Number         0  queue.o ABSOLUTE
    src\stdio.c                              0x00000000   Number         0  stdio.o ABSOLUTE
    src\sys_tick.c                           0x00000000   Number         0  sys_tick.o ABSOLUTE
    src\uart.c                               0x00000000   Number         0  uart.o ABSOLUTE
    RESET                                    0x08000000   Section      236  startup_stm32f10x_md.o(RESET)
    !!!main                                  0x080000ec   Section        8  __main.o(!!!main)
    !!!scatter                               0x080000f4   Section       52  __scatter.o(!!!scatter)
    !!handler_copy                           0x08000128   Section       26  __scatter_copy.o(!!handler_copy)
    !!handler_zi                             0x08000144   Section       28  __scatter_zi.o(!!handler_zi)
    .ARM.Collect$$_printf_percent$$00000000  0x08000160   Section        0  _printf_percent.o(.ARM.Collect$$_printf_percent$$00000000)
    .ARM.Collect$$_printf_percent$$00000009  0x08000160   Section        6  _printf_d.o(.ARM.Collect$$_printf_percent$$00000009)
    .ARM.Collect$$_printf_percent$$00000017  0x08000166   Section        4  _printf_percent_end.o(.ARM.Collect$$_printf_percent$$00000017)
    .ARM.Collect$$libinit$$00000000          0x0800016a   Section        2  libinit.o(.ARM.Collect$$libinit$$00000000)
    .ARM.Collect$$libinit$$00000002          0x0800016c   Section        0  libinit2.o(.ARM.Collect$$libinit$$00000002)
    .ARM.Collect$$libinit$$00000004          0x0800016c   Section        0  libinit2.o(.ARM.Collect$$libinit$$00000004)
    .ARM.Collect$$libinit$$00000005          0x0800016c   Section        8  libinit2.o(.ARM.Collect$$libinit$$00000005)
    .ARM.Collect$$libinit$$0000000A          0x08000174   Section        0  libinit2.o(.ARM.Collect$$libinit$$0000000A)
    .ARM.Collect$$libinit$$0000000C          0x08000174   Section        0  libinit2.o(.ARM.Collect$$libinit$$0000000C)
    .ARM.Collect$$libinit$$0000000E          0x08000174   Section        0  libinit2.o(.ARM.Collect$$libinit$$0000000E)
    .ARM.Collect$$libinit$$00000011          0x08000174   Section        0  libinit2.o(.ARM.Collect$$libinit$$00000011)
    .ARM.Collect$$libinit$$00000013          0x08000174   Section        0  libinit2.o(.ARM.Collect$$libinit$$00000013)
    .ARM.Collect$$libinit$$00000015          0x08000174   Section        0  libinit2.o(.ARM.Collect$$libinit$$00000015)
    .ARM.Collect$$libinit$$00000017          0x08000174   Section        0  libinit2.o(.ARM.Collect$$libinit$$00000017)
    .ARM.Collect$$libinit$$00000019          0x08000174   Section        0  libinit2.o(.ARM.Collect$$libinit$$00000019)
    .ARM.Collect$$libinit$$0000001B          0x08000174   Section        0  libinit2.o(.ARM.Collect$$libinit$$0000001B)
    .ARM.Collect$$libinit$$0000001D          0x08000174   Section        0  libinit2.o(.ARM.Collect$$libinit$$0000001D)
    .ARM.Collect$$libinit$$0000001F          0x08000174   Section        0  libinit2.o(.ARM.Collect$$libinit$$0000001F)
    .ARM.Collect$$libinit$$00000021          0x08000174   Section        0  libinit2.o(.ARM.Collect$$libinit$$00000021)
    .ARM.Collect$$libinit$$00000023          0x08000174   Section        0  libinit2.o(.ARM.Collect$$libinit$$00000023)
    .ARM.Collect$$libinit$$00000025          0x08000174   Section        0  libinit2.o(.ARM.Collect$$libinit$$00000025)
    .ARM.Collect$$libinit$$0000002C          0x08000174   Section        0  libinit2.o(.ARM.Collect$$libinit$$0000002C)
    .ARM.Collect$$libinit$$0000002E          0x08000174   Section        0  libinit2.o(.ARM.Collect$$libinit$$0000002E)
    .ARM.Collect$$libinit$$00000030          0x08000174   Section        0  libinit2.o(.ARM.Collect$$libinit$$00000030)
    .ARM.Collect$$libinit$$00000032          0x08000174   Section        0  libinit2.o(.ARM.Collect$$libinit$$00000032)
    .ARM.Collect$$libinit$$00000033          0x08000174   Section        2  libinit2.o(.ARM.Collect$$libinit$$00000033)
    .ARM.Collect$$libshutdown$$00000000      0x08000176   Section        2  libshutdown.o(.ARM.Collect$$libshutdown$$00000000)
    .ARM.Collect$$libshutdown$$00000002      0x08000178   Section        0  libshutdown2.o(.ARM.Collect$$libshutdown$$00000002)
    .ARM.Collect$$libshutdown$$00000004      0x08000178   Section        0  libshutdown2.o(.ARM.Collect$$libshutdown$$00000004)
    .ARM.Collect$$libshutdown$$00000007      0x08000178   Section        0  libshutdown2.o(.ARM.Collect$$libshutdown$$00000007)
    .ARM.Collect$$libshutdown$$0000000A      0x08000178   Section        0  libshutdown2.o(.ARM.Collect$$libshutdown$$0000000A)
    .ARM.Collect$$libshutdown$$0000000C      0x08000178   Section        0  libshutdown2.o(.ARM.Collect$$libshutdown$$0000000C)
    .ARM.Collect$$libshutdown$$0000000F      0x08000178   Section        0  libshutdown2.o(.ARM.Collect$$libshutdown$$0000000F)
    .ARM.Collect$$libshutdown$$00000010      0x08000178   Section        2  libshutdown2.o(.ARM.Collect$$libshutdown$$00000010)
    .ARM.Collect$$rtentry$$00000000          0x0800017a   Section        0  __rtentry.o(.ARM.Collect$$rtentry$$00000000)
    .ARM.Collect$$rtentry$$00000002          0x0800017a   Section        0  __rtentry2.o(.ARM.Collect$$rtentry$$00000002)
    .ARM.Collect$$rtentry$$00000004          0x0800017a   Section        6  __rtentry4.o(.ARM.Collect$$rtentry$$00000004)
    .ARM.Collect$$rtentry$$00000009          0x08000180   Section        0  __rtentry2.o(.ARM.Collect$$rtentry$$00000009)
    .ARM.Collect$$rtentry$$0000000A          0x08000180   Section        4  __rtentry2.o(.ARM.Collect$$rtentry$$0000000A)
    .ARM.Collect$$rtentry$$0000000C          0x08000184   Section        0  __rtentry2.o(.ARM.Collect$$rtentry$$0000000C)
    .ARM.Collect$$rtentry$$0000000D          0x08000184   Section        8  __rtentry2.o(.ARM.Collect$$rtentry$$0000000D)
    .ARM.Collect$$rtexit$$00000000           0x0800018c   Section        2  rtexit.o(.ARM.Collect$$rtexit$$00000000)
    .ARM.Collect$$rtexit$$00000002           0x0800018e   Section        0  rtexit2.o(.ARM.Collect$$rtexit$$00000002)
    .ARM.Collect$$rtexit$$00000003           0x0800018e   Section        4  rtexit2.o(.ARM.Collect$$rtexit$$00000003)
    .ARM.Collect$$rtexit$$00000004           0x08000192   Section        6  rtexit2.o(.ARM.Collect$$rtexit$$00000004)
    .emb_text                                0x08000198   Section        0  maybetermalloc1.o(.emb_text)
    .text                                    0x08000198   Section       96  cpu.o(.text)
    .text                                    0x080001f8   Section       64  startup_stm32f10x_md.o(.text)
    .text                                    0x08000238   Section        0  calloc.o(.text)
    .text                                    0x08000260   Section        0  h1_alloc.o(.text)
    .text                                    0x080002be   Section        0  h1_free.o(.text)
    .text                                    0x0800030c   Section        0  noretval__2printf.o(.text)
    .text                                    0x08000324   Section        0  __printf.o(.text)
    .text                                    0x0800038c   Section        0  _printf_dec.o(.text)
    .text                                    0x08000404   Section        0  assert.o(.text)
    .text                                    0x08000484   Section      132  rt_memmove_v6.o(.text)
    .text                                    0x08000508   Section        0  heapauxi.o(.text)
    .text                                    0x08000510   Section        8  rt_heap_descriptor_intlibspace.o(.text)
    .text                                    0x08000518   Section        0  hguard.o(.text)
    .text                                    0x0800051c   Section        0  init_alloc.o(.text)
    .text                                    0x080005a6   Section        0  h1_init.o(.text)
    .text                                    0x080005b4   Section        0  _printf_intcommon.o(.text)
    .text                                    0x08000668   Section        0  _printf_char_file.o(.text)
    .text                                    0x0800068c   Section        0  abort.o(.text)
    .text                                    0x080006a2   Section        0  assert_puts.o(.text)
    .text                                    0x080006b6   Section      138  rt_memcpy_v6.o(.text)
    .text                                    0x08000740   Section      100  rt_memcpy_w.o(.text)
    .text                                    0x080007a4   Section      122  rt_memmove_w.o(.text)
    .text                                    0x0800081e   Section       68  rt_memclr.o(.text)
    .text                                    0x08000862   Section        0  sys_wrch.o(.text)
    .text                                    0x08000870   Section        8  libspace.o(.text)
    .text                                    0x08000878   Section        0  h1_extend.o(.text)
    .text                                    0x080008ac   Section        0  _printf_char_common.o(.text)
    _printf_input_char                       0x080008ad   Thumb Code    10  _printf_char_common.o(.text)
    .text                                    0x080008dc   Section        0  ferror.o(.text)
    .text                                    0x080008e4   Section        0  defsig_abrt_outer.o(.text)
    .text                                    0x080008f2   Section        0  defsig_rtmem_outer.o(.text)
    .text                                    0x08000900   Section       78  rt_memclr_w.o(.text)
    .text                                    0x0800094e   Section        2  use_no_semi.o(.text)
    .text                                    0x08000950   Section       74  sys_stackheap_outer.o(.text)
    .text                                    0x08000950   Section        0  indicate_semi.o(.text)
    .text                                    0x0800099a   Section        0  exit.o(.text)
    .text                                    0x080009ac   Section        0  defsig_exit.o(.text)
    .text                                    0x080009b8   Section        0  defsig_abrt_inner.o(.text)
    .text                                    0x080009e8   Section        0  defsig_rtmem_inner.o(.text)
    .text                                    0x08000a38   Section        0  defsig_general.o(.text)
    i.GPIO_Init                              0x08000a6a   Section        0  stm32f10x_gpio.o(i.GPIO_Init)
    i.GPIO_ReadOutputDataBit                 0x08000b80   Section        0  stm32f10x_gpio.o(i.GPIO_ReadOutputDataBit)
    i.GPIO_WriteBit                          0x08000b92   Section        0  stm32f10x_gpio.o(i.GPIO_WriteBit)
    i.LLA_SYS_Time_Init                      0x08000b9c   Section        0  sys_tick.o(i.LLA_SYS_Time_Init)
    i.List_Initialise                        0x08000be8   Section        0  list.o(i.List_Initialise)
    i.List_InserOrderDec                     0x08000c1c   Section        0  list.o(i.List_InserOrderDec)
    i.List_InserOrderInc                     0x08000ca8   Section        0  list.o(i.List_InserOrderInc)
    i.List_InsertEnd                         0x08000d34   Section        0  list.o(i.List_InsertEnd)
    i.List_Remove                            0x08000d9c   Section        0  list.o(i.List_Remove)
    i.RCC_APB2PeriphClockCmd                 0x08000e20   Section        0  stm32f10x_rcc.o(i.RCC_APB2PeriphClockCmd)
    i.RCC_GetClocksFreq                      0x08000e40   Section        0  stm32f10x_rcc.o(i.RCC_GetClocksFreq)
    i.SetSysClock                            0x08000f14   Section        0  system_stm32f10x.o(i.SetSysClock)
    SetSysClock                              0x08000f15   Thumb Code     8  system_stm32f10x.o(i.SetSysClock)
    i.SetSysClockTo72                        0x08000f1c   Section        0  system_stm32f10x.o(i.SetSysClockTo72)
    SetSysClockTo72                          0x08000f1d   Thumb Code   214  system_stm32f10x.o(i.SetSysClockTo72)
    i.SysTick_Handler                        0x08000ffc   Section        0  sys_tick.o(i.SysTick_Handler)
    i.SystemCoreClockUpdate                  0x08001048   Section        0  system_stm32f10x.o(i.SystemCoreClockUpdate)
    i.SystemInit                             0x080010ec   Section        0  system_stm32f10x.o(i.SystemInit)
    i.USART_Cmd                              0x0800114c   Section        0  stm32f10x_usart.o(i.USART_Cmd)
    i.USART_Init                             0x08001164   Section        0  stm32f10x_usart.o(i.USART_Init)
    i.__NVIC_SetPriority                     0x0800123c   Section        0  sys_tick.o(i.__NVIC_SetPriority)
    __NVIC_SetPriority                       0x0800123d   Thumb Code    32  sys_tick.o(i.__NVIC_SetPriority)
    i._sys_exit                              0x08001264   Section        0  stdio.o(i._sys_exit)
    i.fputc                                  0x08001268   Section        0  stdio.o(i.fputc)
    i.idle_task                              0x08001284   Section        0  os.o(i.idle_task)
    i.led0Task                               0x0800128c   Section        0  main.o(i.led0Task)
    i.led0Task_create                        0x080012b0   Section        0  main.o(i.led0Task_create)
    i.led1Task                               0x080012d0   Section        0  main.o(i.led1Task)
    i.led1Task_create                        0x08001304   Section        0  main.o(i.led1Task_create)
    i.led_init                               0x08001324   Section        0  led.o(i.led_init)
    i.led_toggle                             0x08001378   Section        0  led.o(i.led_toggle)
    i.list_InsertPosAfter                    0x080013c8   Section        0  list.o(i.list_InsertPosAfter)
    list_InsertPosAfter                      0x080013c9   Thumb Code    30  list.o(i.list_InsertPosAfter)
    i.list_InsertPosBefore                   0x080013e6   Section        0  list.o(i.list_InsertPosBefore)
    list_InsertPosBefore                     0x080013e7   Thumb Code    30  list.o(i.list_InsertPosBefore)
    i.main                                   0x08001404   Section        0  main.o(i.main)
    i.osQueueResumeTask                      0x08001494   Section        0  os_queue.o(i.osQueueResumeTask)
    i.os_checkDelayList                      0x08001534   Section        0  os_task.o(i.os_checkDelayList)
    i.os_cpu_req_svc                         0x080015d8   Section        0  os_cpu.o(i.os_cpu_req_svc)
    i.os_init                                0x080015ec   Section        0  os.o(i.os_init)
    i.os_queue_create                        0x08001618   Section        0  os_queue.o(i.os_queue_create)
    i.os_queue_read                          0x0800165c   Section        0  os_queue.o(i.os_queue_read)
    i.os_queue_write                         0x08001704   Section        0  os_queue.o(i.os_queue_write)
    i.os_resume                              0x080017ac   Section        0  os.o(i.os_resume)
    i.os_selectNextPrioityHighestTask        0x080017d4   Section        0  os_task.o(i.os_selectNextPrioityHighestTask)
    i.os_start                               0x08001854   Section        0  os.o(i.os_start)
    i.os_state                               0x08001888   Section        0  os.o(i.os_state)
    i.os_suspend                             0x08001894   Section        0  os.o(i.os_suspend)
    i.os_switchTaskTCB                       0x080018b0   Section        0  os_task.o(i.os_switchTaskTCB)
    i.os_task_create                         0x080018d0   Section        0  os_task.o(i.os_task_create)
    i.os_task_delay                          0x080019ec   Section        0  os_task.o(i.os_task_delay)
    i.os_task_errorExit                      0x08001a3c   Section        0  os_task.o(i.os_task_errorExit)
    i.os_yiled                               0x08001a60   Section        0  os.o(i.os_yiled)
    i.pendSVC_enter                          0x08001a68   Section        0  os.o(i.pendSVC_enter)
    i.pendSVC_exit                           0x08001a7c   Section        0  os.o(i.pendSVC_exit)
    i.queue_convert_index                    0x08001a88   Section        0  queue.o(i.queue_convert_index)
    queue_convert_index                      0x08001a89   Thumb Code    16  queue.o(i.queue_convert_index)
    i.queue_create                           0x08001a98   Section        0  queue.o(i.queue_create)
    i.queue_get_len                          0x08001af8   Section        0  queue.o(i.queue_get_len)
    i.queue_get_read_index                   0x08001b4a   Section        0  queue.o(i.queue_get_read_index)
    queue_get_read_index                     0x08001b4b   Thumb Code    14  queue.o(i.queue_get_read_index)
    i.queue_get_write_index                  0x08001b58   Section        0  queue.o(i.queue_get_write_index)
    queue_get_write_index                    0x08001b59   Thumb Code    14  queue.o(i.queue_get_write_index)
    i.queue_isFull                           0x08001b66   Section        0  queue.o(i.queue_isFull)
    i.queue_move_read_index                  0x08001b7e   Section        0  queue.o(i.queue_move_read_index)
    queue_move_read_index                    0x08001b7f   Thumb Code    54  queue.o(i.queue_move_read_index)
    i.queue_move_write_index                 0x08001bb4   Section        0  queue.o(i.queue_move_write_index)
    queue_move_write_index                   0x08001bb5   Thumb Code    70  queue.o(i.queue_move_write_index)
    i.queue_read                             0x08001bfa   Section        0  queue.o(i.queue_read)
    i.queue_write                            0x08001c44   Section        0  queue.o(i.queue_write)
    i.task1                                  0x08001c90   Section        0  main.o(i.task1)
    i.task2                                  0x08001cc4   Section        0  main.o(i.task2)
    i.task6                                  0x08001d00   Section        0  main.o(i.task6)
    i.task6_create                           0x08001d04   Section        0  main.o(i.task6_create)
    i.uart_init                              0x08001d24   Section        0  uart.o(i.uart_init)
    .conststrlit                             0x08001dac   Section       45  main.o(.conststrlit)
    osTaskCreate                             0x08001dfc   Section       24  main.o(osTaskCreate)
    .data                                    0x20000000   Section        4  stdio.o(.data)
    .data                                    0x20000004   Section       12  sys_tick.o(.data)
    System_ms                                0x20000004   Data           4  sys_tick.o(.data)
    timeSliceTicks                           0x20000008   Data           4  sys_tick.o(.data)
    .data                                    0x20000010   Section        9  os_task.o(.data)
    .data                                    0x2000001c   Section        8  os.o(.data)
    _os_state                                0x2000001c   Data           1  os.o(.data)
    os_suspend_cnt                           0x20000020   Data           4  os.o(.data)
    .data                                    0x20000024   Section       20  stm32f10x_rcc.o(.data)
    APBAHBPrescTable                         0x20000024   Data          16  stm32f10x_rcc.o(.data)
    ADCPrescTable                            0x20000034   Data           4  stm32f10x_rcc.o(.data)
    .data                                    0x20000038   Section       20  system_stm32f10x.o(.data)
    .bss                                     0x2000004c   Section     2824  main.o(.bss)
    .bss                                     0x20000b54   Section      180  os_task.o(.bss)
    .bss                                     0x20000c08   Section      556  os.o(.bss)
    .bss                                     0x20000e34   Section       96  libspace.o(.bss)
    HEAP                                     0x20000e98   Section      512  startup_stm32f10x_md.o(HEAP)
    Heap_Mem                                 0x20000e98   Data         512  startup_stm32f10x_md.o(HEAP)
    STACK                                    0x20001098   Section     1024  startup_stm32f10x_md.o(STACK)
    Stack_Mem                                0x20001098   Data        1024  startup_stm32f10x_md.o(STACK)
    __initial_sp                             0x20001498   Data           0  startup_stm32f10x_md.o(STACK)

    Global Symbols

    Symbol Name                              Value     Ov Type        Size  Object(Section)

    BuildAttributes$$THM_ISAv4$P$D$K$B$S$PE$A:L22UL41UL21$X:L11$S22US41US21$IEEE1$IW$USESV6$~STKCKD$USESV7$~SHL$OTIME$ROPI$EBA8$UX$STANDARDLIB$REQ8$PRES8$EABIv2 0x00000000   Number         0  anon$$obj.o ABSOLUTE
    __ARM_use_no_argv                        0x00000000   Number         0  main.o ABSOLUTE
    __ARM_exceptions_init                     - Undefined Weak Reference
    __alloca_initialize                       - Undefined Weak Reference
    __arm_preinit_                            - Undefined Weak Reference
    __cpp_initialize__aeabi_                  - Undefined Weak Reference
    __cxa_finalize                            - Undefined Weak Reference
    __rt_locale                               - Undefined Weak Reference
    __sigvec_lookup                           - Undefined Weak Reference
    __user_heap_extent                        - Undefined Weak Reference
    _atexit_init                              - Undefined Weak Reference
    _call_atexit_fns                          - Undefined Weak Reference
    _clock_init                               - Undefined Weak Reference
    _fp_trap_init                             - Undefined Weak Reference
    _fp_trap_shutdown                         - Undefined Weak Reference
    _get_lc_collate                           - Undefined Weak Reference
    _get_lc_ctype                             - Undefined Weak Reference
    _get_lc_monetary                          - Undefined Weak Reference
    _get_lc_numeric                           - Undefined Weak Reference
    _get_lc_time                              - Undefined Weak Reference
    _getenv_init                              - Undefined Weak Reference
    _handle_redirection                       - Undefined Weak Reference
    _initio                                   - Undefined Weak Reference
    _mutex_acquire                            - Undefined Weak Reference
    _mutex_free                               - Undefined Weak Reference
    _mutex_release                            - Undefined Weak Reference
    _printf_post_padding                      - Undefined Weak Reference
    _printf_pre_padding                       - Undefined Weak Reference
    _printf_truncate_signed                   - Undefined Weak Reference
    _printf_truncate_unsigned                 - Undefined Weak Reference
    _rand_init                                - Undefined Weak Reference
    _signal_finish                            - Undefined Weak Reference
    _signal_init                              - Undefined Weak Reference
    _terminateio                              - Undefined Weak Reference
    __Vectors_Size                           0x000000ec   Number         0  startup_stm32f10x_md.o ABSOLUTE
    __Vectors                                0x08000000   Data           4  startup_stm32f10x_md.o(RESET)
    __Vectors_End                            0x080000ec   Data           0  startup_stm32f10x_md.o(RESET)
    __main                                   0x080000ed   Thumb Code     8  __main.o(!!!main)
    __scatterload                            0x080000f5   Thumb Code     0  __scatter.o(!!!scatter)
    __scatterload_rt2                        0x080000f5   Thumb Code    44  __scatter.o(!!!scatter)
    __scatterload_rt2_thumb_only             0x080000f5   Thumb Code     0  __scatter.o(!!!scatter)
    __scatterload_null                       0x08000103   Thumb Code     0  __scatter.o(!!!scatter)
    __scatterload_copy                       0x08000129   Thumb Code    26  __scatter_copy.o(!!handler_copy)
    __scatterload_zeroinit                   0x08000145   Thumb Code    28  __scatter_zi.o(!!handler_zi)
    _printf_d                                0x08000161   Thumb Code     0  _printf_d.o(.ARM.Collect$$_printf_percent$$00000009)
    _printf_percent                          0x08000161   Thumb Code     0  _printf_percent.o(.ARM.Collect$$_printf_percent$$00000000)
    _printf_percent_end                      0x08000167   Thumb Code     0  _printf_percent_end.o(.ARM.Collect$$_printf_percent$$00000017)
    __rt_lib_init                            0x0800016b   Thumb Code     0  libinit.o(.ARM.Collect$$libinit$$00000000)
    __rt_lib_init_fp_1                       0x0800016d   Thumb Code     0  libinit2.o(.ARM.Collect$$libinit$$00000002)
    __rt_lib_init_heap_2                     0x0800016d   Thumb Code     0  libinit2.o(.ARM.Collect$$libinit$$00000005)
    __rt_lib_init_preinit_1                  0x0800016d   Thumb Code     0  libinit2.o(.ARM.Collect$$libinit$$00000004)
    __rt_lib_init_alloca_1                   0x08000175   Thumb Code     0  libinit2.o(.ARM.Collect$$libinit$$0000002E)
    __rt_lib_init_argv_1                     0x08000175   Thumb Code     0  libinit2.o(.ARM.Collect$$libinit$$0000002C)
    __rt_lib_init_atexit_1                   0x08000175   Thumb Code     0  libinit2.o(.ARM.Collect$$libinit$$0000001B)
    __rt_lib_init_clock_1                    0x08000175   Thumb Code     0  libinit2.o(.ARM.Collect$$libinit$$00000021)
    __rt_lib_init_cpp_1                      0x08000175   Thumb Code     0  libinit2.o(.ARM.Collect$$libinit$$00000032)
    __rt_lib_init_exceptions_1               0x08000175   Thumb Code     0  libinit2.o(.ARM.Collect$$libinit$$00000030)
    __rt_lib_init_fp_trap_1                  0x08000175   Thumb Code     0  libinit2.o(.ARM.Collect$$libinit$$0000001F)
    __rt_lib_init_getenv_1                   0x08000175   Thumb Code     0  libinit2.o(.ARM.Collect$$libinit$$00000023)
    __rt_lib_init_heap_1                     0x08000175   Thumb Code     0  libinit2.o(.ARM.Collect$$libinit$$0000000A)
    __rt_lib_init_lc_collate_1               0x08000175   Thumb Code     0  libinit2.o(.ARM.Collect$$libinit$$00000011)
    __rt_lib_init_lc_ctype_1                 0x08000175   Thumb Code     0  libinit2.o(.ARM.Collect$$libinit$$00000013)
    __rt_lib_init_lc_monetary_1              0x08000175   Thumb Code     0  libinit2.o(.ARM.Collect$$libinit$$00000015)
    __rt_lib_init_lc_numeric_1               0x08000175   Thumb Code     0  libinit2.o(.ARM.Collect$$libinit$$00000017)
    __rt_lib_init_lc_time_1                  0x08000175   Thumb Code     0  libinit2.o(.ARM.Collect$$libinit$$00000019)
    __rt_lib_init_rand_1                     0x08000175   Thumb Code     0  libinit2.o(.ARM.Collect$$libinit$$0000000E)
    __rt_lib_init_return                     0x08000175   Thumb Code     0  libinit2.o(.ARM.Collect$$libinit$$00000033)
    __rt_lib_init_signal_1                   0x08000175   Thumb Code     0  libinit2.o(.ARM.Collect$$libinit$$0000001D)
    __rt_lib_init_stdio_1                    0x08000175   Thumb Code     0  libinit2.o(.ARM.Collect$$libinit$$00000025)
    __rt_lib_init_user_alloc_1               0x08000175   Thumb Code     0  libinit2.o(.ARM.Collect$$libinit$$0000000C)
    __rt_lib_shutdown                        0x08000177   Thumb Code     0  libshutdown.o(.ARM.Collect$$libshutdown$$00000000)
    __rt_lib_shutdown_cpp_1                  0x08000179   Thumb Code     0  libshutdown2.o(.ARM.Collect$$libshutdown$$00000002)
    __rt_lib_shutdown_fp_trap_1              0x08000179   Thumb Code     0  libshutdown2.o(.ARM.Collect$$libshutdown$$00000007)
    __rt_lib_shutdown_heap_1                 0x08000179   Thumb Code     0  libshutdown2.o(.ARM.Collect$$libshutdown$$0000000F)
    __rt_lib_shutdown_return                 0x08000179   Thumb Code     0  libshutdown2.o(.ARM.Collect$$libshutdown$$00000010)
    __rt_lib_shutdown_signal_1               0x08000179   Thumb Code     0  libshutdown2.o(.ARM.Collect$$libshutdown$$0000000A)
    __rt_lib_shutdown_stdio_1                0x08000179   Thumb Code     0  libshutdown2.o(.ARM.Collect$$libshutdown$$00000004)
    __rt_lib_shutdown_user_alloc_1           0x08000179   Thumb Code     0  libshutdown2.o(.ARM.Collect$$libshutdown$$0000000C)
    __rt_entry                               0x0800017b   Thumb Code     0  __rtentry.o(.ARM.Collect$$rtentry$$00000000)
    __rt_entry_presh_1                       0x0800017b   Thumb Code     0  __rtentry2.o(.ARM.Collect$$rtentry$$00000002)
    __rt_entry_sh                            0x0800017b   Thumb Code     0  __rtentry4.o(.ARM.Collect$$rtentry$$00000004)
    __rt_entry_li                            0x08000181   Thumb Code     0  __rtentry2.o(.ARM.Collect$$rtentry$$0000000A)
    __rt_entry_postsh_1                      0x08000181   Thumb Code     0  __rtentry2.o(.ARM.Collect$$rtentry$$00000009)
    __rt_entry_main                          0x08000185   Thumb Code     0  __rtentry2.o(.ARM.Collect$$rtentry$$0000000D)
    __rt_entry_postli_1                      0x08000185   Thumb Code     0  __rtentry2.o(.ARM.Collect$$rtentry$$0000000C)
    __rt_exit                                0x0800018d   Thumb Code     0  rtexit.o(.ARM.Collect$$rtexit$$00000000)
    __rt_exit_ls                             0x0800018f   Thumb Code     0  rtexit2.o(.ARM.Collect$$rtexit$$00000003)
    __rt_exit_prels_1                        0x0800018f   Thumb Code     0  rtexit2.o(.ARM.Collect$$rtexit$$00000002)
    __rt_exit_exit                           0x08000193   Thumb Code     0  rtexit2.o(.ARM.Collect$$rtexit$$00000004)
    PendSV_Handler                           0x08000199   Thumb Code     0  cpu.o(.text)
    _maybe_terminate_alloc                   0x08000199   Thumb Code     0  maybetermalloc1.o(.emb_text)
    init_cpu                                 0x080001e5   Thumb Code     0  cpu.o(.text)
    Reset_Handler                            0x080001f9   Thumb Code     8  startup_stm32f10x_md.o(.text)
    NMI_Handler                              0x08000201   Thumb Code     2  startup_stm32f10x_md.o(.text)
    HardFault_Handler                        0x08000203   Thumb Code     2  startup_stm32f10x_md.o(.text)
    MemManage_Handler                        0x08000205   Thumb Code     2  startup_stm32f10x_md.o(.text)
    BusFault_Handler                         0x08000207   Thumb Code     2  startup_stm32f10x_md.o(.text)
    UsageFault_Handler                       0x08000209   Thumb Code     2  startup_stm32f10x_md.o(.text)
    SVC_Handler                              0x0800020b   Thumb Code     2  startup_stm32f10x_md.o(.text)
    DebugMon_Handler                         0x0800020d   Thumb Code     2  startup_stm32f10x_md.o(.text)
    ADC1_2_IRQHandler                        0x08000213   Thumb Code     0  startup_stm32f10x_md.o(.text)
    CAN1_RX1_IRQHandler                      0x08000213   Thumb Code     0  startup_stm32f10x_md.o(.text)
    CAN1_SCE_IRQHandler                      0x08000213   Thumb Code     0  startup_stm32f10x_md.o(.text)
    DMA1_Channel1_IRQHandler                 0x08000213   Thumb Code     0  startup_stm32f10x_md.o(.text)
    DMA1_Channel2_IRQHandler                 0x08000213   Thumb Code     0  startup_stm32f10x_md.o(.text)
    DMA1_Channel3_IRQHandler                 0x08000213   Thumb Code     0  startup_stm32f10x_md.o(.text)
    DMA1_Channel4_IRQHandler                 0x08000213   Thumb Code     0  startup_stm32f10x_md.o(.text)
    DMA1_Channel5_IRQHandler                 0x08000213   Thumb Code     0  startup_stm32f10x_md.o(.text)
    DMA1_Channel6_IRQHandler                 0x08000213   Thumb Code     0  startup_stm32f10x_md.o(.text)
    DMA1_Channel7_IRQHandler                 0x08000213   Thumb Code     0  startup_stm32f10x_md.o(.text)
    EXTI0_IRQHandler                         0x08000213   Thumb Code     0  startup_stm32f10x_md.o(.text)
    EXTI15_10_IRQHandler                     0x08000213   Thumb Code     0  startup_stm32f10x_md.o(.text)
    EXTI1_IRQHandler                         0x08000213   Thumb Code     0  startup_stm32f10x_md.o(.text)
    EXTI2_IRQHandler                         0x08000213   Thumb Code     0  startup_stm32f10x_md.o(.text)
    EXTI3_IRQHandler                         0x08000213   Thumb Code     0  startup_stm32f10x_md.o(.text)
    EXTI4_IRQHandler                         0x08000213   Thumb Code     0  startup_stm32f10x_md.o(.text)
    EXTI9_5_IRQHandler                       0x08000213   Thumb Code     0  startup_stm32f10x_md.o(.text)
    FLASH_IRQHandler                         0x08000213   Thumb Code     0  startup_stm32f10x_md.o(.text)
    I2C1_ER_IRQHandler                       0x08000213   Thumb Code     0  startup_stm32f10x_md.o(.text)
    I2C1_EV_IRQHandler                       0x08000213   Thumb Code     0  startup_stm32f10x_md.o(.text)
    I2C2_ER_IRQHandler                       0x08000213   Thumb Code     0  startup_stm32f10x_md.o(.text)
    I2C2_EV_IRQHandler                       0x08000213   Thumb Code     0  startup_stm32f10x_md.o(.text)
    PVD_IRQHandler                           0x08000213   Thumb Code     0  startup_stm32f10x_md.o(.text)
    RCC_IRQHandler                           0x08000213   Thumb Code     0  startup_stm32f10x_md.o(.text)
    RTCAlarm_IRQHandler                      0x08000213   Thumb Code     0  startup_stm32f10x_md.o(.text)
    RTC_IRQHandler                           0x08000213   Thumb Code     0  startup_stm32f10x_md.o(.text)
    SPI1_IRQHandler                          0x08000213   Thumb Code     0  startup_stm32f10x_md.o(.text)
    SPI2_IRQHandler                          0x08000213   Thumb Code     0  startup_stm32f10x_md.o(.text)
    TAMPER_IRQHandler                        0x08000213   Thumb Code     0  startup_stm32f10x_md.o(.text)
    TIM1_BRK_IRQHandler                      0x08000213   Thumb Code     0  startup_stm32f10x_md.o(.text)
    TIM1_CC_IRQHandler                       0x08000213   Thumb Code     0  startup_stm32f10x_md.o(.text)
    TIM1_TRG_COM_IRQHandler                  0x08000213   Thumb Code     0  startup_stm32f10x_md.o(.text)
    TIM1_UP_IRQHandler                       0x08000213   Thumb Code     0  startup_stm32f10x_md.o(.text)
    TIM2_IRQHandler                          0x08000213   Thumb Code     0  startup_stm32f10x_md.o(.text)
    TIM3_IRQHandler                          0x08000213   Thumb Code     0  startup_stm32f10x_md.o(.text)
    TIM4_IRQHandler                          0x08000213   Thumb Code     0  startup_stm32f10x_md.o(.text)
    USART1_IRQHandler                        0x08000213   Thumb Code     0  startup_stm32f10x_md.o(.text)
    USART2_IRQHandler                        0x08000213   Thumb Code     0  startup_stm32f10x_md.o(.text)
    USART3_IRQHandler                        0x08000213   Thumb Code     0  startup_stm32f10x_md.o(.text)
    USBWakeUp_IRQHandler                     0x08000213   Thumb Code     0  startup_stm32f10x_md.o(.text)
    USB_HP_CAN1_TX_IRQHandler                0x08000213   Thumb Code     0  startup_stm32f10x_md.o(.text)
    USB_LP_CAN1_RX0_IRQHandler               0x08000213   Thumb Code     0  startup_stm32f10x_md.o(.text)
    WWDG_IRQHandler                          0x08000213   Thumb Code     0  startup_stm32f10x_md.o(.text)
    __user_initial_stackheap                 0x08000215   Thumb Code     0  startup_stm32f10x_md.o(.text)
    calloc                                   0x08000239   Thumb Code    40  calloc.o(.text)
    malloc                                   0x08000261   Thumb Code    94  h1_alloc.o(.text)
    free                                     0x080002bf   Thumb Code    78  h1_free.o(.text)
    __2printf                                0x0800030d   Thumb Code    20  noretval__2printf.o(.text)
    __printf                                 0x08000325   Thumb Code   104  __printf.o(.text)
    _printf_int_dec                          0x0800038d   Thumb Code   104  _printf_dec.o(.text)
    __aeabi_assert                           0x08000405   Thumb Code    86  assert.o(.text)
    __assert                                 0x08000405   Thumb Code     0  assert.o(.text)
    __aeabi_memmove                          0x08000485   Thumb Code     0  rt_memmove_v6.o(.text)
    __rt_memmove                             0x08000485   Thumb Code   132  rt_memmove_v6.o(.text)
    __memmove_lastfew                        0x080004e5   Thumb Code     0  rt_memmove_v6.o(.text)
    __use_two_region_memory                  0x08000509   Thumb Code     2  heapauxi.o(.text)
    __rt_heap_escrow                         0x0800050b   Thumb Code     2  heapauxi.o(.text)
    __rt_heap_expand                         0x0800050d   Thumb Code     2  heapauxi.o(.text)
    __rt_heap_descriptor                     0x08000511   Thumb Code     8  rt_heap_descriptor_intlibspace.o(.text)
    __use_no_heap                            0x08000519   Thumb Code     2  hguard.o(.text)
    __heap$guard                             0x0800051b   Thumb Code     2  hguard.o(.text)
    _terminate_user_alloc                    0x0800051d   Thumb Code     2  init_alloc.o(.text)
    _init_user_alloc                         0x0800051f   Thumb Code     2  init_alloc.o(.text)
    __Heap_Full                              0x08000521   Thumb Code    34  init_alloc.o(.text)
    __Heap_Broken                            0x08000543   Thumb Code     6  init_alloc.o(.text)
    _init_alloc                              0x08000549   Thumb Code    94  init_alloc.o(.text)
    __Heap_Initialize                        0x080005a7   Thumb Code    10  h1_init.o(.text)
    __Heap_DescSize                          0x080005b1   Thumb Code     4  h1_init.o(.text)
    _printf_int_common                       0x080005b5   Thumb Code   178  _printf_intcommon.o(.text)
    _printf_char_file                        0x08000669   Thumb Code    32  _printf_char_file.o(.text)
    abort                                    0x0800068d   Thumb Code    22  abort.o(.text)
    __assert_puts                            0x080006a3   Thumb Code    20  assert_puts.o(.text)
    __aeabi_memcpy                           0x080006b7   Thumb Code     0  rt_memcpy_v6.o(.text)
    __rt_memcpy                              0x080006b7   Thumb Code   138  rt_memcpy_v6.o(.text)
    _memcpy_lastbytes                        0x0800071d   Thumb Code     0  rt_memcpy_v6.o(.text)
    __aeabi_memcpy4                          0x08000741   Thumb Code     0  rt_memcpy_w.o(.text)
    __aeabi_memcpy8                          0x08000741   Thumb Code     0  rt_memcpy_w.o(.text)
    __rt_memcpy_w                            0x08000741   Thumb Code   100  rt_memcpy_w.o(.text)
    _memcpy_lastbytes_aligned                0x08000789   Thumb Code     0  rt_memcpy_w.o(.text)
    __aeabi_memmove4                         0x080007a5   Thumb Code     0  rt_memmove_w.o(.text)
    __aeabi_memmove8                         0x080007a5   Thumb Code     0  rt_memmove_w.o(.text)
    __rt_memmove_w                           0x080007a5   Thumb Code   122  rt_memmove_w.o(.text)
    __memmove_aligned                        0x080007cb   Thumb Code     0  rt_memmove_w.o(.text)
    __memmove_lastfew_aligned                0x08000803   Thumb Code     0  rt_memmove_w.o(.text)
    __aeabi_memclr                           0x0800081f   Thumb Code     0  rt_memclr.o(.text)
    __rt_memclr                              0x0800081f   Thumb Code    68  rt_memclr.o(.text)
    _memset                                  0x08000823   Thumb Code     0  rt_memclr.o(.text)
    _ttywrch                                 0x08000863   Thumb Code    14  sys_wrch.o(.text)
    __user_libspace                          0x08000871   Thumb Code     8  libspace.o(.text)
    __user_perproc_libspace                  0x08000871   Thumb Code     0  libspace.o(.text)
    __user_perthread_libspace                0x08000871   Thumb Code     0  libspace.o(.text)
    __Heap_ProvideMemory                     0x08000879   Thumb Code    52  h1_extend.o(.text)
    _printf_char_common                      0x080008b7   Thumb Code    32  _printf_char_common.o(.text)
    ferror                                   0x080008dd   Thumb Code     8  ferror.o(.text)
    __rt_SIGABRT                             0x080008e5   Thumb Code    14  defsig_abrt_outer.o(.text)
    __rt_SIGRTMEM                            0x080008f3   Thumb Code    14  defsig_rtmem_outer.o(.text)
    __aeabi_memclr4                          0x08000901   Thumb Code     0  rt_memclr_w.o(.text)
    __aeabi_memclr8                          0x08000901   Thumb Code     0  rt_memclr_w.o(.text)
    __rt_memclr_w                            0x08000901   Thumb Code    78  rt_memclr_w.o(.text)
    _memset_w                                0x08000905   Thumb Code     0  rt_memclr_w.o(.text)
    __I$use$semihosting                      0x0800094f   Thumb Code     0  use_no_semi.o(.text)
    __use_no_semihosting_swi                 0x0800094f   Thumb Code     2  use_no_semi.o(.text)
    __semihosting_library_function           0x08000951   Thumb Code     0  indicate_semi.o(.text)
    __user_setup_stackheap                   0x08000951   Thumb Code    74  sys_stackheap_outer.o(.text)
    exit                                     0x0800099b   Thumb Code    18  exit.o(.text)
    __sig_exit                               0x080009ad   Thumb Code    10  defsig_exit.o(.text)
    __rt_SIGABRT_inner                       0x080009b9   Thumb Code    14  defsig_abrt_inner.o(.text)
    __rt_SIGRTMEM_inner                      0x080009e9   Thumb Code    22  defsig_rtmem_inner.o(.text)
    __default_signal_display                 0x08000a39   Thumb Code    50  defsig_general.o(.text)
    GPIO_Init                                0x08000a6b   Thumb Code   278  stm32f10x_gpio.o(i.GPIO_Init)
    GPIO_ReadOutputDataBit                   0x08000b81   Thumb Code    18  stm32f10x_gpio.o(i.GPIO_ReadOutputDataBit)
    GPIO_WriteBit                            0x08000b93   Thumb Code    10  stm32f10x_gpio.o(i.GPIO_WriteBit)
    LLA_SYS_Time_Init                        0x08000b9d   Thumb Code    70  sys_tick.o(i.LLA_SYS_Time_Init)
    List_Initialise                          0x08000be9   Thumb Code    32  list.o(i.List_Initialise)
    List_InserOrderDec                       0x08000c1d   Thumb Code   112  list.o(i.List_InserOrderDec)
    List_InserOrderInc                       0x08000ca9   Thumb Code   112  list.o(i.List_InserOrderInc)
    List_InsertEnd                           0x08000d35   Thumb Code    74  list.o(i.List_InsertEnd)
    List_Remove                              0x08000d9d   Thumb Code   100  list.o(i.List_Remove)
    RCC_APB2PeriphClockCmd                   0x08000e21   Thumb Code    26  stm32f10x_rcc.o(i.RCC_APB2PeriphClockCmd)
    RCC_GetClocksFreq                        0x08000e41   Thumb Code   192  stm32f10x_rcc.o(i.RCC_GetClocksFreq)
    SysTick_Handler                          0x08000ffd   Thumb Code    62  sys_tick.o(i.SysTick_Handler)
    SystemCoreClockUpdate                    0x08001049   Thumb Code   142  system_stm32f10x.o(i.SystemCoreClockUpdate)
    SystemInit                               0x080010ed   Thumb Code    78  system_stm32f10x.o(i.SystemInit)
    USART_Cmd                                0x0800114d   Thumb Code    24  stm32f10x_usart.o(i.USART_Cmd)
    USART_Init                               0x08001165   Thumb Code   210  stm32f10x_usart.o(i.USART_Init)
    _sys_exit                                0x08001265   Thumb Code     4  stdio.o(i._sys_exit)
    fputc                                    0x08001269   Thumb Code    22  stdio.o(i.fputc)
    idle_task                                0x08001285   Thumb Code     6  os.o(i.idle_task)
    led0Task                                 0x0800128d   Thumb Code    30  main.o(i.led0Task)
    led0Task_create                          0x080012b1   Thumb Code    20  main.o(i.led0Task_create)
    led1Task                                 0x080012d1   Thumb Code    30  main.o(i.led1Task)
    led1Task_create                          0x08001305   Thumb Code    20  main.o(i.led1Task_create)
    led_init                                 0x08001325   Thumb Code    76  led.o(i.led_init)
    led_toggle                               0x08001379   Thumb Code    70  led.o(i.led_toggle)
    main                                     0x08001405   Thumb Code    98  main.o(i.main)
    osQueueResumeTask                        0x08001495   Thumb Code   152  os_queue.o(i.osQueueResumeTask)
    os_checkDelayList                        0x08001535   Thumb Code   148  os_task.o(i.os_checkDelayList)
    os_cpu_req_svc                           0x080015d9   Thumb Code    16  os_cpu.o(i.os_cpu_req_svc)
    os_init                                  0x080015ed   Thumb Code    34  os.o(i.os_init)
    os_queue_create                          0x08001619   Thumb Code    66  os_queue.o(i.os_queue_create)
    os_queue_read                            0x0800165d   Thumb Code   150  os_queue.o(i.os_queue_read)
    os_queue_write                           0x08001705   Thumb Code   150  os_queue.o(i.os_queue_write)
    os_resume                                0x080017ad   Thumb Code    32  os.o(i.os_resume)
    os_selectNextPrioityHighestTask          0x080017d5   Thumb Code   124  os_task.o(i.os_selectNextPrioityHighestTask)
    os_start                                 0x08001855   Thumb Code    34  os.o(i.os_start)
    os_state                                 0x08001889   Thumb Code     6  os.o(i.os_state)
    os_suspend                               0x08001895   Thumb Code    20  os.o(i.os_suspend)
    os_switchTaskTCB                         0x080018b1   Thumb Code    20  os_task.o(i.os_switchTaskTCB)
    os_task_create                           0x080018d1   Thumb Code   274  os_task.o(i.os_task_create)
    os_task_delay                            0x080019ed   Thumb Code    68  os_task.o(i.os_task_delay)
    os_task_errorExit                        0x08001a3d   Thumb Code    14  os_task.o(i.os_task_errorExit)
    os_yiled                                 0x08001a61   Thumb Code     8  os.o(i.os_yiled)
    pendSVC_enter                            0x08001a69   Thumb Code    16  os.o(i.pendSVC_enter)
    pendSVC_exit                             0x08001a7d   Thumb Code     8  os.o(i.pendSVC_exit)
    queue_create                             0x08001a99   Thumb Code    96  queue.o(i.queue_create)
    queue_get_len                            0x08001af9   Thumb Code    82  queue.o(i.queue_get_len)
    queue_isFull                             0x08001b67   Thumb Code    24  queue.o(i.queue_isFull)
    queue_read                               0x08001bfb   Thumb Code    74  queue.o(i.queue_read)
    queue_write                              0x08001c45   Thumb Code    76  queue.o(i.queue_write)
    task1                                    0x08001c91   Thumb Code    32  main.o(i.task1)
    task2                                    0x08001cc5   Thumb Code    30  main.o(i.task2)
    task6                                    0x08001d01   Thumb Code     4  main.o(i.task6)
    task6_create                             0x08001d05   Thumb Code    20  main.o(i.task6_create)
    uart_init                                0x08001d25   Thumb Code   128  uart.o(i.uart_init)
    Region$$Table$$Base                      0x08001ddc   Number         0  anon$$obj.o(Region$$Table)
    Region$$Table$$Limit                     0x08001dfc   Number         0  anon$$obj.o(Region$$Table)
    osTaskCreate$$Base                       0x08001dfc   Number         0  main.o(osTaskCreate)
    sys_lib_led0Task_create                  0x08001dfc   Data           8  main.o(osTaskCreate)
    sys_lib_led1Task_create                  0x08001e04   Data           8  main.o(osTaskCreate)
    sys_lib_task6_create                     0x08001e0c   Data           8  main.o(osTaskCreate)
    osTaskCreate$$Limit                      0x08001e14   Number         0  main.o(osTaskCreate)
    __stdout                                 0x20000000   Data           4  stdio.o(.data)
    os_tick_count                            0x2000000c   Data           4  sys_tick.o(.data)
    running_tcb                              0x20000010   Data           4  os_task.o(.data)
    switch_tcb                               0x20000014   Data           4  os_task.o(.data)
    os_need_yiled                            0x20000018   Data           1  os_task.o(.data)
    SystemCoreClock                          0x20000038   Data           4  system_stm32f10x.o(.data)
    AHBPrescTable                            0x2000003c   Data          16  system_stm32f10x.o(.data)
    queue1                                   0x2000004c   Data          44  main.o(.bss)
    task1_tcb                                0x20000078   Data          44  main.o(.bss)
    task2_tcb                                0x200000a4   Data          44  main.o(.bss)
    task1_stack                              0x200000d0   Data         512  main.o(.bss)
    task2_stack                              0x200002d0   Data         512  main.o(.bss)
    led0Task_tcb                             0x200004d0   Data          44  main.o(.bss)
    led0Task_stack                           0x200004fc   Data         512  main.o(.bss)
    led1Task_tcb                             0x200006fc   Data          44  main.o(.bss)
    led1Task_stack                           0x20000728   Data         512  main.o(.bss)
    task6_tcb                                0x20000928   Data          44  main.o(.bss)
    task6_stack                              0x20000954   Data         512  main.o(.bss)
    osReadyList                              0x20000b54   Data         120  os_task.o(.bss)
    osDelayList                              0x20000bcc   Data          20  os_task.o(.bss)
    osDelayByWriteQueueList                  0x20000be0   Data          20  os_task.o(.bss)
    osDelayByReadQueueList                   0x20000bf4   Data          20  os_task.o(.bss)
    idle_taskTCB                             0x20000c08   Data          44  os.o(.bss)
    idle_stack                               0x20000c34   Data         512  os.o(.bss)
    __libspace_start                         0x20000e34   Data          96  libspace.o(.bss)
    __temporary_stack_top$libspace           0x20000e94   Data           0  libspace.o(.bss)



==============================================================================

Memory Map of the image

  Image Entry point : 0x080000ed

  Load Region LR_IROM1 (Base: 0x08000000, Size: 0x00001e60, Max: 0x00010000, ABSOLUTE)

    Execution Region ER_IROM1 (Exec base: 0x08000000, Load base: 0x08000000, Size: 0x00001e14, Max: 0x00010000, ABSOLUTE)

    Exec Addr    Load Addr    Size         Type   Attr      Idx    E Section Name        Object

    0x08000000   0x08000000   0x000000ec   Data   RO         1239    RESET               startup_stm32f10x_md.o
    0x080000ec   0x080000ec   0x00000008   Code   RO         1392  * !!!main             c_w.l(__main.o)
    0x080000f4   0x080000f4   0x00000034   Code   RO         1622    !!!scatter          c_w.l(__scatter.o)
    0x08000128   0x08000128   0x0000001a   Code   RO         1624    !!handler_copy      c_w.l(__scatter_copy.o)
    0x08000142   0x08000142   0x00000002   PAD
    0x08000144   0x08000144   0x0000001c   Code   RO         1626    !!handler_zi        c_w.l(__scatter_zi.o)
    0x08000160   0x08000160   0x00000000   Code   RO         1385    .ARM.Collect$$_printf_percent$$00000000  c_w.l(_printf_percent.o)
    0x08000160   0x08000160   0x00000006   Code   RO         1384    .ARM.Collect$$_printf_percent$$00000009  c_w.l(_printf_d.o)
    0x08000166   0x08000166   0x00000004   Code   RO         1426    .ARM.Collect$$_printf_percent$$00000017  c_w.l(_printf_percent_end.o)
    0x0800016a   0x0800016a   0x00000002   Code   RO         1567    .ARM.Collect$$libinit$$00000000  c_w.l(libinit.o)
    0x0800016c   0x0800016c   0x00000000   Code   RO         1442    .ARM.Collect$$libinit$$00000002  c_w.l(libinit2.o)
    0x0800016c   0x0800016c   0x00000000   Code   RO         1444    .ARM.Collect$$libinit$$00000004  c_w.l(libinit2.o)
    0x0800016c   0x0800016c   0x00000008   Code   RO         1445    .ARM.Collect$$libinit$$00000005  c_w.l(libinit2.o)
    0x08000174   0x08000174   0x00000000   Code   RO         1447    .ARM.Collect$$libinit$$0000000A  c_w.l(libinit2.o)
    0x08000174   0x08000174   0x00000000   Code   RO         1449    .ARM.Collect$$libinit$$0000000C  c_w.l(libinit2.o)
    0x08000174   0x08000174   0x00000000   Code   RO         1451    .ARM.Collect$$libinit$$0000000E  c_w.l(libinit2.o)
    0x08000174   0x08000174   0x00000000   Code   RO         1454    .ARM.Collect$$libinit$$00000011  c_w.l(libinit2.o)
    0x08000174   0x08000174   0x00000000   Code   RO         1456    .ARM.Collect$$libinit$$00000013  c_w.l(libinit2.o)
    0x08000174   0x08000174   0x00000000   Code   RO         1458    .ARM.Collect$$libinit$$00000015  c_w.l(libinit2.o)
    0x08000174   0x08000174   0x00000000   Code   RO         1460    .ARM.Collect$$libinit$$00000017  c_w.l(libinit2.o)
    0x08000174   0x08000174   0x00000000   Code   RO         1462    .ARM.Collect$$libinit$$00000019  c_w.l(libinit2.o)
    0x08000174   0x08000174   0x00000000   Code   RO         1464    .ARM.Collect$$libinit$$0000001B  c_w.l(libinit2.o)
    0x08000174   0x08000174   0x00000000   Code   RO         1466    .ARM.Collect$$libinit$$0000001D  c_w.l(libinit2.o)
    0x08000174   0x08000174   0x00000000   Code   RO         1468    .ARM.Collect$$libinit$$0000001F  c_w.l(libinit2.o)
    0x08000174   0x08000174   0x00000000   Code   RO         1470    .ARM.Collect$$libinit$$00000021  c_w.l(libinit2.o)
    0x08000174   0x08000174   0x00000000   Code   RO         1472    .ARM.Collect$$libinit$$00000023  c_w.l(libinit2.o)
    0x08000174   0x08000174   0x00000000   Code   RO         1474    .ARM.Collect$$libinit$$00000025  c_w.l(libinit2.o)
    0x08000174   0x08000174   0x00000000   Code   RO         1478    .ARM.Collect$$libinit$$0000002C  c_w.l(libinit2.o)
    0x08000174   0x08000174   0x00000000   Code   RO         1480    .ARM.Collect$$libinit$$0000002E  c_w.l(libinit2.o)
    0x08000174   0x08000174   0x00000000   Code   RO         1482    .ARM.Collect$$libinit$$00000030  c_w.l(libinit2.o)
    0x08000174   0x08000174   0x00000000   Code   RO         1484    .ARM.Collect$$libinit$$00000032  c_w.l(libinit2.o)
    0x08000174   0x08000174   0x00000002   Code   RO         1485    .ARM.Collect$$libinit$$00000033  c_w.l(libinit2.o)
    0x08000176   0x08000176   0x00000002   Code   RO         1619    .ARM.Collect$$libshutdown$$00000000  c_w.l(libshutdown.o)
    0x08000178   0x08000178   0x00000000   Code   RO         1579    .ARM.Collect$$libshutdown$$00000002  c_w.l(libshutdown2.o)
    0x08000178   0x08000178   0x00000000   Code   RO         1581    .ARM.Collect$$libshutdown$$00000004  c_w.l(libshutdown2.o)
    0x08000178   0x08000178   0x00000000   Code   RO         1584    .ARM.Collect$$libshutdown$$00000007  c_w.l(libshutdown2.o)
    0x08000178   0x08000178   0x00000000   Code   RO         1587    .ARM.Collect$$libshutdown$$0000000A  c_w.l(libshutdown2.o)
    0x08000178   0x08000178   0x00000000   Code   RO         1589    .ARM.Collect$$libshutdown$$0000000C  c_w.l(libshutdown2.o)
    0x08000178   0x08000178   0x00000000   Code   RO         1592    .ARM.Collect$$libshutdown$$0000000F  c_w.l(libshutdown2.o)
    0x08000178   0x08000178   0x00000002   Code   RO         1593    .ARM.Collect$$libshutdown$$00000010  c_w.l(libshutdown2.o)
    0x0800017a   0x0800017a   0x00000000   Code   RO         1396    .ARM.Collect$$rtentry$$00000000  c_w.l(__rtentry.o)
    0x0800017a   0x0800017a   0x00000000   Code   RO         1494    .ARM.Collect$$rtentry$$00000002  c_w.l(__rtentry2.o)
    0x0800017a   0x0800017a   0x00000006   Code   RO         1506    .ARM.Collect$$rtentry$$00000004  c_w.l(__rtentry4.o)
    0x08000180   0x08000180   0x00000000   Code   RO         1496    .ARM.Collect$$rtentry$$00000009  c_w.l(__rtentry2.o)
    0x08000180   0x08000180   0x00000004   Code   RO         1497    .ARM.Collect$$rtentry$$0000000A  c_w.l(__rtentry2.o)
    0x08000184   0x08000184   0x00000000   Code   RO         1499    .ARM.Collect$$rtentry$$0000000C  c_w.l(__rtentry2.o)
    0x08000184   0x08000184   0x00000008   Code   RO         1500    .ARM.Collect$$rtentry$$0000000D  c_w.l(__rtentry2.o)
    0x0800018c   0x0800018c   0x00000002   Code   RO         1568    .ARM.Collect$$rtexit$$00000000  c_w.l(rtexit.o)
    0x0800018e   0x0800018e   0x00000000   Code   RO         1595    .ARM.Collect$$rtexit$$00000002  c_w.l(rtexit2.o)
    0x0800018e   0x0800018e   0x00000004   Code   RO         1596    .ARM.Collect$$rtexit$$00000003  c_w.l(rtexit2.o)
    0x08000192   0x08000192   0x00000006   Code   RO         1597    .ARM.Collect$$rtexit$$00000004  c_w.l(rtexit2.o)
    0x08000198   0x08000198   0x00000000   Code   RO         1510    .emb_text           c_w.l(maybetermalloc1.o)
    0x08000198   0x08000198   0x00000060   Code   RO          113    .text               cpu.o
    0x080001f8   0x080001f8   0x00000040   Code   RO         1240    .text               startup_stm32f10x_md.o
    0x08000238   0x08000238   0x00000028   Code   RO         1296    .text               c_w.l(calloc.o)
    0x08000260   0x08000260   0x0000005e   Code   RO         1298    .text               c_w.l(h1_alloc.o)
    0x080002be   0x080002be   0x0000004e   Code   RO         1300    .text               c_w.l(h1_free.o)
    0x0800030c   0x0800030c   0x00000018   Code   RO         1358    .text               c_w.l(noretval__2printf.o)
    0x08000324   0x08000324   0x00000068   Code   RO         1360    .text               c_w.l(__printf.o)
    0x0800038c   0x0800038c   0x00000078   Code   RO         1362    .text               c_w.l(_printf_dec.o)
    0x08000404   0x08000404   0x00000080   Code   RO         1386    .text               c_w.l(assert.o)
    0x08000484   0x08000484   0x00000084   Code   RO         1388    .text               c_w.l(rt_memmove_v6.o)
    0x08000508   0x08000508   0x00000006   Code   RO         1390    .text               c_w.l(heapauxi.o)
    0x0800050e   0x0800050e   0x00000002   PAD
    0x08000510   0x08000510   0x00000008   Code   RO         1400    .text               c_w.l(rt_heap_descriptor_intlibspace.o)
    0x08000518   0x08000518   0x00000004   Code   RO         1402    .text               c_w.l(hguard.o)
    0x0800051c   0x0800051c   0x0000008a   Code   RO         1404    .text               c_w.l(init_alloc.o)
    0x080005a6   0x080005a6   0x0000000e   Code   RO         1408    .text               c_w.l(h1_init.o)
    0x080005b4   0x080005b4   0x000000b2   Code   RO         1422    .text               c_w.l(_printf_intcommon.o)
    0x08000666   0x08000666   0x00000002   PAD
    0x08000668   0x08000668   0x00000024   Code   RO         1424    .text               c_w.l(_printf_char_file.o)
    0x0800068c   0x0800068c   0x00000016   Code   RO         1427    .text               c_w.l(abort.o)
    0x080006a2   0x080006a2   0x00000014   Code   RO         1429    .text               c_w.l(assert_puts.o)
    0x080006b6   0x080006b6   0x0000008a   Code   RO         1431    .text               c_w.l(rt_memcpy_v6.o)
    0x08000740   0x08000740   0x00000064   Code   RO         1433    .text               c_w.l(rt_memcpy_w.o)
    0x080007a4   0x080007a4   0x0000007a   Code   RO         1435    .text               c_w.l(rt_memmove_w.o)
    0x0800081e   0x0800081e   0x00000044   Code   RO         1437    .text               c_w.l(rt_memclr.o)
    0x08000862   0x08000862   0x0000000e   Code   RO         1486    .text               c_w.l(sys_wrch.o)
    0x08000870   0x08000870   0x00000008   Code   RO         1490    .text               c_w.l(libspace.o)
    0x08000878   0x08000878   0x00000034   Code   RO         1512    .text               c_w.l(h1_extend.o)
    0x080008ac   0x080008ac   0x00000030   Code   RO         1516    .text               c_w.l(_printf_char_common.o)
    0x080008dc   0x080008dc   0x00000008   Code   RO         1518    .text               c_w.l(ferror.o)
    0x080008e4   0x080008e4   0x0000000e   Code   RO         1522    .text               c_w.l(defsig_abrt_outer.o)
    0x080008f2   0x080008f2   0x0000000e   Code   RO         1526    .text               c_w.l(defsig_rtmem_outer.o)
    0x08000900   0x08000900   0x0000004e   Code   RO         1530    .text               c_w.l(rt_memclr_w.o)
    0x0800094e   0x0800094e   0x00000002   Code   RO         1539    .text               c_w.l(use_no_semi.o)
    0x08000950   0x08000950   0x00000000   Code   RO         1541    .text               c_w.l(indicate_semi.o)
    0x08000950   0x08000950   0x0000004a   Code   RO         1542    .text               c_w.l(sys_stackheap_outer.o)
    0x0800099a   0x0800099a   0x00000012   Code   RO         1550    .text               c_w.l(exit.o)
    0x080009ac   0x080009ac   0x0000000a   Code   RO         1552    .text               c_w.l(defsig_exit.o)
    0x080009b6   0x080009b6   0x00000002   PAD
    0x080009b8   0x080009b8   0x00000030   Code   RO         1554    .text               c_w.l(defsig_abrt_inner.o)
    0x080009e8   0x080009e8   0x00000050   Code   RO         1556    .text               c_w.l(defsig_rtmem_inner.o)
    0x08000a38   0x08000a38   0x00000032   Code   RO         1576    .text               c_w.l(defsig_general.o)
    0x08000a6a   0x08000a6a   0x00000116   Code   RO          716    i.GPIO_Init         stm32f10x_gpio.o
    0x08000b80   0x08000b80   0x00000012   Code   RO          722    i.GPIO_ReadOutputDataBit  stm32f10x_gpio.o
    0x08000b92   0x08000b92   0x0000000a   Code   RO          727    i.GPIO_WriteBit     stm32f10x_gpio.o
    0x08000b9c   0x08000b9c   0x0000004c   Code   RO          243    i.LLA_SYS_Time_Init  sys_tick.o
    0x08000be8   0x08000be8   0x00000034   Code   RO          478    i.List_Initialise   list.o
    0x08000c1c   0x08000c1c   0x0000008c   Code   RO          479    i.List_InserOrderDec  list.o
    0x08000ca8   0x08000ca8   0x0000008c   Code   RO          480    i.List_InserOrderInc  list.o
    0x08000d34   0x08000d34   0x00000068   Code   RO          481    i.List_InsertEnd    list.o
    0x08000d9c   0x08000d9c   0x00000084   Code   RO          482    i.List_Remove       list.o
    0x08000e20   0x08000e20   0x00000020   Code   RO          840    i.RCC_APB2PeriphClockCmd  stm32f10x_rcc.o
    0x08000e40   0x08000e40   0x000000d4   Code   RO          848    i.RCC_GetClocksFreq  stm32f10x_rcc.o
    0x08000f14   0x08000f14   0x00000008   Code   RO         1247    i.SetSysClock       system_stm32f10x.o
    0x08000f1c   0x08000f1c   0x000000e0   Code   RO         1248    i.SetSysClockTo72   system_stm32f10x.o
    0x08000ffc   0x08000ffc   0x0000004c   Code   RO          244    i.SysTick_Handler   sys_tick.o
    0x08001048   0x08001048   0x000000a4   Code   RO         1249    i.SystemCoreClockUpdate  system_stm32f10x.o
    0x080010ec   0x080010ec   0x00000060   Code   RO         1250    i.SystemInit        system_stm32f10x.o
    0x0800114c   0x0800114c   0x00000018   Code   RO         1052    i.USART_Cmd         stm32f10x_usart.o
    0x08001164   0x08001164   0x000000d8   Code   RO         1059    i.USART_Init        stm32f10x_usart.o
    0x0800123c   0x0800123c   0x00000028   Code   RO          245    i.__NVIC_SetPriority  sys_tick.o
    0x08001264   0x08001264   0x00000004   Code   RO          182    i._sys_exit         stdio.o
    0x08001268   0x08001268   0x0000001c   Code   RO          183    i.fputc             stdio.o
    0x08001284   0x08001284   0x00000006   Code   RO          386    i.idle_task         os.o
    0x0800128a   0x0800128a   0x00000002   PAD
    0x0800128c   0x0800128c   0x00000024   Code   RO            2    i.led0Task          main.o
    0x080012b0   0x080012b0   0x00000020   Code   RO            3    i.led0Task_create   main.o
    0x080012d0   0x080012d0   0x00000034   Code   RO            4    i.led1Task          main.o
    0x08001304   0x08001304   0x00000020   Code   RO            5    i.led1Task_create   main.o
    0x08001324   0x08001324   0x00000054   Code   RO          623    i.led_init          led.o
    0x08001378   0x08001378   0x00000050   Code   RO          625    i.led_toggle        led.o
    0x080013c8   0x080013c8   0x0000001e   Code   RO          483    i.list_InsertPosAfter  list.o
    0x080013e6   0x080013e6   0x0000001e   Code   RO          484    i.list_InsertPosBefore  list.o
    0x08001404   0x08001404   0x00000090   Code   RO            6    i.main              main.o
    0x08001494   0x08001494   0x000000a0   Code   RO          585    i.osQueueResumeTask  os_queue.o
    0x08001534   0x08001534   0x000000a4   Code   RO          285    i.os_checkDelayList  os_task.o
    0x080015d8   0x080015d8   0x00000014   Code   RO          362    i.os_cpu_req_svc    os_cpu.o
    0x080015ec   0x080015ec   0x0000002c   Code   RO          388    i.os_init           os.o
    0x08001618   0x08001618   0x00000042   Code   RO          586    i.os_queue_create   os_queue.o
    0x0800165a   0x0800165a   0x00000002   PAD
    0x0800165c   0x0800165c   0x000000a8   Code   RO          587    i.os_queue_read     os_queue.o
    0x08001704   0x08001704   0x000000a8   Code   RO          588    i.os_queue_write    os_queue.o
    0x080017ac   0x080017ac   0x00000028   Code   RO          389    i.os_resume         os.o
    0x080017d4   0x080017d4   0x00000080   Code   RO          286    i.os_selectNextPrioityHighestTask  os_task.o
    0x08001854   0x08001854   0x00000034   Code   RO          390    i.os_start          os.o
    0x08001888   0x08001888   0x0000000c   Code   RO          391    i.os_state          os.o
    0x08001894   0x08001894   0x0000001c   Code   RO          392    i.os_suspend        os.o
    0x080018b0   0x080018b0   0x00000020   Code   RO          287    i.os_switchTaskTCB  os_task.o
    0x080018d0   0x080018d0   0x0000011c   Code   RO          288    i.os_task_create    os_task.o
    0x080019ec   0x080019ec   0x00000050   Code   RO          289    i.os_task_delay     os_task.o
    0x08001a3c   0x08001a3c   0x00000024   Code   RO          291    i.os_task_errorExit  os_task.o
    0x08001a60   0x08001a60   0x00000008   Code   RO          393    i.os_yiled          os.o
    0x08001a68   0x08001a68   0x00000014   Code   RO          394    i.pendSVC_enter     os.o
    0x08001a7c   0x08001a7c   0x0000000c   Code   RO          395    i.pendSVC_exit      os.o
    0x08001a88   0x08001a88   0x00000010   Code   RO          524    i.queue_convert_index  queue.o
    0x08001a98   0x08001a98   0x00000060   Code   RO          525    i.queue_create      queue.o
    0x08001af8   0x08001af8   0x00000052   Code   RO          526    i.queue_get_len     queue.o
    0x08001b4a   0x08001b4a   0x0000000e   Code   RO          527    i.queue_get_read_index  queue.o
    0x08001b58   0x08001b58   0x0000000e   Code   RO          528    i.queue_get_write_index  queue.o
    0x08001b66   0x08001b66   0x00000018   Code   RO          529    i.queue_isFull      queue.o
    0x08001b7e   0x08001b7e   0x00000036   Code   RO          530    i.queue_move_read_index  queue.o
    0x08001bb4   0x08001bb4   0x00000046   Code   RO          531    i.queue_move_write_index  queue.o
    0x08001bfa   0x08001bfa   0x0000004a   Code   RO          532    i.queue_read        queue.o
    0x08001c44   0x08001c44   0x0000004c   Code   RO          533    i.queue_write       queue.o
    0x08001c90   0x08001c90   0x00000034   Code   RO            7    i.task1             main.o
    0x08001cc4   0x08001cc4   0x0000003c   Code   RO            8    i.task2             main.o
    0x08001d00   0x08001d00   0x00000004   Code   RO            9    i.task6             main.o
    0x08001d04   0x08001d04   0x00000020   Code   RO           10    i.task6_create      main.o
    0x08001d24   0x08001d24   0x00000088   Code   RO          120    i.uart_init         uart.o
    0x08001dac   0x08001dac   0x0000002d   Data   RO           12    .conststrlit        main.o
    0x08001dd9   0x08001dd9   0x00000003   PAD
    0x08001ddc   0x08001ddc   0x00000020   Data   RO         1620    Region$$Table       anon$$obj.o
    0x08001dfc   0x08001dfc   0x00000018   Data   RO           13    osTaskCreate        main.o


    Execution Region RW_IRAM1 (Exec base: 0x20000000, Load base: 0x08001e14, Size: 0x00001498, Max: 0x00005000, ABSOLUTE)

    Exec Addr    Load Addr    Size         Type   Attr      Idx    E Section Name        Object

    0x20000000   0x08001e14   0x00000004   Data   RW          188    .data               stdio.o
    0x20000004   0x08001e18   0x0000000c   Data   RW          246    .data               sys_tick.o
    0x20000010   0x08001e24   0x00000009   Data   RW          295    .data               os_task.o
    0x20000019   0x08001e2d   0x00000003   PAD
    0x2000001c   0x08001e30   0x00000008   Data   RW          397    .data               os.o
    0x20000024   0x08001e38   0x00000014   Data   RW          868    .data               stm32f10x_rcc.o
    0x20000038   0x08001e4c   0x00000014   Data   RW         1251    .data               system_stm32f10x.o
    0x2000004c        -       0x00000b08   Zero   RW           11    .bss                main.o
    0x20000b54        -       0x000000b4   Zero   RW          294    .bss                os_task.o
    0x20000c08        -       0x0000022c   Zero   RW          396    .bss                os.o
    0x20000e34        -       0x00000060   Zero   RW         1491    .bss                c_w.l(libspace.o)
    0x20000e94   0x08001e60   0x00000004   PAD
    0x20000e98        -       0x00000200   Zero   RW         1238    HEAP                startup_stm32f10x_md.o
    0x20001098        -       0x00000400   Zero   RW         1237    STACK               startup_stm32f10x_md.o


==============================================================================

Image component sizes


      Code (inc. data)   RO Data    RW Data    ZI Data      Debug   Object Name

        96          8          0          0          0        268   cpu.o
       164         18          0          0          0        960   led.o
       628        138          0          0          0       4047   list.o
       444        160         69          0       2824      14088   main.o
       222         58          0          8        556       4439   os.o
        20          4          0          0          0        381   os_cpu.o
       562         44          0          0          0       4100   os_queue.o
       724         76          0          9        180       4552   os_task.o
       520          0          0          0          0       6317   queue.o
        64         26        236          0       1536        800   startup_stm32f10x_md.o
        32          6          0          4          0       2734   stdio.o
       306          0          0          0          0       3645   stm32f10x_gpio.o
       244         26          0         20          0       4273   stm32f10x_rcc.o
       240          6          0          0          0       3245   stm32f10x_usart.o
       192         28          0         12          0      28709   sys_tick.o
       492         50          0         20          0       2933   system_stm32f10x.o
       136          8          0          0          0     227600   uart.o

    ----------------------------------------------------------------------
      5090        656        340         76       5096     313091   Object Totals
         0          0         32          0          0          0   (incl. Generated)
         4          0          3          3          0          0   (incl. Padding)

    ----------------------------------------------------------------------

      Code (inc. data)   RO Data    RW Data    ZI Data      Debug   Library Member Name

         8          0          0          0          0         68   __main.o
       104          0          0          0          0         84   __printf.o
         0          0          0          0          0          0   __rtentry.o
        12          0          0          0          0          0   __rtentry2.o
         6          0          0          0          0          0   __rtentry4.o
        52          8          0          0          0          0   __scatter.o
        26          0          0          0          0          0   __scatter_copy.o
        28          0          0          0          0          0   __scatter_zi.o
        48          6          0          0          0         96   _printf_char_common.o
        36          4          0          0          0         80   _printf_char_file.o
         6          0          0          0          0          0   _printf_d.o
       120         16          0          0          0         92   _printf_dec.o
       178          0          0          0          0         88   _printf_intcommon.o
         0          0          0          0          0          0   _printf_percent.o
         4          0          0          0          0          0   _printf_percent_end.o
        22          0          0          0          0         80   abort.o
       128         42          0          0          0         76   assert.o
        20          0          0          0          0         76   assert_puts.o
        40          0          0          0          0         80   calloc.o
        48         34          0          0          0         76   defsig_abrt_inner.o
        14          0          0          0          0         80   defsig_abrt_outer.o
        10          0          0          0          0         68   defsig_exit.o
        50          0          0          0          0         88   defsig_general.o
        80         58          0          0          0         76   defsig_rtmem_inner.o
        14          0          0          0          0         80   defsig_rtmem_outer.o
        18          0          0          0          0         80   exit.o
         8          0          0          0          0         68   ferror.o
        94          0          0          0          0         80   h1_alloc.o
        52          0          0          0          0         68   h1_extend.o
        78          0          0          0          0         80   h1_free.o
        14          0          0          0          0         84   h1_init.o
         6          0          0          0          0        152   heapauxi.o
         4          0          0          0          0        136   hguard.o
         0          0          0          0          0          0   indicate_semi.o
       138          0          0          0          0        168   init_alloc.o
         2          0          0          0          0          0   libinit.o
        10          0          0          0          0          0   libinit2.o
         2          0          0          0          0          0   libshutdown.o
         2          0          0          0          0          0   libshutdown2.o
         8          4          0          0         96         68   libspace.o
         0          0          0          0          0          0   maybetermalloc1.o
        24          4          0          0          0         84   noretval__2printf.o
         8          4          0          0          0         68   rt_heap_descriptor_intlibspace.o
        68          0          0          0          0         68   rt_memclr.o
        78          0          0          0          0         80   rt_memclr_w.o
       138          0          0          0          0         68   rt_memcpy_v6.o
       100          0          0          0          0         80   rt_memcpy_w.o
       132          0          0          0          0         68   rt_memmove_v6.o
       122          0          0          0          0         80   rt_memmove_w.o
         2          0          0          0          0          0   rtexit.o
        10          0          0          0          0          0   rtexit2.o
        74          0          0          0          0         80   sys_stackheap_outer.o
        14          0          0          0          0         76   sys_wrch.o
         2          0          0          0          0         68   use_no_semi.o

    ----------------------------------------------------------------------
      2270        180          0          0        100       3092   Library Totals
         8          0          0          0          4          0   (incl. Padding)

    ----------------------------------------------------------------------

      Code (inc. data)   RO Data    RW Data    ZI Data      Debug   Library Name

      2262        180          0          0         96       3092   c_w.l

    ----------------------------------------------------------------------
      2270        180          0          0        100       3092   Library Totals

    ----------------------------------------------------------------------

==============================================================================


      Code (inc. data)   RO Data    RW Data    ZI Data      Debug   

      7360        836        340         76       5196     311291   Grand Totals
      7360        836        340         76       5196     311291   ELF Image Totals
      7360        836        340         76          0          0   ROM Totals

==============================================================================

    Total RO  Size (Code + RO Data)                 7700 (   7.52kB)
    Total RW  Size (RW Data + ZI Data)              5272 (   5.15kB)
    Total ROM Size (Code + RO Data + RW Data)       7776 (   7.59kB)

==============================================================================

